../../../../../../../../Drivers/STM32N6xx_HAL_Driver/Inc/stm32n6xx_ll_bus.h:1407:22:LL_AHB4_GRP1_EnableClock	1
D:/dev/AI/Samples/stm/STM32CubeN6/Projects/NUCLEO-N657X0-Q/Examples/I2C/I2C_TwoBoards_MultiMasterIT_Master/FSBL/Src/main.c:86:5:main	8
D:/dev/AI/Samples/stm/STM32CubeN6/Projects/NUCLEO-N657X0-Q/Examples/I2C/I2C_TwoBoards_MultiMasterIT_Master/FSBL/Src/main.c:196:6:SystemClock_Config	9
D:/dev/AI/Samples/stm/STM32CubeN6/Projects/NUCLEO-N657X0-Q/Examples/I2C/I2C_TwoBoards_MultiMasterIT_Master/FSBL/Src/main.c:297:6:PeriphCommonClock_Config	2
D:/dev/AI/Samples/stm/STM32CubeN6/Projects/NUCLEO-N657X0-Q/Examples/I2C/I2C_TwoBoards_MultiMasterIT_Master/FSBL/Src/main.c:316:13:MX_I2C1_Init	5
D:/dev/AI/Samples/stm/STM32CubeN6/Projects/NUCLEO-N657X0-Q/Examples/I2C/I2C_TwoBoards_MultiMasterIT_Master/FSBL/Src/main.c:371:13:MX_I2C4_Init	5
D:/dev/AI/Samples/stm/STM32CubeN6/Projects/NUCLEO-N657X0-Q/Examples/I2C/I2C_TwoBoards_MultiMasterIT_Master/FSBL/Src/main.c:426:13:MX_TIM1_Init	7
D:/dev/AI/Samples/stm/STM32CubeN6/Projects/NUCLEO-N657X0-Q/Examples/I2C/I2C_TwoBoards_MultiMasterIT_Master/FSBL/Src/main.c:490:13:MX_GPIO_Init	1
D:/dev/AI/Samples/stm/STM32CubeN6/Projects/NUCLEO-N657X0-Q/Examples/I2C/I2C_TwoBoards_MultiMasterIT_Master/FSBL/Src/main.c:510:6:HAL_I2C_MasterTxCpltCallback	1
D:/dev/AI/Samples/stm/STM32CubeN6/Projects/NUCLEO-N657X0-Q/Examples/I2C/I2C_TwoBoards_MultiMasterIT_Master/FSBL/Src/main.c:522:6:HAL_I2C_ErrorCallback	2
D:/dev/AI/Samples/stm/STM32CubeN6/Projects/NUCLEO-N657X0-Q/Examples/I2C/I2C_TwoBoards_MultiMasterIT_Master/FSBL/Src/main.c:543:6:HAL_TIM_PeriodElapsedCallback	4
D:/dev/AI/Samples/stm/STM32CubeN6/Projects/NUCLEO-N657X0-Q/Examples/I2C/I2C_TwoBoards_MultiMasterIT_Master/FSBL/Src/main.c:565:6:Error_Handler	1
