../../../../../../../../Drivers/STM32N6xx_HAL_Driver/Inc/stm32n6xx_ll_bus.h:1407:22:LL_AHB4_GRP1_EnableClock	24	static
D:/dev/AI/Samples/stm/STM32CubeN6/Projects/NUCLEO-N657X0-Q/Examples/I2C/I2C_TwoBoards_MultiMasterIT_Master/FSBL/Src/main.c:86:5:main	8	static,ignoring_inline_asm
D:/dev/AI/Samples/stm/STM32CubeN6/Projects/NUCLEO-N657X0-Q/Examples/I2C/I2C_TwoBoards_MultiMasterIT_Master/FSBL/Src/main.c:196:6:SystemClock_Config	224	static
D:/dev/AI/Samples/stm/STM32CubeN6/Projects/NUCLEO-N657X0-Q/Examples/I2C/I2C_TwoBoards_MultiMasterIT_Master/FSBL/Src/main.c:297:6:PeriphCommonClock_Config	408	static
D:/dev/AI/Samples/stm/STM32CubeN6/Projects/NUCLEO-N657X0-Q/Examples/I2C/I2C_TwoBoards_MultiMasterIT_Master/FSBL/Src/main.c:316:13:MX_I2C1_Init	8	static
D:/dev/AI/Samples/stm/STM32CubeN6/Projects/NUCLEO-N657X0-Q/Examples/I2C/I2C_TwoBoards_MultiMasterIT_Master/FSBL/Src/main.c:371:13:MX_I2C4_Init	8	static
D:/dev/AI/Samples/stm/STM32CubeN6/Projects/NUCLEO-N657X0-Q/Examples/I2C/I2C_TwoBoards_MultiMasterIT_Master/FSBL/Src/main.c:426:13:MX_TIM1_Init	56	static
D:/dev/AI/Samples/stm/STM32CubeN6/Projects/NUCLEO-N657X0-Q/Examples/I2C/I2C_TwoBoards_MultiMasterIT_Master/FSBL/Src/main.c:490:13:MX_GPIO_Init	8	static
D:/dev/AI/Samples/stm/STM32CubeN6/Projects/NUCLEO-N657X0-Q/Examples/I2C/I2C_TwoBoards_MultiMasterIT_Master/FSBL/Src/main.c:510:6:HAL_I2C_MasterTxCpltCallback	16	static
D:/dev/AI/Samples/stm/STM32CubeN6/Projects/NUCLEO-N657X0-Q/Examples/I2C/I2C_TwoBoards_MultiMasterIT_Master/FSBL/Src/main.c:522:6:HAL_I2C_ErrorCallback	16	static
D:/dev/AI/Samples/stm/STM32CubeN6/Projects/NUCLEO-N657X0-Q/Examples/I2C/I2C_TwoBoards_MultiMasterIT_Master/FSBL/Src/main.c:543:6:HAL_TIM_PeriodElapsedCallback	16	static
D:/dev/AI/Samples/stm/STM32CubeN6/Projects/NUCLEO-N657X0-Q/Examples/I2C/I2C_TwoBoards_MultiMasterIT_Master/FSBL/Src/main.c:565:6:Error_Handler	8	static,ignoring_inline_asm
