D:/dev/AI/Samples/stm/STM32CubeN6/Drivers/STM32N6xx_HAL_Driver/Src/stm32n6xx_hal_pwr.c:183:6:HAL_PWR_DeInit	4	static
D:/dev/AI/Samples/stm/STM32CubeN6/Drivers/STM32N6xx_HAL_Driver/Src/stm32n6xx_hal_pwr.c:195:6:HAL_PWR_EnableBkUpAccess	4	static
D:/dev/AI/Samples/stm/STM32CubeN6/Drivers/STM32N6xx_HAL_Driver/Src/stm32n6xx_hal_pwr.c:206:6:HAL_PWR_DisableBkUpAccess	4	static
D:/dev/AI/Samples/stm/STM32CubeN6/Drivers/STM32N6xx_HAL_Driver/Src/stm32n6xx_hal_pwr.c:365:6:HAL_PWR_ConfigPVD	16	static
D:/dev/AI/Samples/stm/STM32CubeN6/Drivers/STM32N6xx_HAL_Driver/Src/stm32n6xx_hal_pwr.c:405:6:HAL_PWR_EnablePVD	4	static
D:/dev/AI/Samples/stm/STM32CubeN6/Drivers/STM32N6xx_HAL_Driver/Src/stm32n6xx_hal_pwr.c:414:6:HAL_PWR_DisablePVD	4	static
D:/dev/AI/Samples/stm/STM32CubeN6/Drivers/STM32N6xx_HAL_Driver/Src/stm32n6xx_hal_pwr.c:437:6:HAL_PWR_EnableWakeUpPin	16	static
D:/dev/AI/Samples/stm/STM32CubeN6/Drivers/STM32N6xx_HAL_Driver/Src/stm32n6xx_hal_pwr.c:463:6:HAL_PWR_DisableWakeUpPin	16	static
D:/dev/AI/Samples/stm/STM32CubeN6/Drivers/STM32N6xx_HAL_Driver/Src/stm32n6xx_hal_pwr.c:484:10:HAL_PWR_GetWakeupFlag	16	static
D:/dev/AI/Samples/stm/STM32CubeN6/Drivers/STM32N6xx_HAL_Driver/Src/stm32n6xx_hal_pwr.c:505:19:HAL_PWR_ClearWakeupFlag	16	static
D:/dev/AI/Samples/stm/STM32CubeN6/Drivers/STM32N6xx_HAL_Driver/Src/stm32n6xx_hal_pwr.c:540:6:HAL_PWR_EnterSLEEPMode	16	static,ignoring_inline_asm
D:/dev/AI/Samples/stm/STM32CubeN6/Drivers/STM32N6xx_HAL_Driver/Src/stm32n6xx_hal_pwr.c:593:6:HAL_PWR_EnterSTOPMode	16	static,ignoring_inline_asm
D:/dev/AI/Samples/stm/STM32CubeN6/Drivers/STM32N6xx_HAL_Driver/Src/stm32n6xx_hal_pwr.c:648:6:HAL_PWR_EnterSTANDBYMode	4	static,ignoring_inline_asm
D:/dev/AI/Samples/stm/STM32CubeN6/Drivers/STM32N6xx_HAL_Driver/Src/stm32n6xx_hal_pwr.c:673:6:HAL_PWR_EnableSleepOnExit	4	static
D:/dev/AI/Samples/stm/STM32CubeN6/Drivers/STM32N6xx_HAL_Driver/Src/stm32n6xx_hal_pwr.c:686:6:HAL_PWR_DisableSleepOnExit	4	static
D:/dev/AI/Samples/stm/STM32CubeN6/Drivers/STM32N6xx_HAL_Driver/Src/stm32n6xx_hal_pwr.c:699:6:HAL_PWR_EnableSEVOnPend	4	static
D:/dev/AI/Samples/stm/STM32CubeN6/Drivers/STM32N6xx_HAL_Driver/Src/stm32n6xx_hal_pwr.c:711:6:HAL_PWR_DisableSEVOnPend	4	static
D:/dev/AI/Samples/stm/STM32CubeN6/Drivers/STM32N6xx_HAL_Driver/Src/stm32n6xx_hal_pwr.c:721:13:HAL_PWR_PVD_Rising_Callback	4	static
D:/dev/AI/Samples/stm/STM32CubeN6/Drivers/STM32N6xx_HAL_Driver/Src/stm32n6xx_hal_pwr.c:732:13:HAL_PWR_PVD_Falling_Callback	4	static
D:/dev/AI/Samples/stm/STM32CubeN6/Drivers/STM32N6xx_HAL_Driver/Src/stm32n6xx_hal_pwr.c:744:6:HAL_PWR_WAKEUP_PIN_IRQHandler	8	static
D:/dev/AI/Samples/stm/STM32CubeN6/Drivers/STM32N6xx_HAL_Driver/Src/stm32n6xx_hal_pwr.c:788:13:HAL_PWR_WKUP1_Callback	4	static
D:/dev/AI/Samples/stm/STM32CubeN6/Drivers/STM32N6xx_HAL_Driver/Src/stm32n6xx_hal_pwr.c:799:13:HAL_PWR_WKUP2_Callback	4	static
D:/dev/AI/Samples/stm/STM32CubeN6/Drivers/STM32N6xx_HAL_Driver/Src/stm32n6xx_hal_pwr.c:810:13:HAL_PWR_WKUP3_Callback	4	static
D:/dev/AI/Samples/stm/STM32CubeN6/Drivers/STM32N6xx_HAL_Driver/Src/stm32n6xx_hal_pwr.c:821:13:HAL_PWR_WKUP4_Callback	4	static
D:/dev/AI/Samples/stm/STM32CubeN6/Drivers/STM32N6xx_HAL_Driver/Src/stm32n6xx_hal_pwr.c:902:6:HAL_PWR_ConfigAttributes	16	static
D:/dev/AI/Samples/stm/STM32CubeN6/Drivers/STM32N6xx_HAL_Driver/Src/stm32n6xx_hal_pwr.c:965:19:HAL_PWR_GetConfigAttributes	24	static
