../../../../../../../../Drivers/CMSIS/Include/core_cm55.h:3887:22:__NVIC_SetPriorityGrouping	24	static
../../../../../../../../Drivers/CMSIS/Include/core_cm55.h:3906:26:__NVIC_GetPriorityGrouping	4	static
../../../../../../../../Drivers/CMSIS/Include/core_cm55.h:3918:22:__NVIC_EnableIRQ	16	static,ignoring_inline_asm
../../../../../../../../Drivers/CMSIS/Include/core_cm55.h:3956:22:__NVIC_DisableIRQ	16	static,ignoring_inline_asm
../../../../../../../../Drivers/CMSIS/Include/core_cm55.h:3975:26:__NVIC_GetPendingIRQ	16	static
../../../../../../../../Drivers/CMSIS/Include/core_cm55.h:3994:22:__NVIC_SetPendingIRQ	16	static
../../../../../../../../Drivers/CMSIS/Include/core_cm55.h:4009:22:__NVIC_ClearPendingIRQ	16	static
../../../../../../../../Drivers/CMSIS/Include/core_cm55.h:4026:26:__NVIC_GetActive	16	static
../../../../../../../../Drivers/CMSIS/Include/core_cm55.h:4115:22:__NVIC_SetPriority	16	static
../../../../../../../../Drivers/CMSIS/Include/core_cm55.h:4137:26:__NVIC_GetPriority	16	static
../../../../../../../../Drivers/CMSIS/Include/core_cm55.h:4162:26:NVIC_EncodePriority	40	static
../../../../../../../../Drivers/CMSIS/Include/core_cm55.h:4189:22:NVIC_DecodePriority	40	static
../../../../../../../../Drivers/CMSIS/Include/core_cm55.h:4239:34:__NVIC_SystemReset	4	static,ignoring_inline_asm
../../../../../../../../Drivers/CMSIS/Include/core_cm55.h:4771:26:SysTick_Config	16	static
D:/dev/AI/Samples/stm/STM32CubeN6/Drivers/STM32N6xx_HAL_Driver/Src/stm32n6xx_hal_cortex.c:227:6:HAL_NVIC_SetPriorityGrouping	16	static
D:/dev/AI/Samples/stm/STM32CubeN6/Drivers/STM32N6xx_HAL_Driver/Src/stm32n6xx_hal_cortex.c:250:6:HAL_NVIC_SetPriority	32	static
D:/dev/AI/Samples/stm/STM32CubeN6/Drivers/STM32N6xx_HAL_Driver/Src/stm32n6xx_hal_cortex.c:274:6:HAL_NVIC_EnableIRQ	16	static
D:/dev/AI/Samples/stm/STM32CubeN6/Drivers/STM32N6xx_HAL_Driver/Src/stm32n6xx_hal_cortex.c:291:6:HAL_NVIC_DisableIRQ	16	static
D:/dev/AI/Samples/stm/STM32CubeN6/Drivers/STM32N6xx_HAL_Driver/Src/stm32n6xx_hal_cortex.c:304:18:HAL_NVIC_SystemReset	8	static
D:/dev/AI/Samples/stm/STM32CubeN6/Drivers/STM32N6xx_HAL_Driver/Src/stm32n6xx_hal_cortex.c:317:10:HAL_SYSTICK_Config	16	static
D:/dev/AI/Samples/stm/STM32CubeN6/Drivers/STM32N6xx_HAL_Driver/Src/stm32n6xx_hal_cortex.c:345:10:HAL_NVIC_GetPriorityGrouping	8	static
D:/dev/AI/Samples/stm/STM32CubeN6/Drivers/STM32N6xx_HAL_Driver/Src/stm32n6xx_hal_cortex.c:373:6:HAL_NVIC_GetPriority	24	static
D:/dev/AI/Samples/stm/STM32CubeN6/Drivers/STM32N6xx_HAL_Driver/Src/stm32n6xx_hal_cortex.c:391:6:HAL_NVIC_SetPendingIRQ	16	static
D:/dev/AI/Samples/stm/STM32CubeN6/Drivers/STM32N6xx_HAL_Driver/Src/stm32n6xx_hal_cortex.c:410:10:HAL_NVIC_GetPendingIRQ	16	static
D:/dev/AI/Samples/stm/STM32CubeN6/Drivers/STM32N6xx_HAL_Driver/Src/stm32n6xx_hal_cortex.c:427:6:HAL_NVIC_ClearPendingIRQ	16	static
D:/dev/AI/Samples/stm/STM32CubeN6/Drivers/STM32N6xx_HAL_Driver/Src/stm32n6xx_hal_cortex.c:445:10:HAL_NVIC_GetActive	16	static
D:/dev/AI/Samples/stm/STM32CubeN6/Drivers/STM32N6xx_HAL_Driver/Src/stm32n6xx_hal_cortex.c:459:6:HAL_SYSTICK_CLKSourceConfig	16	static
D:/dev/AI/Samples/stm/STM32CubeN6/Drivers/STM32N6xx_HAL_Driver/Src/stm32n6xx_hal_cortex.c:471:6:HAL_SYSTICK_IRQHandler	8	static
D:/dev/AI/Samples/stm/STM32CubeN6/Drivers/STM32N6xx_HAL_Driver/Src/stm32n6xx_hal_cortex.c:480:13:HAL_SYSTICK_Callback	4	static
D:/dev/AI/Samples/stm/STM32CubeN6/Drivers/STM32N6xx_HAL_Driver/Src/stm32n6xx_hal_cortex.c:491:6:HAL_CORTEX_ClearEvent	4	static,ignoring_inline_asm
D:/dev/AI/Samples/stm/STM32CubeN6/Drivers/STM32N6xx_HAL_Driver/Src/stm32n6xx_hal_cortex.c:508:6:HAL_MPU_Enable	16	static,ignoring_inline_asm
D:/dev/AI/Samples/stm/STM32CubeN6/Drivers/STM32N6xx_HAL_Driver/Src/stm32n6xx_hal_cortex.c:535:6:HAL_MPU_Enable_NS	16	static,ignoring_inline_asm
D:/dev/AI/Samples/stm/STM32CubeN6/Drivers/STM32N6xx_HAL_Driver/Src/stm32n6xx_hal_cortex.c:555:6:HAL_MPU_Disable	4	static,ignoring_inline_asm
D:/dev/AI/Samples/stm/STM32CubeN6/Drivers/STM32N6xx_HAL_Driver/Src/stm32n6xx_hal_cortex.c:575:6:HAL_MPU_Disable_NS	4	static,ignoring_inline_asm
D:/dev/AI/Samples/stm/STM32CubeN6/Drivers/STM32N6xx_HAL_Driver/Src/stm32n6xx_hal_cortex.c:595:6:HAL_MPU_EnableRegion	16	static
D:/dev/AI/Samples/stm/STM32CubeN6/Drivers/STM32N6xx_HAL_Driver/Src/stm32n6xx_hal_cortex.c:612:6:HAL_MPU_EnableRegion_NS	16	static
D:/dev/AI/Samples/stm/STM32CubeN6/Drivers/STM32N6xx_HAL_Driver/Src/stm32n6xx_hal_cortex.c:628:6:HAL_MPU_DisableRegion	16	static
D:/dev/AI/Samples/stm/STM32CubeN6/Drivers/STM32N6xx_HAL_Driver/Src/stm32n6xx_hal_cortex.c:645:6:HAL_MPU_DisableRegion_NS	16	static
D:/dev/AI/Samples/stm/STM32CubeN6/Drivers/STM32N6xx_HAL_Driver/Src/stm32n6xx_hal_cortex.c:665:6:HAL_MPU_ConfigRegion	16	static
D:/dev/AI/Samples/stm/STM32CubeN6/Drivers/STM32N6xx_HAL_Driver/Src/stm32n6xx_hal_cortex.c:677:6:HAL_MPU_ConfigRegion_NS	16	static
D:/dev/AI/Samples/stm/STM32CubeN6/Drivers/STM32N6xx_HAL_Driver/Src/stm32n6xx_hal_cortex.c:689:6:HAL_MPU_ConfigMemoryAttributes	16	static
D:/dev/AI/Samples/stm/STM32CubeN6/Drivers/STM32N6xx_HAL_Driver/Src/stm32n6xx_hal_cortex.c:701:6:HAL_MPU_ConfigMemoryAttributes_NS	16	static
D:/dev/AI/Samples/stm/STM32CubeN6/Drivers/STM32N6xx_HAL_Driver/Src/stm32n6xx_hal_cortex.c:718:13:MPU_ConfigRegion	16	static
D:/dev/AI/Samples/stm/STM32CubeN6/Drivers/STM32N6xx_HAL_Driver/Src/stm32n6xx_hal_cortex.c:748:13:MPU_ConfigMemoryAttributes	32	static
