C:/Users/ANDY-TP-001/STM32Cube/Repository/STM32Cube_FW_N6_V1.3.0/Drivers/STM32N6xx_HAL_Driver/Inc/stm32n6xx_ll_bus.h:1407:22:LL_AHB4_GRP1_EnableClock	24	static
D:/dev/AI/Samples/stm/STM32CubeN6/Projects/NUCLEO-N657X0-Q/Examples/I2C/I2C_TwoBoards_ComPolling/FSBL/Src/main.c:80:5:main	24	static,ignoring_inline_asm
D:/dev/AI/Samples/stm/STM32CubeN6/Projects/NUCLEO-N657X0-Q/Examples/I2C/I2C_TwoBoards_ComPolling/FSBL/Src/main.c:253:6:SystemClock_Config	224	static
D:/dev/AI/Samples/stm/STM32CubeN6/Projects/NUCLEO-N657X0-Q/Examples/I2C/I2C_TwoBoards_ComPolling/FSBL/Src/main.c:355:13:MX_I2C1_Init	8	static
D:/dev/AI/Samples/stm/STM32CubeN6/Projects/NUCLEO-N657X0-Q/Examples/I2C/I2C_TwoBoards_ComPolling/FSBL/Src/main.c:410:13:MX_GPIO_Init	8	static
D:/dev/AI/Samples/stm/STM32CubeN6/Projects/NUCLEO-N657X0-Q/Examples/I2C/I2C_TwoBoards_ComPolling/FSBL/Src/main.c:430:17:Buffercmp	24	static
D:/dev/AI/Samples/stm/STM32CubeN6/Projects/NUCLEO-N657X0-Q/Examples/I2C/I2C_TwoBoards_ComPolling/FSBL/Src/main.c:453:6:Error_Handler	8	static
