D:/dev/AI/Samples/stm/STM32CubeN6/Drivers/STM32N6xx_HAL_Driver/Src/stm32n6xx_hal_dma.c:275:19:HAL_DMA_Init	24	static
D:/dev/AI/Samples/stm/STM32CubeN6/Drivers/STM32N6xx_HAL_Driver/Src/stm32n6xx_hal_dma.c:385:19:HAL_DMA_DeInit	24	static
D:/dev/AI/Samples/stm/STM32CubeN6/Drivers/STM32N6xx_HAL_Driver/Src/stm32n6xx_hal_dma.c:512:19:HAL_DMA_Start	24	static
D:/dev/AI/Samples/stm/STM32CubeN6/Drivers/STM32N6xx_HAL_Driver/Src/stm32n6xx_hal_dma.c:567:19:HAL_DMA_Start_IT	24	static
D:/dev/AI/Samples/stm/STM32CubeN6/Drivers/STM32N6xx_HAL_Driver/Src/stm32n6xx_hal_dma.c:639:19:HAL_DMA_Abort	24	static
D:/dev/AI/Samples/stm/STM32CubeN6/Drivers/STM32N6xx_HAL_Driver/Src/stm32n6xx_hal_dma.c:731:19:HAL_DMA_Abort_IT	16	static
D:/dev/AI/Samples/stm/STM32CubeN6/Drivers/STM32N6xx_HAL_Driver/Src/stm32n6xx_hal_dma.c:767:19:HAL_DMA_PollForTransfer	40	static
D:/dev/AI/Samples/stm/STM32CubeN6/Drivers/STM32N6xx_HAL_Driver/Src/stm32n6xx_hal_dma.c:939:6:HAL_DMA_IRQHandler	32	static
D:/dev/AI/Samples/stm/STM32CubeN6/Drivers/STM32N6xx_HAL_Driver/Src/stm32n6xx_hal_dma.c:1175:19:HAL_DMA_RegisterCallback	32	static
D:/dev/AI/Samples/stm/STM32CubeN6/Drivers/STM32N6xx_HAL_Driver/Src/stm32n6xx_hal_dma.c:1254:19:HAL_DMA_UnRegisterCallback	24	static
D:/dev/AI/Samples/stm/STM32CubeN6/Drivers/STM32N6xx_HAL_Driver/Src/stm32n6xx_hal_dma.c:1362:22:HAL_DMA_GetState	16	static
D:/dev/AI/Samples/stm/STM32CubeN6/Drivers/STM32N6xx_HAL_Driver/Src/stm32n6xx_hal_dma.c:1374:10:HAL_DMA_GetError	16	static
D:/dev/AI/Samples/stm/STM32CubeN6/Drivers/STM32N6xx_HAL_Driver/Src/stm32n6xx_hal_dma.c:1418:19:HAL_DMA_ConfigChannelAttributes	24	static
D:/dev/AI/Samples/stm/STM32CubeN6/Drivers/STM32N6xx_HAL_Driver/Src/stm32n6xx_hal_dma.c:1506:19:HAL_DMA_GetConfigChannelAttributes	32	static
D:/dev/AI/Samples/stm/STM32CubeN6/Drivers/STM32N6xx_HAL_Driver/Src/stm32n6xx_hal_dma.c:1553:19:HAL_DMA_SetIsolationAttributes	16	static
D:/dev/AI/Samples/stm/STM32CubeN6/Drivers/STM32N6xx_HAL_Driver/Src/stm32n6xx_hal_dma.c:1591:19:HAL_DMA_GetIsolationAttributes	24	static
D:/dev/AI/Samples/stm/STM32CubeN6/Drivers/STM32N6xx_HAL_Driver/Src/stm32n6xx_hal_dma.c:1627:19:HAL_DMA_LockChannelAttributes	24	static
D:/dev/AI/Samples/stm/STM32CubeN6/Drivers/STM32N6xx_HAL_Driver/Src/stm32n6xx_hal_dma.c:1659:19:HAL_DMA_GetLockChannelAttributes	24	static
D:/dev/AI/Samples/stm/STM32CubeN6/Drivers/STM32N6xx_HAL_Driver/Src/stm32n6xx_hal_dma.c:1706:13:DMA_SetConfig	24	static
D:/dev/AI/Samples/stm/STM32CubeN6/Drivers/STM32N6xx_HAL_Driver/Src/stm32n6xx_hal_dma.c:1731:13:DMA_Init	24	static
