C:/Users/ANDY-TP-001/STM32Cube/Repository/STM32Cube_FW_N6_V1.3.0/Drivers/STM32N6xx_HAL_Driver/Inc/stm32n6xx_ll_rcc.h:1751:22:LL_RCC_HSE_SelectHSEAsDiv2Clock	4	static
C:/Users/ANDY-TP-001/STM32Cube/Repository/STM32Cube_FW_N6_V1.3.0/Drivers/STM32N6xx_HAL_Driver/Inc/stm32n6xx_ll_rcc.h:1761:22:LL_RCC_HSE_SelectHSEDiv2AsDiv2Clock	4	static
C:/Users/ANDY-TP-001/STM32Cube/Repository/STM32Cube_FW_N6_V1.3.0/Drivers/STM32N6xx_HAL_Driver/Inc/stm32n6xx_ll_rcc.h:1771:26:LL_RCC_HSE_IsSelectedHSEDiv2AsDiv2Clock	4	static
C:/Users/ANDY-TP-001/STM32Cube/Repository/STM32Cube_FW_N6_V1.3.0/Drivers/STM32N6xx_HAL_Driver/Inc/stm32n6xx_ll_rcc.h:1801:26:LL_RCC_HSE_IsReady	4	static
C:/Users/ANDY-TP-001/STM32Cube/Repository/STM32Cube_FW_N6_V1.3.0/Drivers/STM32N6xx_HAL_Driver/Inc/stm32n6xx_ll_rcc.h:1839:26:LL_RCC_HSI_IsReady	4	static
C:/Users/ANDY-TP-001/STM32Cube/Repository/STM32Cube_FW_N6_V1.3.0/Drivers/STM32N6xx_HAL_Driver/Inc/stm32n6xx_ll_rcc.h:1868:26:LL_RCC_HSI_GetDivider	4	static
C:/Users/ANDY-TP-001/STM32Cube/Repository/STM32Cube_FW_N6_V1.3.0/Drivers/STM32N6xx_HAL_Driver/Inc/stm32n6xx_ll_rcc.h:1973:26:LL_RCC_MSI_IsReady	4	static
C:/Users/ANDY-TP-001/STM32Cube/Repository/STM32Cube_FW_N6_V1.3.0/Drivers/STM32N6xx_HAL_Driver/Inc/stm32n6xx_ll_rcc.h:1998:26:LL_RCC_MSI_GetFrequency	4	static
C:/Users/ANDY-TP-001/STM32Cube/Repository/STM32Cube_FW_N6_V1.3.0/Drivers/STM32N6xx_HAL_Driver/Inc/stm32n6xx_ll_rcc.h:2086:22:LL_RCC_LSE_EnableCSS	4	static
C:/Users/ANDY-TP-001/STM32Cube/Repository/STM32Cube_FW_N6_V1.3.0/Drivers/STM32N6xx_HAL_Driver/Inc/stm32n6xx_ll_rcc.h:2098:22:LL_RCC_LSE_DisableCSS	4	static
C:/Users/ANDY-TP-001/STM32Cube/Repository/STM32Cube_FW_N6_V1.3.0/Drivers/STM32N6xx_HAL_Driver/Inc/stm32n6xx_ll_rcc.h:2120:22:LL_RCC_LSE_ReArmCSS	4	static
C:/Users/ANDY-TP-001/STM32Cube/Repository/STM32Cube_FW_N6_V1.3.0/Drivers/STM32N6xx_HAL_Driver/Inc/stm32n6xx_ll_rcc.h:2224:26:LL_RCC_LSE_IsReady	4	static
C:/Users/ANDY-TP-001/STM32Cube/Repository/STM32Cube_FW_N6_V1.3.0/Drivers/STM32N6xx_HAL_Driver/Inc/stm32n6xx_ll_rcc.h:2294:26:LL_RCC_LSI_IsReady	4	static
C:/Users/ANDY-TP-001/STM32Cube/Repository/STM32Cube_FW_N6_V1.3.0/Drivers/STM32N6xx_HAL_Driver/Inc/stm32n6xx_ll_rcc.h:2373:22:LL_RCC_SetSysWakeUpClkSource	16	static
C:/Users/ANDY-TP-001/STM32Cube/Repository/STM32Cube_FW_N6_V1.3.0/Drivers/STM32N6xx_HAL_Driver/Inc/stm32n6xx_ll_rcc.h:2422:26:LL_RCC_GetAHBPrescaler	4	static
C:/Users/ANDY-TP-001/STM32Cube/Repository/STM32Cube_FW_N6_V1.3.0/Drivers/STM32N6xx_HAL_Driver/Inc/stm32n6xx_ll_rcc.h:2459:26:LL_RCC_GetAPB1Prescaler	4	static
C:/Users/ANDY-TP-001/STM32Cube/Repository/STM32Cube_FW_N6_V1.3.0/Drivers/STM32N6xx_HAL_Driver/Inc/stm32n6xx_ll_rcc.h:2496:26:LL_RCC_GetAPB2Prescaler	4	static
C:/Users/ANDY-TP-001/STM32Cube/Repository/STM32Cube_FW_N6_V1.3.0/Drivers/STM32N6xx_HAL_Driver/Inc/stm32n6xx_ll_rcc.h:2533:26:LL_RCC_GetAPB4Prescaler	4	static
C:/Users/ANDY-TP-001/STM32Cube/Repository/STM32Cube_FW_N6_V1.3.0/Drivers/STM32N6xx_HAL_Driver/Inc/stm32n6xx_ll_rcc.h:2570:26:LL_RCC_GetAPB5Prescaler	4	static
C:/Users/ANDY-TP-001/STM32Cube/Repository/STM32Cube_FW_N6_V1.3.0/Drivers/STM32N6xx_HAL_Driver/Inc/stm32n6xx_ll_rcc.h:2925:22:LL_RCC_SetClockSource	24	static
C:/Users/ANDY-TP-001/STM32Cube/Repository/STM32Cube_FW_N6_V1.3.0/Drivers/STM32N6xx_HAL_Driver/Inc/stm32n6xx_ll_rcc.h:2947:26:LL_RCC_GetADCPrescaler	4	static
C:/Users/ANDY-TP-001/STM32Cube/Repository/STM32Cube_FW_N6_V1.3.0/Drivers/STM32N6xx_HAL_Driver/Inc/stm32n6xx_ll_rcc.h:2985:22:LL_RCC_SetADFClockSource	16	static
C:/Users/ANDY-TP-001/STM32Cube/Repository/STM32Cube_FW_N6_V1.3.0/Drivers/STM32N6xx_HAL_Driver/Inc/stm32n6xx_ll_rcc.h:3004:22:LL_RCC_SetCLKPClockSource	16	static
C:/Users/ANDY-TP-001/STM32Cube/Repository/STM32Cube_FW_N6_V1.3.0/Drivers/STM32N6xx_HAL_Driver/Inc/stm32n6xx_ll_rcc.h:3019:22:LL_RCC_SetDCMIPPClockSource	16	static
C:/Users/ANDY-TP-001/STM32Cube/Repository/STM32Cube_FW_N6_V1.3.0/Drivers/STM32N6xx_HAL_Driver/Inc/stm32n6xx_ll_rcc.h:3034:22:LL_RCC_SetETHClockSource	16	static
C:/Users/ANDY-TP-001/STM32Cube/Repository/STM32Cube_FW_N6_V1.3.0/Drivers/STM32N6xx_HAL_Driver/Inc/stm32n6xx_ll_rcc.h:3063:22:LL_RCC_SetETHPHYInterface	16	static
C:/Users/ANDY-TP-001/STM32Cube/Repository/STM32Cube_FW_N6_V1.3.0/Drivers/STM32N6xx_HAL_Driver/Inc/stm32n6xx_ll_rcc.h:3116:26:LL_RCC_GetETH1PTPDivider	4	static
C:/Users/ANDY-TP-001/STM32Cube/Repository/STM32Cube_FW_N6_V1.3.0/Drivers/STM32N6xx_HAL_Driver/Inc/stm32n6xx_ll_rcc.h:3129:22:LL_RCC_SetETHREFRXClockSource	16	static
C:/Users/ANDY-TP-001/STM32Cube/Repository/STM32Cube_FW_N6_V1.3.0/Drivers/STM32N6xx_HAL_Driver/Inc/stm32n6xx_ll_rcc.h:3142:22:LL_RCC_SetETHREFTXClockSource	16	static
C:/Users/ANDY-TP-001/STM32Cube/Repository/STM32Cube_FW_N6_V1.3.0/Drivers/STM32N6xx_HAL_Driver/Inc/stm32n6xx_ll_rcc.h:3157:22:LL_RCC_SetFDCANClockSource	16	static
C:/Users/ANDY-TP-001/STM32Cube/Repository/STM32Cube_FW_N6_V1.3.0/Drivers/STM32N6xx_HAL_Driver/Inc/stm32n6xx_ll_rcc.h:3172:22:LL_RCC_SetFMCClockSource	16	static
C:/Users/ANDY-TP-001/STM32Cube/Repository/STM32Cube_FW_N6_V1.3.0/Drivers/STM32N6xx_HAL_Driver/Inc/stm32n6xx_ll_rcc.h:3210:22:LL_RCC_SetI2CClockSource	16	static
C:/Users/ANDY-TP-001/STM32Cube/Repository/STM32Cube_FW_N6_V1.3.0/Drivers/STM32N6xx_HAL_Driver/Inc/stm32n6xx_ll_rcc.h:3234:22:LL_RCC_SetI3CClockSource	16	static
C:/Users/ANDY-TP-001/STM32Cube/Repository/STM32Cube_FW_N6_V1.3.0/Drivers/STM32N6xx_HAL_Driver/Inc/stm32n6xx_ll_rcc.h:3279:22:LL_RCC_SetLPTIMClockSource	16	static
C:/Users/ANDY-TP-001/STM32Cube/Repository/STM32Cube_FW_N6_V1.3.0/Drivers/STM32N6xx_HAL_Driver/Inc/stm32n6xx_ll_rcc.h:3297:22:LL_RCC_SetLPUARTClockSource	16	static
C:/Users/ANDY-TP-001/STM32Cube/Repository/STM32Cube_FW_N6_V1.3.0/Drivers/STM32N6xx_HAL_Driver/Inc/stm32n6xx_ll_rcc.h:3312:22:LL_RCC_SetLTDCClockSource	16	static
C:/Users/ANDY-TP-001/STM32Cube/Repository/STM32Cube_FW_N6_V1.3.0/Drivers/STM32N6xx_HAL_Driver/Inc/stm32n6xx_ll_rcc.h:3331:22:LL_RCC_SetMDFClockSource	16	static
C:/Users/ANDY-TP-001/STM32Cube/Repository/STM32Cube_FW_N6_V1.3.0/Drivers/STM32N6xx_HAL_Driver/Inc/stm32n6xx_ll_rcc.h:3351:22:LL_RCC_SetOTGPHYClockSource	16	static
C:/Users/ANDY-TP-001/STM32Cube/Repository/STM32Cube_FW_N6_V1.3.0/Drivers/STM32N6xx_HAL_Driver/Inc/stm32n6xx_ll_rcc.h:3367:22:LL_RCC_SetOTGPHYCKREFClockSource	16	static
C:/Users/ANDY-TP-001/STM32Cube/Repository/STM32Cube_FW_N6_V1.3.0/Drivers/STM32N6xx_HAL_Driver/Inc/stm32n6xx_ll_rcc.h:3382:22:LL_RCC_SetPSSIClockSource	16	static
C:/Users/ANDY-TP-001/STM32Cube/Repository/STM32Cube_FW_N6_V1.3.0/Drivers/STM32N6xx_HAL_Driver/Inc/stm32n6xx_ll_rcc.h:3410:22:LL_RCC_SetSAIClockSource	16	static
C:/Users/ANDY-TP-001/STM32Cube/Repository/STM32Cube_FW_N6_V1.3.0/Drivers/STM32N6xx_HAL_Driver/Inc/stm32n6xx_ll_rcc.h:3430:22:LL_RCC_SetSDMMCClockSource	16	static
C:/Users/ANDY-TP-001/STM32Cube/Repository/STM32Cube_FW_N6_V1.3.0/Drivers/STM32N6xx_HAL_Driver/Inc/stm32n6xx_ll_rcc.h:3448:22:LL_RCC_SetSPDIFRXClockSource	16	static
C:/Users/ANDY-TP-001/STM32Cube/Repository/STM32Cube_FW_N6_V1.3.0/Drivers/STM32N6xx_HAL_Driver/Inc/stm32n6xx_ll_rcc.h:3506:22:LL_RCC_SetSPIClockSource	16	static
C:/Users/ANDY-TP-001/STM32Cube/Repository/STM32Cube_FW_N6_V1.3.0/Drivers/STM32N6xx_HAL_Driver/Inc/stm32n6xx_ll_rcc.h:3556:22:LL_RCC_SetUSARTClockSource	16	static
C:/Users/ANDY-TP-001/STM32Cube/Repository/STM32Cube_FW_N6_V1.3.0/Drivers/STM32N6xx_HAL_Driver/Inc/stm32n6xx_ll_rcc.h:3653:22:LL_RCC_SetXSPIClockSource	16	static
C:/Users/ANDY-TP-001/STM32Cube/Repository/STM32Cube_FW_N6_V1.3.0/Drivers/STM32N6xx_HAL_Driver/Inc/stm32n6xx_ll_rcc.h:3938:26:LL_RCC_GetClockSource	24	static
C:/Users/ANDY-TP-001/STM32Cube/Repository/STM32Cube_FW_N6_V1.3.0/Drivers/STM32N6xx_HAL_Driver/Inc/stm32n6xx_ll_rcc.h:3959:26:LL_RCC_GetADCClockSource	16	static
C:/Users/ANDY-TP-001/STM32Cube/Repository/STM32Cube_FW_N6_V1.3.0/Drivers/STM32N6xx_HAL_Driver/Inc/stm32n6xx_ll_rcc.h:3980:26:LL_RCC_GetADFClockSource	16	static
C:/Users/ANDY-TP-001/STM32Cube/Repository/STM32Cube_FW_N6_V1.3.0/Drivers/STM32N6xx_HAL_Driver/Inc/stm32n6xx_ll_rcc.h:4001:26:LL_RCC_GetCLKPClockSource	16	static
C:/Users/ANDY-TP-001/STM32Cube/Repository/STM32Cube_FW_N6_V1.3.0/Drivers/STM32N6xx_HAL_Driver/Inc/stm32n6xx_ll_rcc.h:4018:26:LL_RCC_GetDCMIPPClockSource	16	static
C:/Users/ANDY-TP-001/STM32Cube/Repository/STM32Cube_FW_N6_V1.3.0/Drivers/STM32N6xx_HAL_Driver/Inc/stm32n6xx_ll_rcc.h:4035:26:LL_RCC_GetETHClockSource	16	static
C:/Users/ANDY-TP-001/STM32Cube/Repository/STM32Cube_FW_N6_V1.3.0/Drivers/STM32N6xx_HAL_Driver/Inc/stm32n6xx_ll_rcc.h:4052:26:LL_RCC_GetETHPTPClockSource	16	static
C:/Users/ANDY-TP-001/STM32Cube/Repository/STM32Cube_FW_N6_V1.3.0/Drivers/STM32N6xx_HAL_Driver/Inc/stm32n6xx_ll_rcc.h:4068:26:LL_RCC_GetETHPHYInterface	16	static
C:/Users/ANDY-TP-001/STM32Cube/Repository/STM32Cube_FW_N6_V1.3.0/Drivers/STM32N6xx_HAL_Driver/Inc/stm32n6xx_ll_rcc.h:4083:26:LL_RCC_GetETHREFRXClockSource	16	static
C:/Users/ANDY-TP-001/STM32Cube/Repository/STM32Cube_FW_N6_V1.3.0/Drivers/STM32N6xx_HAL_Driver/Inc/stm32n6xx_ll_rcc.h:4098:26:LL_RCC_GetETHREFTXClockSource	16	static
C:/Users/ANDY-TP-001/STM32Cube/Repository/STM32Cube_FW_N6_V1.3.0/Drivers/STM32N6xx_HAL_Driver/Inc/stm32n6xx_ll_rcc.h:4115:26:LL_RCC_GetFDCANClockSource	16	static
C:/Users/ANDY-TP-001/STM32Cube/Repository/STM32Cube_FW_N6_V1.3.0/Drivers/STM32N6xx_HAL_Driver/Inc/stm32n6xx_ll_rcc.h:4132:26:LL_RCC_GetFMCClockSource	16	static
C:/Users/ANDY-TP-001/STM32Cube/Repository/STM32Cube_FW_N6_V1.3.0/Drivers/STM32N6xx_HAL_Driver/Inc/stm32n6xx_ll_rcc.h:4175:26:LL_RCC_GetI2CClockSource	16	static
C:/Users/ANDY-TP-001/STM32Cube/Repository/STM32Cube_FW_N6_V1.3.0/Drivers/STM32N6xx_HAL_Driver/Inc/stm32n6xx_ll_rcc.h:4201:26:LL_RCC_GetI3CClockSource	16	static
C:/Users/ANDY-TP-001/STM32Cube/Repository/STM32Cube_FW_N6_V1.3.0/Drivers/STM32N6xx_HAL_Driver/Inc/stm32n6xx_ll_rcc.h:4253:26:LL_RCC_GetLPTIMClockSource	16	static
C:/Users/ANDY-TP-001/STM32Cube/Repository/STM32Cube_FW_N6_V1.3.0/Drivers/STM32N6xx_HAL_Driver/Inc/stm32n6xx_ll_rcc.h:4272:26:LL_RCC_GetLPUARTClockSource	16	static
C:/Users/ANDY-TP-001/STM32Cube/Repository/STM32Cube_FW_N6_V1.3.0/Drivers/STM32N6xx_HAL_Driver/Inc/stm32n6xx_ll_rcc.h:4289:26:LL_RCC_GetLTDCClockSource	16	static
C:/Users/ANDY-TP-001/STM32Cube/Repository/STM32Cube_FW_N6_V1.3.0/Drivers/STM32N6xx_HAL_Driver/Inc/stm32n6xx_ll_rcc.h:4310:26:LL_RCC_GetMDFClockSource	16	static
C:/Users/ANDY-TP-001/STM32Cube/Repository/STM32Cube_FW_N6_V1.3.0/Drivers/STM32N6xx_HAL_Driver/Inc/stm32n6xx_ll_rcc.h:4333:26:LL_RCC_GetOTGPHYClockSource	16	static
C:/Users/ANDY-TP-001/STM32Cube/Repository/STM32Cube_FW_N6_V1.3.0/Drivers/STM32N6xx_HAL_Driver/Inc/stm32n6xx_ll_rcc.h:4351:26:LL_RCC_GetOTGPHYCKREFClockSource	16	static
C:/Users/ANDY-TP-001/STM32Cube/Repository/STM32Cube_FW_N6_V1.3.0/Drivers/STM32N6xx_HAL_Driver/Inc/stm32n6xx_ll_rcc.h:4367:26:LL_RCC_GetPSSIClockSource	16	static
C:/Users/ANDY-TP-001/STM32Cube/Repository/STM32Cube_FW_N6_V1.3.0/Drivers/STM32N6xx_HAL_Driver/Inc/stm32n6xx_ll_rcc.h:4398:26:LL_RCC_GetSAIClockSource	16	static
C:/Users/ANDY-TP-001/STM32Cube/Repository/STM32Cube_FW_N6_V1.3.0/Drivers/STM32N6xx_HAL_Driver/Inc/stm32n6xx_ll_rcc.h:4420:26:LL_RCC_GetSDMMCClockSource	16	static
C:/Users/ANDY-TP-001/STM32Cube/Repository/STM32Cube_FW_N6_V1.3.0/Drivers/STM32N6xx_HAL_Driver/Inc/stm32n6xx_ll_rcc.h:4439:26:LL_RCC_GetSPDIFRXClockSource	16	static
C:/Users/ANDY-TP-001/STM32Cube/Repository/STM32Cube_FW_N6_V1.3.0/Drivers/STM32N6xx_HAL_Driver/Inc/stm32n6xx_ll_rcc.h:4504:26:LL_RCC_GetSPIClockSource	16	static
C:/Users/ANDY-TP-001/STM32Cube/Repository/STM32Cube_FW_N6_V1.3.0/Drivers/STM32N6xx_HAL_Driver/Inc/stm32n6xx_ll_rcc.h:4559:26:LL_RCC_GetUSARTClockSource	16	static
C:/Users/ANDY-TP-001/STM32Cube/Repository/STM32Cube_FW_N6_V1.3.0/Drivers/STM32N6xx_HAL_Driver/Inc/stm32n6xx_ll_rcc.h:4615:26:LL_RCC_GetUARTClockSource	16	static
C:/Users/ANDY-TP-001/STM32Cube/Repository/STM32Cube_FW_N6_V1.3.0/Drivers/STM32N6xx_HAL_Driver/Inc/stm32n6xx_ll_rcc.h:4645:26:LL_RCC_GetUSBClockSource	16	static
C:/Users/ANDY-TP-001/STM32Cube/Repository/STM32Cube_FW_N6_V1.3.0/Drivers/STM32N6xx_HAL_Driver/Inc/stm32n6xx_ll_rcc.h:4674:26:LL_RCC_GetXSPIClockSource	16	static
C:/Users/ANDY-TP-001/STM32Cube/Repository/STM32Cube_FW_N6_V1.3.0/Drivers/STM32N6xx_HAL_Driver/Inc/stm32n6xx_ll_rcc.h:4701:22:LL_RCC_SetRTCClockSource	16	static
C:/Users/ANDY-TP-001/STM32Cube/Repository/STM32Cube_FW_N6_V1.3.0/Drivers/STM32N6xx_HAL_Driver/Inc/stm32n6xx_ll_rcc.h:4715:26:LL_RCC_GetRTCClockSource	4	static
C:/Users/ANDY-TP-001/STM32Cube/Repository/STM32Cube_FW_N6_V1.3.0/Drivers/STM32N6xx_HAL_Driver/Inc/stm32n6xx_ll_rcc.h:4839:22:LL_RCC_SetRTC_HSEPrescaler	16	static
C:/Users/ANDY-TP-001/STM32Cube/Repository/STM32Cube_FW_N6_V1.3.0/Drivers/STM32N6xx_HAL_Driver/Inc/stm32n6xx_ll_rcc.h:4936:22:LL_RCC_SetTIMPrescaler	16	static
C:/Users/ANDY-TP-001/STM32Cube/Repository/STM32Cube_FW_N6_V1.3.0/Drivers/STM32N6xx_HAL_Driver/Inc/stm32n6xx_ll_rcc.h:4950:26:LL_RCC_GetTIMPrescaler	4	static
C:/Users/ANDY-TP-001/STM32Cube/Repository/STM32Cube_FW_N6_V1.3.0/Drivers/STM32N6xx_HAL_Driver/Inc/stm32n6xx_ll_rcc.h:4988:26:LL_RCC_PLL1_GetSource	4	static
C:/Users/ANDY-TP-001/STM32Cube/Repository/STM32Cube_FW_N6_V1.3.0/Drivers/STM32N6xx_HAL_Driver/Inc/stm32n6xx_ll_rcc.h:5019:26:LL_RCC_PLL1_IsReady	4	static
C:/Users/ANDY-TP-001/STM32Cube/Repository/STM32Cube_FW_N6_V1.3.0/Drivers/STM32N6xx_HAL_Driver/Inc/stm32n6xx_ll_rcc.h:5051:26:LL_RCC_PLL1_IsEnabledBypass	4	static
C:/Users/ANDY-TP-001/STM32Cube/Repository/STM32Cube_FW_N6_V1.3.0/Drivers/STM32N6xx_HAL_Driver/Inc/stm32n6xx_ll_rcc.h:5192:26:LL_RCC_PLL1_GetN	4	static
C:/Users/ANDY-TP-001/STM32Cube/Repository/STM32Cube_FW_N6_V1.3.0/Drivers/STM32N6xx_HAL_Driver/Inc/stm32n6xx_ll_rcc.h:5213:26:LL_RCC_PLL1_GetM	4	static
C:/Users/ANDY-TP-001/STM32Cube/Repository/STM32Cube_FW_N6_V1.3.0/Drivers/STM32N6xx_HAL_Driver/Inc/stm32n6xx_ll_rcc.h:5234:26:LL_RCC_PLL1_GetP1	4	static
C:/Users/ANDY-TP-001/STM32Cube/Repository/STM32Cube_FW_N6_V1.3.0/Drivers/STM32N6xx_HAL_Driver/Inc/stm32n6xx_ll_rcc.h:5255:26:LL_RCC_PLL1_GetP2	4	static
C:/Users/ANDY-TP-001/STM32Cube/Repository/STM32Cube_FW_N6_V1.3.0/Drivers/STM32N6xx_HAL_Driver/Inc/stm32n6xx_ll_rcc.h:5287:26:LL_RCC_PLL1P_IsEnabled	4	static
C:/Users/ANDY-TP-001/STM32Cube/Repository/STM32Cube_FW_N6_V1.3.0/Drivers/STM32N6xx_HAL_Driver/Inc/stm32n6xx_ll_rcc.h:5308:26:LL_RCC_PLL1_GetFRACN	4	static
C:/Users/ANDY-TP-001/STM32Cube/Repository/STM32Cube_FW_N6_V1.3.0/Drivers/STM32N6xx_HAL_Driver/Inc/stm32n6xx_ll_rcc.h:5338:26:LL_RCC_PLL2_GetSource	4	static
C:/Users/ANDY-TP-001/STM32Cube/Repository/STM32Cube_FW_N6_V1.3.0/Drivers/STM32N6xx_HAL_Driver/Inc/stm32n6xx_ll_rcc.h:5369:26:LL_RCC_PLL2_IsReady	4	static
C:/Users/ANDY-TP-001/STM32Cube/Repository/STM32Cube_FW_N6_V1.3.0/Drivers/STM32N6xx_HAL_Driver/Inc/stm32n6xx_ll_rcc.h:5401:26:LL_RCC_PLL2_IsEnabledBypass	4	static
C:/Users/ANDY-TP-001/STM32Cube/Repository/STM32Cube_FW_N6_V1.3.0/Drivers/STM32N6xx_HAL_Driver/Inc/stm32n6xx_ll_rcc.h:5542:26:LL_RCC_PLL2_GetN	4	static
C:/Users/ANDY-TP-001/STM32Cube/Repository/STM32Cube_FW_N6_V1.3.0/Drivers/STM32N6xx_HAL_Driver/Inc/stm32n6xx_ll_rcc.h:5563:26:LL_RCC_PLL2_GetM	4	static
C:/Users/ANDY-TP-001/STM32Cube/Repository/STM32Cube_FW_N6_V1.3.0/Drivers/STM32N6xx_HAL_Driver/Inc/stm32n6xx_ll_rcc.h:5584:26:LL_RCC_PLL2_GetP1	4	static
C:/Users/ANDY-TP-001/STM32Cube/Repository/STM32Cube_FW_N6_V1.3.0/Drivers/STM32N6xx_HAL_Driver/Inc/stm32n6xx_ll_rcc.h:5605:26:LL_RCC_PLL2_GetP2	4	static
C:/Users/ANDY-TP-001/STM32Cube/Repository/STM32Cube_FW_N6_V1.3.0/Drivers/STM32N6xx_HAL_Driver/Inc/stm32n6xx_ll_rcc.h:5637:26:LL_RCC_PLL2P_IsEnabled	4	static
C:/Users/ANDY-TP-001/STM32Cube/Repository/STM32Cube_FW_N6_V1.3.0/Drivers/STM32N6xx_HAL_Driver/Inc/stm32n6xx_ll_rcc.h:5658:26:LL_RCC_PLL2_GetFRACN	4	static
C:/Users/ANDY-TP-001/STM32Cube/Repository/STM32Cube_FW_N6_V1.3.0/Drivers/STM32N6xx_HAL_Driver/Inc/stm32n6xx_ll_rcc.h:5688:26:LL_RCC_PLL3_GetSource	4	static
C:/Users/ANDY-TP-001/STM32Cube/Repository/STM32Cube_FW_N6_V1.3.0/Drivers/STM32N6xx_HAL_Driver/Inc/stm32n6xx_ll_rcc.h:5719:26:LL_RCC_PLL3_IsReady	4	static
C:/Users/ANDY-TP-001/STM32Cube/Repository/STM32Cube_FW_N6_V1.3.0/Drivers/STM32N6xx_HAL_Driver/Inc/stm32n6xx_ll_rcc.h:5751:26:LL_RCC_PLL3_IsEnabledBypass	4	static
C:/Users/ANDY-TP-001/STM32Cube/Repository/STM32Cube_FW_N6_V1.3.0/Drivers/STM32N6xx_HAL_Driver/Inc/stm32n6xx_ll_rcc.h:5892:26:LL_RCC_PLL3_GetN	4	static
C:/Users/ANDY-TP-001/STM32Cube/Repository/STM32Cube_FW_N6_V1.3.0/Drivers/STM32N6xx_HAL_Driver/Inc/stm32n6xx_ll_rcc.h:5913:26:LL_RCC_PLL3_GetM	4	static
C:/Users/ANDY-TP-001/STM32Cube/Repository/STM32Cube_FW_N6_V1.3.0/Drivers/STM32N6xx_HAL_Driver/Inc/stm32n6xx_ll_rcc.h:5934:26:LL_RCC_PLL3_GetP1	4	static
C:/Users/ANDY-TP-001/STM32Cube/Repository/STM32Cube_FW_N6_V1.3.0/Drivers/STM32N6xx_HAL_Driver/Inc/stm32n6xx_ll_rcc.h:5955:26:LL_RCC_PLL3_GetP2	4	static
C:/Users/ANDY-TP-001/STM32Cube/Repository/STM32Cube_FW_N6_V1.3.0/Drivers/STM32N6xx_HAL_Driver/Inc/stm32n6xx_ll_rcc.h:5987:26:LL_RCC_PLL3P_IsEnabled	4	static
C:/Users/ANDY-TP-001/STM32Cube/Repository/STM32Cube_FW_N6_V1.3.0/Drivers/STM32N6xx_HAL_Driver/Inc/stm32n6xx_ll_rcc.h:6008:26:LL_RCC_PLL3_GetFRACN	4	static
C:/Users/ANDY-TP-001/STM32Cube/Repository/STM32Cube_FW_N6_V1.3.0/Drivers/STM32N6xx_HAL_Driver/Inc/stm32n6xx_ll_rcc.h:6038:26:LL_RCC_PLL4_GetSource	4	static
C:/Users/ANDY-TP-001/STM32Cube/Repository/STM32Cube_FW_N6_V1.3.0/Drivers/STM32N6xx_HAL_Driver/Inc/stm32n6xx_ll_rcc.h:6069:26:LL_RCC_PLL4_IsReady	4	static
C:/Users/ANDY-TP-001/STM32Cube/Repository/STM32Cube_FW_N6_V1.3.0/Drivers/STM32N6xx_HAL_Driver/Inc/stm32n6xx_ll_rcc.h:6101:26:LL_RCC_PLL4_IsEnabledBypass	4	static
C:/Users/ANDY-TP-001/STM32Cube/Repository/STM32Cube_FW_N6_V1.3.0/Drivers/STM32N6xx_HAL_Driver/Inc/stm32n6xx_ll_rcc.h:6242:26:LL_RCC_PLL4_GetN	4	static
C:/Users/ANDY-TP-001/STM32Cube/Repository/STM32Cube_FW_N6_V1.3.0/Drivers/STM32N6xx_HAL_Driver/Inc/stm32n6xx_ll_rcc.h:6263:26:LL_RCC_PLL4_GetM	4	static
C:/Users/ANDY-TP-001/STM32Cube/Repository/STM32Cube_FW_N6_V1.3.0/Drivers/STM32N6xx_HAL_Driver/Inc/stm32n6xx_ll_rcc.h:6284:26:LL_RCC_PLL4_GetP1	4	static
C:/Users/ANDY-TP-001/STM32Cube/Repository/STM32Cube_FW_N6_V1.3.0/Drivers/STM32N6xx_HAL_Driver/Inc/stm32n6xx_ll_rcc.h:6305:26:LL_RCC_PLL4_GetP2	4	static
C:/Users/ANDY-TP-001/STM32Cube/Repository/STM32Cube_FW_N6_V1.3.0/Drivers/STM32N6xx_HAL_Driver/Inc/stm32n6xx_ll_rcc.h:6337:26:LL_RCC_PLL4P_IsEnabled	4	static
C:/Users/ANDY-TP-001/STM32Cube/Repository/STM32Cube_FW_N6_V1.3.0/Drivers/STM32N6xx_HAL_Driver/Inc/stm32n6xx_ll_rcc.h:6358:26:LL_RCC_PLL4_GetFRACN	4	static
C:/Users/ANDY-TP-001/STM32Cube/Repository/STM32Cube_FW_N6_V1.3.0/Drivers/STM32N6xx_HAL_Driver/Inc/stm32n6xx_ll_rcc.h:6528:22:LL_RCC_IC3_Enable	4	static
C:/Users/ANDY-TP-001/STM32Cube/Repository/STM32Cube_FW_N6_V1.3.0/Drivers/STM32N6xx_HAL_Driver/Inc/stm32n6xx_ll_rcc.h:6548:26:LL_RCC_IC3_IsEnabled	4	static
C:/Users/ANDY-TP-001/STM32Cube/Repository/STM32Cube_FW_N6_V1.3.0/Drivers/STM32N6xx_HAL_Driver/Inc/stm32n6xx_ll_rcc.h:6577:26:LL_RCC_IC3_GetSource	4	static
C:/Users/ANDY-TP-001/STM32Cube/Repository/STM32Cube_FW_N6_V1.3.0/Drivers/STM32N6xx_HAL_Driver/Inc/stm32n6xx_ll_rcc.h:6598:26:LL_RCC_IC3_GetDivider	4	static
C:/Users/ANDY-TP-001/STM32Cube/Repository/STM32Cube_FW_N6_V1.3.0/Drivers/STM32N6xx_HAL_Driver/Inc/stm32n6xx_ll_rcc.h:6608:22:LL_RCC_IC4_Enable	4	static
C:/Users/ANDY-TP-001/STM32Cube/Repository/STM32Cube_FW_N6_V1.3.0/Drivers/STM32N6xx_HAL_Driver/Inc/stm32n6xx_ll_rcc.h:6628:26:LL_RCC_IC4_IsEnabled	4	static
C:/Users/ANDY-TP-001/STM32Cube/Repository/STM32Cube_FW_N6_V1.3.0/Drivers/STM32N6xx_HAL_Driver/Inc/stm32n6xx_ll_rcc.h:6657:26:LL_RCC_IC4_GetSource	4	static
C:/Users/ANDY-TP-001/STM32Cube/Repository/STM32Cube_FW_N6_V1.3.0/Drivers/STM32N6xx_HAL_Driver/Inc/stm32n6xx_ll_rcc.h:6678:26:LL_RCC_IC4_GetDivider	4	static
C:/Users/ANDY-TP-001/STM32Cube/Repository/STM32Cube_FW_N6_V1.3.0/Drivers/STM32N6xx_HAL_Driver/Inc/stm32n6xx_ll_rcc.h:6688:22:LL_RCC_IC5_Enable	4	static
C:/Users/ANDY-TP-001/STM32Cube/Repository/STM32Cube_FW_N6_V1.3.0/Drivers/STM32N6xx_HAL_Driver/Inc/stm32n6xx_ll_rcc.h:6708:26:LL_RCC_IC5_IsEnabled	4	static
C:/Users/ANDY-TP-001/STM32Cube/Repository/STM32Cube_FW_N6_V1.3.0/Drivers/STM32N6xx_HAL_Driver/Inc/stm32n6xx_ll_rcc.h:6737:26:LL_RCC_IC5_GetSource	4	static
C:/Users/ANDY-TP-001/STM32Cube/Repository/STM32Cube_FW_N6_V1.3.0/Drivers/STM32N6xx_HAL_Driver/Inc/stm32n6xx_ll_rcc.h:6758:26:LL_RCC_IC5_GetDivider	4	static
C:/Users/ANDY-TP-001/STM32Cube/Repository/STM32Cube_FW_N6_V1.3.0/Drivers/STM32N6xx_HAL_Driver/Inc/stm32n6xx_ll_rcc.h:6848:22:LL_RCC_IC7_Enable	4	static
C:/Users/ANDY-TP-001/STM32Cube/Repository/STM32Cube_FW_N6_V1.3.0/Drivers/STM32N6xx_HAL_Driver/Inc/stm32n6xx_ll_rcc.h:6868:26:LL_RCC_IC7_IsEnabled	4	static
C:/Users/ANDY-TP-001/STM32Cube/Repository/STM32Cube_FW_N6_V1.3.0/Drivers/STM32N6xx_HAL_Driver/Inc/stm32n6xx_ll_rcc.h:6897:26:LL_RCC_IC7_GetSource	4	static
C:/Users/ANDY-TP-001/STM32Cube/Repository/STM32Cube_FW_N6_V1.3.0/Drivers/STM32N6xx_HAL_Driver/Inc/stm32n6xx_ll_rcc.h:6918:26:LL_RCC_IC7_GetDivider	4	static
C:/Users/ANDY-TP-001/STM32Cube/Repository/STM32Cube_FW_N6_V1.3.0/Drivers/STM32N6xx_HAL_Driver/Inc/stm32n6xx_ll_rcc.h:6928:22:LL_RCC_IC8_Enable	4	static
C:/Users/ANDY-TP-001/STM32Cube/Repository/STM32Cube_FW_N6_V1.3.0/Drivers/STM32N6xx_HAL_Driver/Inc/stm32n6xx_ll_rcc.h:6948:26:LL_RCC_IC8_IsEnabled	4	static
C:/Users/ANDY-TP-001/STM32Cube/Repository/STM32Cube_FW_N6_V1.3.0/Drivers/STM32N6xx_HAL_Driver/Inc/stm32n6xx_ll_rcc.h:6977:26:LL_RCC_IC8_GetSource	4	static
C:/Users/ANDY-TP-001/STM32Cube/Repository/STM32Cube_FW_N6_V1.3.0/Drivers/STM32N6xx_HAL_Driver/Inc/stm32n6xx_ll_rcc.h:6998:26:LL_RCC_IC8_GetDivider	4	static
C:/Users/ANDY-TP-001/STM32Cube/Repository/STM32Cube_FW_N6_V1.3.0/Drivers/STM32N6xx_HAL_Driver/Inc/stm32n6xx_ll_rcc.h:7008:22:LL_RCC_IC9_Enable	4	static
C:/Users/ANDY-TP-001/STM32Cube/Repository/STM32Cube_FW_N6_V1.3.0/Drivers/STM32N6xx_HAL_Driver/Inc/stm32n6xx_ll_rcc.h:7028:26:LL_RCC_IC9_IsEnabled	4	static
C:/Users/ANDY-TP-001/STM32Cube/Repository/STM32Cube_FW_N6_V1.3.0/Drivers/STM32N6xx_HAL_Driver/Inc/stm32n6xx_ll_rcc.h:7057:26:LL_RCC_IC9_GetSource	4	static
C:/Users/ANDY-TP-001/STM32Cube/Repository/STM32Cube_FW_N6_V1.3.0/Drivers/STM32N6xx_HAL_Driver/Inc/stm32n6xx_ll_rcc.h:7078:26:LL_RCC_IC9_GetDivider	4	static
C:/Users/ANDY-TP-001/STM32Cube/Repository/STM32Cube_FW_N6_V1.3.0/Drivers/STM32N6xx_HAL_Driver/Inc/stm32n6xx_ll_rcc.h:7088:22:LL_RCC_IC10_Enable	4	static
C:/Users/ANDY-TP-001/STM32Cube/Repository/STM32Cube_FW_N6_V1.3.0/Drivers/STM32N6xx_HAL_Driver/Inc/stm32n6xx_ll_rcc.h:7108:26:LL_RCC_IC10_IsEnabled	4	static
C:/Users/ANDY-TP-001/STM32Cube/Repository/STM32Cube_FW_N6_V1.3.0/Drivers/STM32N6xx_HAL_Driver/Inc/stm32n6xx_ll_rcc.h:7137:26:LL_RCC_IC10_GetSource	4	static
C:/Users/ANDY-TP-001/STM32Cube/Repository/STM32Cube_FW_N6_V1.3.0/Drivers/STM32N6xx_HAL_Driver/Inc/stm32n6xx_ll_rcc.h:7158:26:LL_RCC_IC10_GetDivider	4	static
C:/Users/ANDY-TP-001/STM32Cube/Repository/STM32Cube_FW_N6_V1.3.0/Drivers/STM32N6xx_HAL_Driver/Inc/stm32n6xx_ll_rcc.h:7248:22:LL_RCC_IC12_Enable	4	static
C:/Users/ANDY-TP-001/STM32Cube/Repository/STM32Cube_FW_N6_V1.3.0/Drivers/STM32N6xx_HAL_Driver/Inc/stm32n6xx_ll_rcc.h:7268:26:LL_RCC_IC12_IsEnabled	4	static
C:/Users/ANDY-TP-001/STM32Cube/Repository/STM32Cube_FW_N6_V1.3.0/Drivers/STM32N6xx_HAL_Driver/Inc/stm32n6xx_ll_rcc.h:7297:26:LL_RCC_IC12_GetSource	4	static
C:/Users/ANDY-TP-001/STM32Cube/Repository/STM32Cube_FW_N6_V1.3.0/Drivers/STM32N6xx_HAL_Driver/Inc/stm32n6xx_ll_rcc.h:7318:26:LL_RCC_IC12_GetDivider	4	static
C:/Users/ANDY-TP-001/STM32Cube/Repository/STM32Cube_FW_N6_V1.3.0/Drivers/STM32N6xx_HAL_Driver/Inc/stm32n6xx_ll_rcc.h:7328:22:LL_RCC_IC13_Enable	4	static
C:/Users/ANDY-TP-001/STM32Cube/Repository/STM32Cube_FW_N6_V1.3.0/Drivers/STM32N6xx_HAL_Driver/Inc/stm32n6xx_ll_rcc.h:7348:26:LL_RCC_IC13_IsEnabled	4	static
C:/Users/ANDY-TP-001/STM32Cube/Repository/STM32Cube_FW_N6_V1.3.0/Drivers/STM32N6xx_HAL_Driver/Inc/stm32n6xx_ll_rcc.h:7377:26:LL_RCC_IC13_GetSource	4	static
C:/Users/ANDY-TP-001/STM32Cube/Repository/STM32Cube_FW_N6_V1.3.0/Drivers/STM32N6xx_HAL_Driver/Inc/stm32n6xx_ll_rcc.h:7398:26:LL_RCC_IC13_GetDivider	4	static
C:/Users/ANDY-TP-001/STM32Cube/Repository/STM32Cube_FW_N6_V1.3.0/Drivers/STM32N6xx_HAL_Driver/Inc/stm32n6xx_ll_rcc.h:7408:22:LL_RCC_IC14_Enable	4	static
C:/Users/ANDY-TP-001/STM32Cube/Repository/STM32Cube_FW_N6_V1.3.0/Drivers/STM32N6xx_HAL_Driver/Inc/stm32n6xx_ll_rcc.h:7428:26:LL_RCC_IC14_IsEnabled	4	static
C:/Users/ANDY-TP-001/STM32Cube/Repository/STM32Cube_FW_N6_V1.3.0/Drivers/STM32N6xx_HAL_Driver/Inc/stm32n6xx_ll_rcc.h:7457:26:LL_RCC_IC14_GetSource	4	static
C:/Users/ANDY-TP-001/STM32Cube/Repository/STM32Cube_FW_N6_V1.3.0/Drivers/STM32N6xx_HAL_Driver/Inc/stm32n6xx_ll_rcc.h:7478:26:LL_RCC_IC14_GetDivider	4	static
C:/Users/ANDY-TP-001/STM32Cube/Repository/STM32Cube_FW_N6_V1.3.0/Drivers/STM32N6xx_HAL_Driver/Inc/stm32n6xx_ll_rcc.h:7488:22:LL_RCC_IC15_Enable	4	static
C:/Users/ANDY-TP-001/STM32Cube/Repository/STM32Cube_FW_N6_V1.3.0/Drivers/STM32N6xx_HAL_Driver/Inc/stm32n6xx_ll_rcc.h:7508:26:LL_RCC_IC15_IsEnabled	4	static
C:/Users/ANDY-TP-001/STM32Cube/Repository/STM32Cube_FW_N6_V1.3.0/Drivers/STM32N6xx_HAL_Driver/Inc/stm32n6xx_ll_rcc.h:7537:26:LL_RCC_IC15_GetSource	4	static
C:/Users/ANDY-TP-001/STM32Cube/Repository/STM32Cube_FW_N6_V1.3.0/Drivers/STM32N6xx_HAL_Driver/Inc/stm32n6xx_ll_rcc.h:7558:26:LL_RCC_IC15_GetDivider	4	static
C:/Users/ANDY-TP-001/STM32Cube/Repository/STM32Cube_FW_N6_V1.3.0/Drivers/STM32N6xx_HAL_Driver/Inc/stm32n6xx_ll_rcc.h:7568:22:LL_RCC_IC16_Enable	4	static
C:/Users/ANDY-TP-001/STM32Cube/Repository/STM32Cube_FW_N6_V1.3.0/Drivers/STM32N6xx_HAL_Driver/Inc/stm32n6xx_ll_rcc.h:7588:26:LL_RCC_IC16_IsEnabled	4	static
C:/Users/ANDY-TP-001/STM32Cube/Repository/STM32Cube_FW_N6_V1.3.0/Drivers/STM32N6xx_HAL_Driver/Inc/stm32n6xx_ll_rcc.h:7617:26:LL_RCC_IC16_GetSource	4	static
C:/Users/ANDY-TP-001/STM32Cube/Repository/STM32Cube_FW_N6_V1.3.0/Drivers/STM32N6xx_HAL_Driver/Inc/stm32n6xx_ll_rcc.h:7638:26:LL_RCC_IC16_GetDivider	4	static
C:/Users/ANDY-TP-001/STM32Cube/Repository/STM32Cube_FW_N6_V1.3.0/Drivers/STM32N6xx_HAL_Driver/Inc/stm32n6xx_ll_rcc.h:7648:22:LL_RCC_IC17_Enable	4	static
C:/Users/ANDY-TP-001/STM32Cube/Repository/STM32Cube_FW_N6_V1.3.0/Drivers/STM32N6xx_HAL_Driver/Inc/stm32n6xx_ll_rcc.h:7668:26:LL_RCC_IC17_IsEnabled	4	static
C:/Users/ANDY-TP-001/STM32Cube/Repository/STM32Cube_FW_N6_V1.3.0/Drivers/STM32N6xx_HAL_Driver/Inc/stm32n6xx_ll_rcc.h:7697:26:LL_RCC_IC17_GetSource	4	static
C:/Users/ANDY-TP-001/STM32Cube/Repository/STM32Cube_FW_N6_V1.3.0/Drivers/STM32N6xx_HAL_Driver/Inc/stm32n6xx_ll_rcc.h:7718:26:LL_RCC_IC17_GetDivider	4	static
C:/Users/ANDY-TP-001/STM32Cube/Repository/STM32Cube_FW_N6_V1.3.0/Drivers/STM32N6xx_HAL_Driver/Inc/stm32n6xx_ll_rcc.h:7728:22:LL_RCC_IC18_Enable	4	static
C:/Users/ANDY-TP-001/STM32Cube/Repository/STM32Cube_FW_N6_V1.3.0/Drivers/STM32N6xx_HAL_Driver/Inc/stm32n6xx_ll_rcc.h:7748:26:LL_RCC_IC18_IsEnabled	4	static
C:/Users/ANDY-TP-001/STM32Cube/Repository/STM32Cube_FW_N6_V1.3.0/Drivers/STM32N6xx_HAL_Driver/Inc/stm32n6xx_ll_rcc.h:7777:26:LL_RCC_IC18_GetSource	4	static
C:/Users/ANDY-TP-001/STM32Cube/Repository/STM32Cube_FW_N6_V1.3.0/Drivers/STM32N6xx_HAL_Driver/Inc/stm32n6xx_ll_rcc.h:7798:26:LL_RCC_IC18_GetDivider	4	static
C:/Users/ANDY-TP-001/STM32Cube/Repository/STM32Cube_FW_N6_V1.3.0/Drivers/STM32N6xx_HAL_Driver/Inc/stm32n6xx_ll_rcc.h:7808:22:LL_RCC_IC19_Enable	4	static
C:/Users/ANDY-TP-001/STM32Cube/Repository/STM32Cube_FW_N6_V1.3.0/Drivers/STM32N6xx_HAL_Driver/Inc/stm32n6xx_ll_rcc.h:7828:26:LL_RCC_IC19_IsEnabled	4	static
C:/Users/ANDY-TP-001/STM32Cube/Repository/STM32Cube_FW_N6_V1.3.0/Drivers/STM32N6xx_HAL_Driver/Inc/stm32n6xx_ll_rcc.h:7857:26:LL_RCC_IC19_GetSource	4	static
C:/Users/ANDY-TP-001/STM32Cube/Repository/STM32Cube_FW_N6_V1.3.0/Drivers/STM32N6xx_HAL_Driver/Inc/stm32n6xx_ll_rcc.h:7878:26:LL_RCC_IC19_GetDivider	4	static
C:/Users/ANDY-TP-001/STM32Cube/Repository/STM32Cube_FW_N6_V1.3.0/Drivers/STM32N6xx_HAL_Driver/Inc/stm32n6xx_ll_rcc.h:7888:22:LL_RCC_IC20_Enable	4	static
C:/Users/ANDY-TP-001/STM32Cube/Repository/STM32Cube_FW_N6_V1.3.0/Drivers/STM32N6xx_HAL_Driver/Inc/stm32n6xx_ll_rcc.h:7908:26:LL_RCC_IC20_IsEnabled	4	static
C:/Users/ANDY-TP-001/STM32Cube/Repository/STM32Cube_FW_N6_V1.3.0/Drivers/STM32N6xx_HAL_Driver/Inc/stm32n6xx_ll_rcc.h:7937:26:LL_RCC_IC20_GetSource	4	static
C:/Users/ANDY-TP-001/STM32Cube/Repository/STM32Cube_FW_N6_V1.3.0/Drivers/STM32N6xx_HAL_Driver/Inc/stm32n6xx_ll_rcc.h:7958:26:LL_RCC_IC20_GetDivider	4	static
C:/Users/ANDY-TP-001/STM32Cube/Repository/STM32Cube_FW_N6_V1.3.0/Drivers/STM32N6xx_HAL_Driver/Inc/stm32n6xx_ll_rcc.h:7968:22:LL_RCC_CLKP_Enable	4	static
C:/Users/ANDY-TP-001/STM32Cube/Repository/STM32Cube_FW_N6_V1.3.0/Drivers/STM32N6xx_HAL_Driver/Inc/stm32n6xx_ll_rcc.h:7988:26:LL_RCC_CLKP_IsEnabled	4	static
D:/dev/AI/Samples/stm/STM32CubeN6/Drivers/STM32N6xx_HAL_Driver/Src/stm32n6xx_hal_rcc_ex.c:128:19:HAL_RCCEx_PeriphCLKConfig	488	static
D:/dev/AI/Samples/stm/STM32CubeN6/Drivers/STM32N6xx_HAL_Driver/Src/stm32n6xx_hal_rcc_ex.c:2377:6:HAL_RCCEx_GetPeriphCLKConfig	40	static
D:/dev/AI/Samples/stm/STM32CubeN6/Drivers/STM32N6xx_HAL_Driver/Src/stm32n6xx_hal_rcc_ex.c:2584:10:HAL_RCCEx_GetPeriphCLKFreq	32	static
D:/dev/AI/Samples/stm/STM32CubeN6/Drivers/STM32N6xx_HAL_Driver/Src/stm32n6xx_hal_rcc_ex.c:2815:10:HAL_RCCEx_GetPLL1CLKFreq	48	static
D:/dev/AI/Samples/stm/STM32CubeN6/Drivers/STM32N6xx_HAL_Driver/Src/stm32n6xx_hal_rcc_ex.c:2858:10:HAL_RCCEx_GetPLL2CLKFreq	48	static
D:/dev/AI/Samples/stm/STM32CubeN6/Drivers/STM32N6xx_HAL_Driver/Src/stm32n6xx_hal_rcc_ex.c:2902:10:HAL_RCCEx_GetPLL3CLKFreq	48	static
D:/dev/AI/Samples/stm/STM32CubeN6/Drivers/STM32N6xx_HAL_Driver/Src/stm32n6xx_hal_rcc_ex.c:2945:10:HAL_RCCEx_GetPLL4CLKFreq	48	static
D:/dev/AI/Samples/stm/STM32CubeN6/Drivers/STM32N6xx_HAL_Driver/Src/stm32n6xx_hal_rcc_ex.c:2988:10:HAL_RCCEx_GetTIMGFreq	16	static
D:/dev/AI/Samples/stm/STM32CubeN6/Drivers/STM32N6xx_HAL_Driver/Src/stm32n6xx_hal_rcc_ex.c:3011:6:HAL_RCCEx_WakeUpStopCLKConfig	16	static
D:/dev/AI/Samples/stm/STM32CubeN6/Drivers/STM32N6xx_HAL_Driver/Src/stm32n6xx_hal_rcc_ex.c:3026:6:HAL_RCCEx_EnableLSECSS	8	static
D:/dev/AI/Samples/stm/STM32CubeN6/Drivers/STM32N6xx_HAL_Driver/Src/stm32n6xx_hal_rcc_ex.c:3037:6:HAL_RCCEx_DisableLSECSS	8	static
D:/dev/AI/Samples/stm/STM32CubeN6/Drivers/STM32N6xx_HAL_Driver/Src/stm32n6xx_hal_rcc_ex.c:3051:6:HAL_RCCEx_EnableLSECSS_IT	8	static
D:/dev/AI/Samples/stm/STM32CubeN6/Drivers/STM32N6xx_HAL_Driver/Src/stm32n6xx_hal_rcc_ex.c:3063:6:HAL_RCCEx_DisableLSECSS_IT	8	static
D:/dev/AI/Samples/stm/STM32CubeN6/Drivers/STM32N6xx_HAL_Driver/Src/stm32n6xx_hal_rcc_ex.c:3076:6:HAL_RCCEx_ReArmLSECSS	8	static
D:/dev/AI/Samples/stm/STM32CubeN6/Drivers/STM32N6xx_HAL_Driver/Src/stm32n6xx_hal_rcc_ex.c:3085:6:HAL_RCCEx_LSECSS_IRQHandler	8	static
D:/dev/AI/Samples/stm/STM32CubeN6/Drivers/STM32N6xx_HAL_Driver/Src/stm32n6xx_hal_rcc_ex.c:3102:13:HAL_RCCEx_LSECSS_Callback	4	static
D:/dev/AI/Samples/stm/STM32CubeN6/Drivers/STM32N6xx_HAL_Driver/Src/stm32n6xx_hal_rcc_ex.c:3122:19:HAL_RCCEx_PLLSSCGConfig	48	static
D:/dev/AI/Samples/stm/STM32CubeN6/Drivers/STM32N6xx_HAL_Driver/Src/stm32n6xx_hal_rcc_ex.c:3239:17:RCCEx_GetHCLKFreq	16	static
D:/dev/AI/Samples/stm/STM32CubeN6/Drivers/STM32N6xx_HAL_Driver/Src/stm32n6xx_hal_rcc_ex.c:3250:17:RCCEx_GetPCLK1Freq	16	static
D:/dev/AI/Samples/stm/STM32CubeN6/Drivers/STM32N6xx_HAL_Driver/Src/stm32n6xx_hal_rcc_ex.c:3261:17:RCCEx_GetPCLK2Freq	16	static
D:/dev/AI/Samples/stm/STM32CubeN6/Drivers/STM32N6xx_HAL_Driver/Src/stm32n6xx_hal_rcc_ex.c:3272:17:RCCEx_GetPCLK4Freq	16	static
D:/dev/AI/Samples/stm/STM32CubeN6/Drivers/STM32N6xx_HAL_Driver/Src/stm32n6xx_hal_rcc_ex.c:3283:17:RCCEx_GetPCLK5Freq	16	static
D:/dev/AI/Samples/stm/STM32CubeN6/Drivers/STM32N6xx_HAL_Driver/Src/stm32n6xx_hal_rcc_ex.c:3294:17:RCCEx_GetPLLSourceFreq	24	static
D:/dev/AI/Samples/stm/STM32CubeN6/Drivers/STM32N6xx_HAL_Driver/Src/stm32n6xx_hal_rcc_ex.c:3350:17:RCCEx_CalcPLLFreq	32	static
D:/dev/AI/Samples/stm/STM32CubeN6/Drivers/STM32N6xx_HAL_Driver/Src/stm32n6xx_hal_rcc_ex.c:3370:17:RCCEx_GetADCCLKFreq	32	static
D:/dev/AI/Samples/stm/STM32CubeN6/Drivers/STM32N6xx_HAL_Driver/Src/stm32n6xx_hal_rcc_ex.c:3480:17:RCCEx_GetADFCLKFreq	32	static
D:/dev/AI/Samples/stm/STM32CubeN6/Drivers/STM32N6xx_HAL_Driver/Src/stm32n6xx_hal_rcc_ex.c:3590:17:RCCEx_GetCLKPCLKFreq	24	static
D:/dev/AI/Samples/stm/STM32CubeN6/Drivers/STM32N6xx_HAL_Driver/Src/stm32n6xx_hal_rcc_ex.c:3779:17:RCCEx_GetCSICLKFreq	16	static
D:/dev/AI/Samples/stm/STM32CubeN6/Drivers/STM32N6xx_HAL_Driver/Src/stm32n6xx_hal_rcc_ex.c:3820:17:RCCEx_GetDCMIPPCLKFreq	24	static
D:/dev/AI/Samples/stm/STM32CubeN6/Drivers/STM32N6xx_HAL_Driver/Src/stm32n6xx_hal_rcc_ex.c:3886:17:RCCEx_GetETH1CLKFreq	24	static
D:/dev/AI/Samples/stm/STM32CubeN6/Drivers/STM32N6xx_HAL_Driver/Src/stm32n6xx_hal_rcc_ex.c:3952:17:RCCEx_GetETH1PTPCLKFreq	24	static
D:/dev/AI/Samples/stm/STM32CubeN6/Drivers/STM32N6xx_HAL_Driver/Src/stm32n6xx_hal_rcc_ex.c:4018:17:RCCEx_GetFDCANCLKFreq	24	static
D:/dev/AI/Samples/stm/STM32CubeN6/Drivers/STM32N6xx_HAL_Driver/Src/stm32n6xx_hal_rcc_ex.c:4084:17:RCCEx_GetFMCCLKFreq	24	static
D:/dev/AI/Samples/stm/STM32CubeN6/Drivers/STM32N6xx_HAL_Driver/Src/stm32n6xx_hal_rcc_ex.c:4175:17:RCCEx_GetI2CCLKFreq	24	static
D:/dev/AI/Samples/stm/STM32CubeN6/Drivers/STM32N6xx_HAL_Driver/Src/stm32n6xx_hal_rcc_ex.c:4296:17:RCCEx_GetI3CCLKFreq	24	static
D:/dev/AI/Samples/stm/STM32CubeN6/Drivers/STM32N6xx_HAL_Driver/Src/stm32n6xx_hal_rcc_ex.c:4408:17:RCCEx_GetLPTIMCLKFreq	32	static
D:/dev/AI/Samples/stm/STM32CubeN6/Drivers/STM32N6xx_HAL_Driver/Src/stm32n6xx_hal_rcc_ex.c:4512:17:RCCEx_GetLPUARTCLKFreq	24	static
D:/dev/AI/Samples/stm/STM32CubeN6/Drivers/STM32N6xx_HAL_Driver/Src/stm32n6xx_hal_rcc_ex.c:4621:17:RCCEx_GetLTDCCLKFreq	24	static
D:/dev/AI/Samples/stm/STM32CubeN6/Drivers/STM32N6xx_HAL_Driver/Src/stm32n6xx_hal_rcc_ex.c:4687:17:RCCEx_GetMDFCLKFreq	32	static
D:/dev/AI/Samples/stm/STM32CubeN6/Drivers/STM32N6xx_HAL_Driver/Src/stm32n6xx_hal_rcc_ex.c:4797:17:RCCEx_GetPSSICLKFreq	24	static
D:/dev/AI/Samples/stm/STM32CubeN6/Drivers/STM32N6xx_HAL_Driver/Src/stm32n6xx_hal_rcc_ex.c:4861:17:RCCEx_GetRTCCLKFreq	16	static
D:/dev/AI/Samples/stm/STM32CubeN6/Drivers/STM32N6xx_HAL_Driver/Src/stm32n6xx_hal_rcc_ex.c:4909:17:RCCEx_GetSAICLKFreq	24	static
D:/dev/AI/Samples/stm/STM32CubeN6/Drivers/STM32N6xx_HAL_Driver/Src/stm32n6xx_hal_rcc_ex.c:5028:17:RCCEx_GetSDMMCCLKFreq	24	static
D:/dev/AI/Samples/stm/STM32CubeN6/Drivers/STM32N6xx_HAL_Driver/Src/stm32n6xx_hal_rcc_ex.c:5120:17:RCCEx_GetSPDIFRXCLKFreq	24	static
D:/dev/AI/Samples/stm/STM32CubeN6/Drivers/STM32N6xx_HAL_Driver/Src/stm32n6xx_hal_rcc_ex.c:5231:17:RCCEx_GetSPICLKFreq	24	static
D:/dev/AI/Samples/stm/STM32CubeN6/Drivers/STM32N6xx_HAL_Driver/Src/stm32n6xx_hal_rcc_ex.c:5416:17:RCCEx_GetUARTCLKFreq	24	static
D:/dev/AI/Samples/stm/STM32CubeN6/Drivers/STM32N6xx_HAL_Driver/Src/stm32n6xx_hal_rcc_ex.c:5560:17:RCCEx_GetUSARTCLKFreq	24	static
D:/dev/AI/Samples/stm/STM32CubeN6/Drivers/STM32N6xx_HAL_Driver/Src/stm32n6xx_hal_rcc_ex.c:5701:17:RCCEx_GetOTGPHYCLKFreq	24	static
D:/dev/AI/Samples/stm/STM32CubeN6/Drivers/STM32N6xx_HAL_Driver/Src/stm32n6xx_hal_rcc_ex.c:5778:17:RCCEx_GetOTGPHYCKREFCLKFreq	24	static
D:/dev/AI/Samples/stm/STM32CubeN6/Drivers/STM32N6xx_HAL_Driver/Src/stm32n6xx_hal_rcc_ex.c:5825:17:RCCEx_GetXSPICLKFreq	24	static
