D:/dev/AI/Samples/stm/STM32CubeN6/Drivers/STM32N6xx_HAL_Driver/Src/stm32n6xx_hal_pwr_ex.c:265:19:HAL_PWREx_ConfigSupply	24	static
D:/dev/AI/Samples/stm/STM32CubeN6/Drivers/STM32N6xx_HAL_Driver/Src/stm32n6xx_hal_pwr_ex.c:294:10:HAL_PWREx_GetSupplyConfig	4	static
D:/dev/AI/Samples/stm/STM32CubeN6/Drivers/STM32N6xx_HAL_Driver/Src/stm32n6xx_hal_pwr_ex.c:316:19:HAL_PWREx_ControlVoltageScaling	24	static
D:/dev/AI/Samples/stm/STM32CubeN6/Drivers/STM32N6xx_HAL_Driver/Src/stm32n6xx_hal_pwr_ex.c:346:10:HAL_PWREx_GetVoltageRange	4	static
D:/dev/AI/Samples/stm/STM32CubeN6/Drivers/STM32N6xx_HAL_Driver/Src/stm32n6xx_hal_pwr_ex.c:362:6:HAL_PWREx_ControlStopModeVoltageScaling	16	static
D:/dev/AI/Samples/stm/STM32CubeN6/Drivers/STM32N6xx_HAL_Driver/Src/stm32n6xx_hal_pwr_ex.c:375:10:HAL_PWREx_GetStopModeVoltageRange	4	static
D:/dev/AI/Samples/stm/STM32CubeN6/Drivers/STM32N6xx_HAL_Driver/Src/stm32n6xx_hal_pwr_ex.c:423:6:HAL_PWREx_EnableWakeUpPin	80	static,ignoring_inline_asm
D:/dev/AI/Samples/stm/STM32CubeN6/Drivers/STM32N6xx_HAL_Driver/Src/stm32n6xx_hal_pwr_ex.c:496:6:HAL_PWREx_EnableBkupRAMRetention	4	static
D:/dev/AI/Samples/stm/STM32CubeN6/Drivers/STM32N6xx_HAL_Driver/Src/stm32n6xx_hal_pwr_ex.c:507:6:HAL_PWREx_DisableBkupRAMRetention	4	static
D:/dev/AI/Samples/stm/STM32CubeN6/Drivers/STM32N6xx_HAL_Driver/Src/stm32n6xx_hal_pwr_ex.c:516:6:HAL_PWREx_EnableTCMRetention	4	static
D:/dev/AI/Samples/stm/STM32CubeN6/Drivers/STM32N6xx_HAL_Driver/Src/stm32n6xx_hal_pwr_ex.c:525:6:HAL_PWREx_DisableTCMRetention	4	static
D:/dev/AI/Samples/stm/STM32CubeN6/Drivers/STM32N6xx_HAL_Driver/Src/stm32n6xx_hal_pwr_ex.c:534:6:HAL_PWREx_EnableTCMFLXRetention	4	static
D:/dev/AI/Samples/stm/STM32CubeN6/Drivers/STM32N6xx_HAL_Driver/Src/stm32n6xx_hal_pwr_ex.c:543:6:HAL_PWREx_DisableTCMFLXRetention	4	static
D:/dev/AI/Samples/stm/STM32CubeN6/Drivers/STM32N6xx_HAL_Driver/Src/stm32n6xx_hal_pwr_ex.c:574:6:HAL_PWREx_SetPulseLow	16	static
D:/dev/AI/Samples/stm/STM32CubeN6/Drivers/STM32N6xx_HAL_Driver/Src/stm32n6xx_hal_pwr_ex.c:587:10:HAL_PWREx_GetPulseLow	4	static
D:/dev/AI/Samples/stm/STM32CubeN6/Drivers/STM32N6xx_HAL_Driver/Src/stm32n6xx_hal_pwr_ex.c:598:6:HAL_PWREx_EnableSMPSPWM	4	static
D:/dev/AI/Samples/stm/STM32CubeN6/Drivers/STM32N6xx_HAL_Driver/Src/stm32n6xx_hal_pwr_ex.c:607:6:HAL_PWREx_DisableSMPSPWM	4	static
D:/dev/AI/Samples/stm/STM32CubeN6/Drivers/STM32N6xx_HAL_Driver/Src/stm32n6xx_hal_pwr_ex.c:616:6:HAL_PWREx_EnablePullDownOutput	4	static
D:/dev/AI/Samples/stm/STM32CubeN6/Drivers/STM32N6xx_HAL_Driver/Src/stm32n6xx_hal_pwr_ex.c:625:6:HAL_PWREx_DisablePullDownOutput	4	static
D:/dev/AI/Samples/stm/STM32CubeN6/Drivers/STM32N6xx_HAL_Driver/Src/stm32n6xx_hal_pwr_ex.c:673:6:HAL_PWREx_EnableMonitoring	4	static
D:/dev/AI/Samples/stm/STM32CubeN6/Drivers/STM32N6xx_HAL_Driver/Src/stm32n6xx_hal_pwr_ex.c:685:6:HAL_PWREx_DisableMonitoring	4	static
D:/dev/AI/Samples/stm/STM32CubeN6/Drivers/STM32N6xx_HAL_Driver/Src/stm32n6xx_hal_pwr_ex.c:696:10:HAL_PWREx_GetTemperatureLevel	16	static
D:/dev/AI/Samples/stm/STM32CubeN6/Drivers/STM32N6xx_HAL_Driver/Src/stm32n6xx_hal_pwr_ex.c:728:10:HAL_PWREx_GetVBATLevel	16	static
D:/dev/AI/Samples/stm/STM32CubeN6/Drivers/STM32N6xx_HAL_Driver/Src/stm32n6xx_hal_pwr_ex.c:759:6:HAL_PWREx_EnableVDDCOREMonitoring	4	static
D:/dev/AI/Samples/stm/STM32CubeN6/Drivers/STM32N6xx_HAL_Driver/Src/stm32n6xx_hal_pwr_ex.c:769:6:HAL_PWREx_DisableVDDCOREMonitoring	4	static
D:/dev/AI/Samples/stm/STM32CubeN6/Drivers/STM32N6xx_HAL_Driver/Src/stm32n6xx_hal_pwr_ex.c:781:6:HAL_PWREx_ConfigVDDCOREVM	16	static
D:/dev/AI/Samples/stm/STM32CubeN6/Drivers/STM32N6xx_HAL_Driver/Src/stm32n6xx_hal_pwr_ex.c:825:10:HAL_PWREx_GetVDDCORELevel	16	static
D:/dev/AI/Samples/stm/STM32CubeN6/Drivers/STM32N6xx_HAL_Driver/Src/stm32n6xx_hal_pwr_ex.c:871:6:HAL_PWREx_ConfigVddIORange	16	static
D:/dev/AI/Samples/stm/STM32CubeN6/Drivers/STM32N6xx_HAL_Driver/Src/stm32n6xx_hal_pwr_ex.c:917:10:HAL_PWREx_GetVddIORange	24	static
D:/dev/AI/Samples/stm/STM32CubeN6/Drivers/STM32N6xx_HAL_Driver/Src/stm32n6xx_hal_pwr_ex.c:962:6:HAL_PWREx_EnableVddIO4RangeSTBY	4	static
D:/dev/AI/Samples/stm/STM32CubeN6/Drivers/STM32N6xx_HAL_Driver/Src/stm32n6xx_hal_pwr_ex.c:971:6:HAL_PWREx_DisableVddIO4RangeSTBY	4	static
D:/dev/AI/Samples/stm/STM32CubeN6/Drivers/STM32N6xx_HAL_Driver/Src/stm32n6xx_hal_pwr_ex.c:986:6:HAL_PWREx_EnableVddIO5RangeSTBY	4	static
D:/dev/AI/Samples/stm/STM32CubeN6/Drivers/STM32N6xx_HAL_Driver/Src/stm32n6xx_hal_pwr_ex.c:995:6:HAL_PWREx_DisableVddIO5RangeSTBY	4	static
D:/dev/AI/Samples/stm/STM32CubeN6/Drivers/STM32N6xx_HAL_Driver/Src/stm32n6xx_hal_pwr_ex.c:1006:6:HAL_PWREx_EnableVddUSB	4	static
D:/dev/AI/Samples/stm/STM32CubeN6/Drivers/STM32N6xx_HAL_Driver/Src/stm32n6xx_hal_pwr_ex.c:1015:6:HAL_PWREx_DisableVddUSB	4	static
D:/dev/AI/Samples/stm/STM32CubeN6/Drivers/STM32N6xx_HAL_Driver/Src/stm32n6xx_hal_pwr_ex.c:1025:6:HAL_PWREx_EnableVddIO2	4	static
D:/dev/AI/Samples/stm/STM32CubeN6/Drivers/STM32N6xx_HAL_Driver/Src/stm32n6xx_hal_pwr_ex.c:1034:6:HAL_PWREx_DisableVddIO2	4	static
D:/dev/AI/Samples/stm/STM32CubeN6/Drivers/STM32N6xx_HAL_Driver/Src/stm32n6xx_hal_pwr_ex.c:1044:6:HAL_PWREx_EnableVddIO3	4	static
D:/dev/AI/Samples/stm/STM32CubeN6/Drivers/STM32N6xx_HAL_Driver/Src/stm32n6xx_hal_pwr_ex.c:1053:6:HAL_PWREx_DisableVddIO3	4	static
D:/dev/AI/Samples/stm/STM32CubeN6/Drivers/STM32N6xx_HAL_Driver/Src/stm32n6xx_hal_pwr_ex.c:1063:6:HAL_PWREx_EnableVddIO4	4	static
D:/dev/AI/Samples/stm/STM32CubeN6/Drivers/STM32N6xx_HAL_Driver/Src/stm32n6xx_hal_pwr_ex.c:1072:6:HAL_PWREx_DisableVddIO4	4	static
D:/dev/AI/Samples/stm/STM32CubeN6/Drivers/STM32N6xx_HAL_Driver/Src/stm32n6xx_hal_pwr_ex.c:1082:6:HAL_PWREx_EnableVddIO5	4	static
D:/dev/AI/Samples/stm/STM32CubeN6/Drivers/STM32N6xx_HAL_Driver/Src/stm32n6xx_hal_pwr_ex.c:1091:6:HAL_PWREx_DisableVddIO5	4	static
D:/dev/AI/Samples/stm/STM32CubeN6/Drivers/STM32N6xx_HAL_Driver/Src/stm32n6xx_hal_pwr_ex.c:1101:6:HAL_PWREx_EnableVddA	4	static
D:/dev/AI/Samples/stm/STM32CubeN6/Drivers/STM32N6xx_HAL_Driver/Src/stm32n6xx_hal_pwr_ex.c:1110:6:HAL_PWREx_DisableVddA	4	static
D:/dev/AI/Samples/stm/STM32CubeN6/Drivers/STM32N6xx_HAL_Driver/Src/stm32n6xx_hal_pwr_ex.c:1119:6:HAL_PWREx_EnableVddUSBVMEN	4	static
D:/dev/AI/Samples/stm/STM32CubeN6/Drivers/STM32N6xx_HAL_Driver/Src/stm32n6xx_hal_pwr_ex.c:1128:6:HAL_PWREx_DisableVddUSBVMEN	4	static
D:/dev/AI/Samples/stm/STM32CubeN6/Drivers/STM32N6xx_HAL_Driver/Src/stm32n6xx_hal_pwr_ex.c:1137:6:HAL_PWREx_EnableVddIO2VMEN	4	static
D:/dev/AI/Samples/stm/STM32CubeN6/Drivers/STM32N6xx_HAL_Driver/Src/stm32n6xx_hal_pwr_ex.c:1146:6:HAL_PWREx_DisableVddIO2VMEN	4	static
D:/dev/AI/Samples/stm/STM32CubeN6/Drivers/STM32N6xx_HAL_Driver/Src/stm32n6xx_hal_pwr_ex.c:1155:6:HAL_PWREx_EnableVddIO3VMEN	4	static
D:/dev/AI/Samples/stm/STM32CubeN6/Drivers/STM32N6xx_HAL_Driver/Src/stm32n6xx_hal_pwr_ex.c:1164:6:HAL_PWREx_DisableVddIO3VMEN	4	static
D:/dev/AI/Samples/stm/STM32CubeN6/Drivers/STM32N6xx_HAL_Driver/Src/stm32n6xx_hal_pwr_ex.c:1173:6:HAL_PWREx_EnableVddIO4VMEN	4	static
D:/dev/AI/Samples/stm/STM32CubeN6/Drivers/STM32N6xx_HAL_Driver/Src/stm32n6xx_hal_pwr_ex.c:1182:6:HAL_PWREx_DisableVddIO4VMEN	4	static
D:/dev/AI/Samples/stm/STM32CubeN6/Drivers/STM32N6xx_HAL_Driver/Src/stm32n6xx_hal_pwr_ex.c:1191:6:HAL_PWREx_EnableVddIO5VMEN	4	static
D:/dev/AI/Samples/stm/STM32CubeN6/Drivers/STM32N6xx_HAL_Driver/Src/stm32n6xx_hal_pwr_ex.c:1200:6:HAL_PWREx_DisableVddIO5VMEN	4	static
D:/dev/AI/Samples/stm/STM32CubeN6/Drivers/STM32N6xx_HAL_Driver/Src/stm32n6xx_hal_pwr_ex.c:1209:6:HAL_PWREx_EnableVddAVMEN	4	static
D:/dev/AI/Samples/stm/STM32CubeN6/Drivers/STM32N6xx_HAL_Driver/Src/stm32n6xx_hal_pwr_ex.c:1218:6:HAL_PWREx_DisableVddAVMEN	4	static
D:/dev/AI/Samples/stm/STM32CubeN6/Drivers/STM32N6xx_HAL_Driver/Src/stm32n6xx_hal_pwr_ex.c:1230:19:HAL_PWREx_ConfigPVM	16	static
D:/dev/AI/Samples/stm/STM32CubeN6/Drivers/STM32N6xx_HAL_Driver/Src/stm32n6xx_hal_pwr_ex.c:1450:6:HAL_PWREx_PVD_PVM_IRQHandler	16	static
D:/dev/AI/Samples/stm/STM32CubeN6/Drivers/STM32N6xx_HAL_Driver/Src/stm32n6xx_hal_pwr_ex.c:1624:13:HAL_PWREx_VDDCORE_Rising_Callback	4	static
D:/dev/AI/Samples/stm/STM32CubeN6/Drivers/STM32N6xx_HAL_Driver/Src/stm32n6xx_hal_pwr_ex.c:1635:13:HAL_PWREx_VDDCORE_Falling_Callback	4	static
D:/dev/AI/Samples/stm/STM32CubeN6/Drivers/STM32N6xx_HAL_Driver/Src/stm32n6xx_hal_pwr_ex.c:1646:13:HAL_PWREx_USBVM_Rising_Callback	4	static
D:/dev/AI/Samples/stm/STM32CubeN6/Drivers/STM32N6xx_HAL_Driver/Src/stm32n6xx_hal_pwr_ex.c:1657:13:HAL_PWREx_USBVM_Falling_Callback	4	static
D:/dev/AI/Samples/stm/STM32CubeN6/Drivers/STM32N6xx_HAL_Driver/Src/stm32n6xx_hal_pwr_ex.c:1668:13:HAL_PWREx_IO2VM_Rising_Callback	4	static
D:/dev/AI/Samples/stm/STM32CubeN6/Drivers/STM32N6xx_HAL_Driver/Src/stm32n6xx_hal_pwr_ex.c:1679:13:HAL_PWREx_IO2VM_Falling_Callback	4	static
D:/dev/AI/Samples/stm/STM32CubeN6/Drivers/STM32N6xx_HAL_Driver/Src/stm32n6xx_hal_pwr_ex.c:1690:13:HAL_PWREx_IO3VM_Rising_Callback	4	static
D:/dev/AI/Samples/stm/STM32CubeN6/Drivers/STM32N6xx_HAL_Driver/Src/stm32n6xx_hal_pwr_ex.c:1701:13:HAL_PWREx_IO3VM_Falling_Callback	4	static
D:/dev/AI/Samples/stm/STM32CubeN6/Drivers/STM32N6xx_HAL_Driver/Src/stm32n6xx_hal_pwr_ex.c:1712:13:HAL_PWREx_IO4VM_Rising_Callback	4	static
D:/dev/AI/Samples/stm/STM32CubeN6/Drivers/STM32N6xx_HAL_Driver/Src/stm32n6xx_hal_pwr_ex.c:1723:13:HAL_PWREx_IO4VM_Falling_Callback	4	static
D:/dev/AI/Samples/stm/STM32CubeN6/Drivers/STM32N6xx_HAL_Driver/Src/stm32n6xx_hal_pwr_ex.c:1734:13:HAL_PWREx_IO5VM_Rising_Callback	4	static
D:/dev/AI/Samples/stm/STM32CubeN6/Drivers/STM32N6xx_HAL_Driver/Src/stm32n6xx_hal_pwr_ex.c:1745:13:HAL_PWREx_IO5VM_Falling_Callback	4	static
D:/dev/AI/Samples/stm/STM32CubeN6/Drivers/STM32N6xx_HAL_Driver/Src/stm32n6xx_hal_pwr_ex.c:1756:13:HAL_PWREx_ADCVM_Rising_Callback	4	static
D:/dev/AI/Samples/stm/STM32CubeN6/Drivers/STM32N6xx_HAL_Driver/Src/stm32n6xx_hal_pwr_ex.c:1767:13:HAL_PWREx_ADCVM_Falling_Callback	4	static
