Archive member included to satisfy reference by file (symbol)

C:/ST/STM32CubeIDE_1.19.0/STM32CubeIDE/plugins/com.st.stm32cube.ide.mcu.externaltools.gnu-tools-for-stm32.14.3.rel1.win32_1.0.100.202602081740/tools/bin/../lib/gcc/arm-none-eabi/14.3.1/../../../../arm-none-eabi/lib/thumb/v8-m.main+dp/hard\libc_nano.a(libc_a-exit.o)
                              C:/ST/STM32CubeIDE_1.19.0/STM32CubeIDE/plugins/com.st.stm32cube.ide.mcu.externaltools.gnu-tools-for-stm32.14.3.rel1.win32_1.0.100.202602081740/tools/bin/../lib/gcc/arm-none-eabi/14.3.1/../../../../arm-none-eabi/lib/thumb/v8-m.main+dp/hard/crt0.o (exit)
C:/ST/STM32CubeIDE_1.19.0/STM32CubeIDE/plugins/com.st.stm32cube.ide.mcu.externaltools.gnu-tools-for-stm32.14.3.rel1.win32_1.0.100.202602081740/tools/bin/../lib/gcc/arm-none-eabi/14.3.1/../../../../arm-none-eabi/lib/thumb/v8-m.main+dp/hard\libc_nano.a(libc_a-findfp.o)
                              C:/ST/STM32CubeIDE_1.19.0/STM32CubeIDE/plugins/com.st.stm32cube.ide.mcu.externaltools.gnu-tools-for-stm32.14.3.rel1.win32_1.0.100.202602081740/tools/bin/../lib/gcc/arm-none-eabi/14.3.1/../../../../arm-none-eabi/lib/thumb/v8-m.main+dp/hard\libc_nano.a(libc_a-exit.o) (__stdio_exit_handler)
C:/ST/STM32CubeIDE_1.19.0/STM32CubeIDE/plugins/com.st.stm32cube.ide.mcu.externaltools.gnu-tools-for-stm32.14.3.rel1.win32_1.0.100.202602081740/tools/bin/../lib/gcc/arm-none-eabi/14.3.1/../../../../arm-none-eabi/lib/thumb/v8-m.main+dp/hard\libc_nano.a(libc_a-fwalk.o)
                              C:/ST/STM32CubeIDE_1.19.0/STM32CubeIDE/plugins/com.st.stm32cube.ide.mcu.externaltools.gnu-tools-for-stm32.14.3.rel1.win32_1.0.100.202602081740/tools/bin/../lib/gcc/arm-none-eabi/14.3.1/../../../../arm-none-eabi/lib/thumb/v8-m.main+dp/hard\libc_nano.a(libc_a-findfp.o) (_fwalk_sglue)
C:/ST/STM32CubeIDE_1.19.0/STM32CubeIDE/plugins/com.st.stm32cube.ide.mcu.externaltools.gnu-tools-for-stm32.14.3.rel1.win32_1.0.100.202602081740/tools/bin/../lib/gcc/arm-none-eabi/14.3.1/../../../../arm-none-eabi/lib/thumb/v8-m.main+dp/hard\libc_nano.a(libc_a-stdio.o)
                              C:/ST/STM32CubeIDE_1.19.0/STM32CubeIDE/plugins/com.st.stm32cube.ide.mcu.externaltools.gnu-tools-for-stm32.14.3.rel1.win32_1.0.100.202602081740/tools/bin/../lib/gcc/arm-none-eabi/14.3.1/../../../../arm-none-eabi/lib/thumb/v8-m.main+dp/hard\libc_nano.a(libc_a-findfp.o) (__sread)
C:/ST/STM32CubeIDE_1.19.0/STM32CubeIDE/plugins/com.st.stm32cube.ide.mcu.externaltools.gnu-tools-for-stm32.14.3.rel1.win32_1.0.100.202602081740/tools/bin/../lib/gcc/arm-none-eabi/14.3.1/../../../../arm-none-eabi/lib/thumb/v8-m.main+dp/hard\libc_nano.a(libc_a-memset.o)
                              C:/ST/STM32CubeIDE_1.19.0/STM32CubeIDE/plugins/com.st.stm32cube.ide.mcu.externaltools.gnu-tools-for-stm32.14.3.rel1.win32_1.0.100.202602081740/tools/bin/../lib/gcc/arm-none-eabi/14.3.1/../../../../arm-none-eabi/lib/thumb/v8-m.main+dp/hard/crt0.o (memset)
C:/ST/STM32CubeIDE_1.19.0/STM32CubeIDE/plugins/com.st.stm32cube.ide.mcu.externaltools.gnu-tools-for-stm32.14.3.rel1.win32_1.0.100.202602081740/tools/bin/../lib/gcc/arm-none-eabi/14.3.1/../../../../arm-none-eabi/lib/thumb/v8-m.main+dp/hard\libc_nano.a(libc_a-closer.o)
                              C:/ST/STM32CubeIDE_1.19.0/STM32CubeIDE/plugins/com.st.stm32cube.ide.mcu.externaltools.gnu-tools-for-stm32.14.3.rel1.win32_1.0.100.202602081740/tools/bin/../lib/gcc/arm-none-eabi/14.3.1/../../../../arm-none-eabi/lib/thumb/v8-m.main+dp/hard\libc_nano.a(libc_a-stdio.o) (_close_r)
C:/ST/STM32CubeIDE_1.19.0/STM32CubeIDE/plugins/com.st.stm32cube.ide.mcu.externaltools.gnu-tools-for-stm32.14.3.rel1.win32_1.0.100.202602081740/tools/bin/../lib/gcc/arm-none-eabi/14.3.1/../../../../arm-none-eabi/lib/thumb/v8-m.main+dp/hard\libc_nano.a(libc_a-reent.o)
                              C:/ST/STM32CubeIDE_1.19.0/STM32CubeIDE/plugins/com.st.stm32cube.ide.mcu.externaltools.gnu-tools-for-stm32.14.3.rel1.win32_1.0.100.202602081740/tools/bin/../lib/gcc/arm-none-eabi/14.3.1/../../../../arm-none-eabi/lib/thumb/v8-m.main+dp/hard\libc_nano.a(libc_a-closer.o) (errno)
C:/ST/STM32CubeIDE_1.19.0/STM32CubeIDE/plugins/com.st.stm32cube.ide.mcu.externaltools.gnu-tools-for-stm32.14.3.rel1.win32_1.0.100.202602081740/tools/bin/../lib/gcc/arm-none-eabi/14.3.1/../../../../arm-none-eabi/lib/thumb/v8-m.main+dp/hard\libc_nano.a(libc_a-impure.o)
                              C:/ST/STM32CubeIDE_1.19.0/STM32CubeIDE/plugins/com.st.stm32cube.ide.mcu.externaltools.gnu-tools-for-stm32.14.3.rel1.win32_1.0.100.202602081740/tools/bin/../lib/gcc/arm-none-eabi/14.3.1/../../../../arm-none-eabi/lib/thumb/v8-m.main+dp/hard\libc_nano.a(libc_a-reent.o) (_impure_ptr)
C:/ST/STM32CubeIDE_1.19.0/STM32CubeIDE/plugins/com.st.stm32cube.ide.mcu.externaltools.gnu-tools-for-stm32.14.3.rel1.win32_1.0.100.202602081740/tools/bin/../lib/gcc/arm-none-eabi/14.3.1/../../../../arm-none-eabi/lib/thumb/v8-m.main+dp/hard\libc_nano.a(libc_a-lseekr.o)
[...]
Memory Configuration

Name             Origin             Length             Attributes
ROM              0x34180400         0x0003fc00         xrw
RAM              0x341c0000         0x00040000         xrw
*default*        0x00000000         0xffffffff

Linker script and memory map

LOAD C:/ST/STM32CubeIDE_1.19.0/STM32CubeIDE/plugins/com.st.stm32cube.ide.mcu.externaltools.gnu-tools-for-stm32.14.3.rel1.win32_1.0.100.202602081740/tools/bin/../lib/gcc/arm-none-eabi/14.3.1/thumb/v8-m.main+dp/hard/crti.o
LOAD C:/ST/STM32CubeIDE_1.19.0/STM32CubeIDE/plugins/com.st.stm32cube.ide.mcu.externaltools.gnu-tools-for-stm32.14.3.rel1.win32_1.0.100.202602081740/tools/bin/../lib/gcc/arm-none-eabi/14.3.1/thumb/v8-m.main+dp/hard/crtbegin.o
LOAD C:/ST/STM32CubeIDE_1.19.0/STM32CubeIDE/plugins/com.st.stm32cube.ide.mcu.externaltools.gnu-tools-for-stm32.14.3.rel1.win32_1.0.100.202602081740/tools/bin/../lib/gcc/arm-none-eabi/14.3.1/../../../../arm-none-eabi/lib/thumb/v8-m.main+dp/hard/crt0.o
LOAD ./Application/Startup/startup_stm32n657x0hxq_fsbl.o
LOAD ./Application/User/main.o
LOAD ./Application/User/stm32n6xx_hal_msp.o
LOAD ./Application/User/stm32n6xx_it.o
LOAD ./Application/User/syscalls.o
LOAD ./Application/User/sysmem.o
LOAD ./Drivers/BSP/STM32N6xx_Nucleo/stm32n6xx_nucleo.o
LOAD ./Drivers/CMSIS/system_stm32n6xx_fsbl.o
LOAD ./Drivers/STM32N6xx_HAL_Driver/stm32n6xx_hal.o
LOAD ./Drivers/STM32N6xx_HAL_Driver/stm32n6xx_hal_cortex.o
LOAD ./Drivers/STM32N6xx_HAL_Driver/stm32n6xx_hal_dma.o
LOAD ./Drivers/STM32N6xx_HAL_Driver/stm32n6xx_hal_dma_ex.o
LOAD ./Drivers/STM32N6xx_HAL_Driver/stm32n6xx_hal_exti.o
LOAD ./Drivers/STM32N6xx_HAL_Driver/stm32n6xx_hal_gpio.o
LOAD ./Drivers/STM32N6xx_HAL_Driver/stm32n6xx_hal_i2c.o
LOAD ./Drivers/STM32N6xx_HAL_Driver/stm32n6xx_hal_i2c_ex.o
LOAD ./Drivers/STM32N6xx_HAL_Driver/stm32n6xx_hal_pwr.o
LOAD ./Drivers/STM32N6xx_HAL_Driver/stm32n6xx_hal_pwr_ex.o
LOAD ./Drivers/STM32N6xx_HAL_Driver/stm32n6xx_hal_rcc.o
LOAD ./Drivers/STM32N6xx_HAL_Driver/stm32n6xx_hal_rcc_ex.o
LOAD ./Drivers/STM32N6xx_HAL_Driver/stm32n6xx_hal_tim.o
LOAD ./Drivers/STM32N6xx_HAL_Driver/stm32n6xx_hal_tim_ex.o
START GROUP
LOAD C:/ST/STM32CubeIDE_1.19.0/STM32CubeIDE/plugins/com.st.stm32cube.ide.mcu.externaltools.gnu-tools-for-stm32.14.3.rel1.win32_1.0.100.202602081740/tools/bin/../lib/gcc/arm-none-eabi/14.3.1/../../../../arm-none-eabi/lib/thumb/v8-m.main+dp/hard\libc_nano.a
LOAD C:/ST/STM32CubeIDE_1.19.0/STM32CubeIDE/plugins/com.st.stm32cube.ide.mcu.externaltools.gnu-tools-for-stm32.14.3.rel1.win32_1.0.100.202602081740/tools/bin/../lib/gcc/arm-none-eabi/14.3.1/../../../../arm-none-eabi/lib/thumb/v8-m.main+dp/hard\libm.a
END GROUP
START GROUP
LOAD C:/ST/STM32CubeIDE_1.19.0/STM32CubeIDE/plugins/com.st.stm32cube.ide.mcu.externaltools.gnu-tools-for-stm32.14.3.rel1.win32_1.0.100.202602081740/tools/bin/../lib/gcc/arm-none-eabi/14.3.1/thumb/v8-m.main+dp/hard\libgcc.a
LOAD C:/ST/STM32CubeIDE_1.19.0/STM32CubeIDE/plugins/com.st.stm32cube.ide.mcu.externaltools.gnu-tools-for-stm32.14.3.rel1.win32_1.0.100.202602081740/tools/bin/../lib/gcc/arm-none-eabi/14.3.1/../../../../arm-none-eabi/lib/thumb/v8-m.main+dp/hard\libc_nano.a
END GROUP
START GROUP
LOAD C:/ST/STM32CubeIDE_1.19.0/STM32CubeIDE/plugins/com.st.stm32cube.ide.mcu.externaltools.gnu-tools-for-stm32.14.3.rel1.win32_1.0.100.202602081740/tools/bin/../lib/gcc/arm-none-eabi/14.3.1/thumb/v8-m.main+dp/hard\libgcc.a
LOAD C:/ST/STM32CubeIDE_1.19.0/STM32CubeIDE/plugins/com.st.stm32cube.ide.mcu.externaltools.gnu-tools-for-stm32.14.3.rel1.win32_1.0.100.202602081740/tools/bin/../lib/gcc/arm-none-eabi/14.3.1/../../../../arm-none-eabi/lib/thumb/v8-m.main+dp/hard\libc_nano.a
LOAD C:/ST/STM32CubeIDE_1.19.0/STM32CubeIDE/plugins/com.st.stm32cube.ide.mcu.externaltools.gnu-tools-for-stm32.14.3.rel1.win32_1.0.100.202602081740/tools/bin/../lib/gcc/arm-none-eabi/14.3.1/../../../../arm-none-eabi/lib/thumb/v8-m.main+dp/hard\libnosys.a
END GROUP
START GROUP
LOAD C:/ST/STM32CubeIDE_1.19.0/STM32CubeIDE/plugins/com.st.stm32cube.ide.mcu.externaltools.gnu-tools-for-stm32.14.3.rel1.win32_1.0.100.202602081740/tools/bin/../lib/gcc/arm-none-eabi/14.3.1/thumb/v8-m.main+dp/hard\libgcc.a
LOAD C:/ST/STM32CubeIDE_1.19.0/STM32CubeIDE/plugins/com.st.stm32cube.ide.mcu.externaltools.gnu-tools-for-stm32.14.3.rel1.win32_1.0.100.202602081740/tools/bin/../lib/gcc/arm-none-eabi/14.3.1/../../../../arm-none-eabi/lib/thumb/v8-m.main+dp/hard\libc_nano.a
LOAD C:/ST/STM32CubeIDE_1.19.0/STM32CubeIDE/plugins/com.st.stm32cube.ide.mcu.externaltools.gnu-tools-for-stm32.14.3.rel1.win32_1.0.100.202602081740/tools/bin/../lib/gcc/arm-none-eabi/14.3.1/../../../../arm-none-eabi/lib/thumb/v8-m.main+dp/hard\libnosys.a
END GROUP
LOAD C:/ST/STM32CubeIDE_1.19.0/STM32CubeIDE/plugins/com.st.stm32cube.ide.mcu.externaltools.gnu-tools-for-stm32.14.3.rel1.win32_1.0.100.202602081740/tools/bin/../lib/gcc/arm-none-eabi/14.3.1/thumb/v8-m.main+dp/hard/crtend.o
LOAD C:/ST/STM32CubeIDE_1.19.0/STM32CubeIDE/plugins/com.st.stm32cube.ide.mcu.externaltools.gnu-tools-for-stm32.14.3.rel1.win32_1.0.100.202602081740/tools/bin/../lib/gcc/arm-none-eabi/14.3.1/thumb/v8-m.main+dp/hard/crtn.o
                0x34200000                        _estack = (ORIGIN (RAM) + LENGTH (RAM))
                0x341ff800                        _sstack = (_estack - _Min_Stack_Size)
                0x00000200                        _Min_Heap_Size = 0x200
                0x00000800                        _Min_Stack_Size = 0x800

.isr_vector     0x34180400      0x34c
                0x34180400                        . = ALIGN (0x4)
 *(.isr_vector)
 .isr_vector    0x34180400      0x34c ./Application/Startup/startup_stm32n657x0hxq_fsbl.o
                0x34180400                g_pfnVectors
                0x3418074c                        . = ALIGN (0x4)

.text           0x3418074c     0x9a5c
                0x3418074c                        . = ALIGN (0x4)
 *(.text)
 .text          0x3418074c       0x40 C:/ST/STM32CubeIDE_1.19.0/STM32CubeIDE/plugins/com.st.stm32cube.ide.mcu.externaltools.gnu-tools-for-stm32.14.3.rel1.win32_1.0.100.202602081740/tools/bin/../lib/gcc/arm-none-eabi/14.3.1/thumb/v8-m.main+dp/hard/crtbegin.o
 *(.text*)
 .text.Reset_Handler
                0x3418078c       0x5c ./Application/Startup/startup_stm32n657x0hxq_fsbl.o
                0x3418078c                Reset_Handler
 .text.Default_Handler
                0x341807e8        0x2 ./Application/Startup/startup_stm32n657x0hxq_fsbl.o
                0x341807e8                HPDMA1_Channel13_IRQHandler
                0x341807e8                EXTI2_IRQHandler
                0x341807e8                MCE2_IRQHandler
                0x341807e8                TIM8_CC_IRQHandler
                0x341807e8                USB2_OTG_HS_IRQHandler
                0x341807e8                SAI1_A_IRQHandler
                0x341807e8                EXTI5_IRQHandler
                0x341807e8                I3C1_ER_IRQHandler
                0x341807e8                UART8_IRQHandler
                0x341807e8                CTI_INT0_IRQHandler
                0x341807e8                SPI4_IRQHandler
                0x341807e8                LTDC_LO_IRQHandler
                0x341807e8                NPU2_IRQHandler
                0x341807e8                FDCAN3_IT0_IRQHandler
                0x341807e8                EXTI13_IRQHandler
                0x341807e8                XSPI1_IRQHandler
                0x341807e8                TIM10_IRQHandler
                0x341807e8                JPEG_IRQHandler
                0x341807e8                TAMP_IRQHandler
                0x341807e8                CACHE_ECC_IRQHandler
                0x341807e8                TIM6_IRQHandler
                0x341807e8                CSI_IRQHandler
                0x341807e8                EXTI12_IRQHandler
                0x341807e8                GFXTIM_IRQHandler
                0x341807e8                EXTI3_IRQHandler
                0x341807e8                LPTIM4_IRQHandler
                0x341807e8                GPDMA1_Channel5_IRQHandler
                0x341807e8                EXTI8_IRQHandler
                0x341807e8                LPTIM2_IRQHandler
                0x341807e8                GFXMMU_IRQHandler
                0x341807e8                LTDC_LO_ERR_IRQHandler
                0x341807e8                I2C3_ER_IRQHandler
                0x341807e8                RIFSC_TAMPER_IRQHandler
                0x341807e8                USART10_IRQHandler
                0x341807e8                MDF1_FLT2_IRQHandler
                0x341807e8                LPTIM3_IRQHandler
                0x341807e8                SAI2_A_IRQHandler
                0x341807e8                EXTI0_IRQHandler
                0x341807e8                HPDMA1_Channel9_IRQHandler
                0x341807e8                I2C2_EV_IRQHandler
                0x341807e8                GPU2D_IRQHandler
                0x341807e8                FPU_IRQHandler
                0x341807e8                GPDMA1_Channel3_IRQHandler
                0x341807e8                GPDMA1_Channel7_IRQHandler
                0x341807e8                MDF1_FLT4_IRQHandler
                0x341807e8                FDCAN1_IT1_IRQHandler
                0x341807e8                HPDMA1_Channel3_IRQHandler
                0x341807e8                ADC1_2_IRQHandler
                0x341807e8                GPDMA1_Channel9_IRQHandler
                0x341807e8                SPI1_IRQHandler
                0x341807e8                CACHEAXI_IRQHandler
                0x341807e8                SAI1_B_IRQHandler
                0x341807e8                GPDMA1_Channel2_IRQHandler
                0x341807e8                PAHB_ERR_IRQHandler
                0x341807e8                TIM8_UP_IRQHandler
                0x341807e8                RCC_S_IRQHandler
                0x341807e8                MDF1_FLT1_IRQHandler
                0x341807e8                LTDC_UP_IRQHandler
                0x341807e8                LOCKUP_IRQHandler
                0x341807e8                PKA_IRQHandler
                0x341807e8                USART6_IRQHandler
                0x341807e8                HPDMA1_Channel2_IRQHandler
                0x341807e8                MDF1_FLT5_IRQHandler
                0x341807e8                MCE4_IRQHandler
                0x341807e8                I3C2_ER_IRQHandler
                0x341807e8                EXTI15_IRQHandler
                0x341807e8                TIM17_IRQHandler
                0x341807e8                USART3_IRQHandler
                0x341807e8                HPDMA1_Channel6_IRQHandler
                0x341807e8                CRYP_IRQHandler
                0x341807e8                RTC_IRQHandler
                0x341807e8                XSPI2_IRQHandler
                0x341807e8                EXTI9_IRQHandler
                0x341807e8                IAC_IRQHandler
                0x341807e8                HPDMA1_Channel0_IRQHandler
                0x341807e8                LPTIM5_IRQHandler
                0x341807e8                HPDMA1_Channel1_IRQHandler
                0x341807e8                UART5_IRQHandler
                0x341807e8                TIM4_IRQHandler
                0x341807e8                NPU3_IRQHandler
                0x341807e8                I3C2_EV_IRQHandler
                0x341807e8                FDCAN_CU_IRQHandler
                0x341807e8                GPDMA1_Channel12_IRQHandler
                0x341807e8                HPDMA1_Channel7_IRQHandler
                0x341807e8                GPDMA1_Channel1_IRQHandler
                0x341807e8                TIM16_IRQHandler
                0x341807e8                GPDMA1_Channel15_IRQHandler
                0x341807e8                UART4_IRQHandler
                0x341807e8                TCM_ECC_IRQHandler
                0x341807e8                TIM3_IRQHandler
                0x341807e8                RCC_IRQHandler
                0x341807e8                UART9_IRQHandler
                0x341807e8                NPU1_IRQHandler
                0x341807e8                SAI2_B_IRQHandler
                0x341807e8                Default_Handler
                0x341807e8                GPDMA1_Channel8_IRQHandler
                0x341807e8                HPDMA1_Channel8_IRQHandler
                0x341807e8                TIM18_IRQHandler
                0x341807e8                TIM14_IRQHandler
                0x341807e8                TIM13_IRQHandler
                0x341807e8                CTI_INT1_IRQHandler
                0x341807e8                GPDMA1_Channel11_IRQHandler
                0x341807e8                GPU2D_ER_IRQHandler
                0x341807e8                SPI5_IRQHandler
                0x341807e8                TIM12_IRQHandler
                0x341807e8                TIM7_IRQHandler
                0x341807e8                FDCAN3_IT1_IRQHandler
                0x341807e8                HPDMA1_Channel10_IRQHandler
                0x341807e8                SDMMC1_IRQHandler
                0x341807e8                SAES_IRQHandler
                0x341807e8                TIM5_IRQHandler
                0x341807e8                UCPD1_IRQHandler
                0x341807e8                GPDMA1_Channel0_IRQHandler
                0x341807e8                I3C1_EV_IRQHandler
                0x341807e8                HPDMA1_Channel5_IRQHandler
                0x341807e8                TIM15_IRQHandler
                0x341807e8                I2C3_EV_IRQHandler
                0x341807e8                HPDMA1_Channel4_IRQHandler
                0x341807e8                HPDMA1_Channel15_IRQHandler
                0x341807e8                TIM9_IRQHandler
                0x341807e8                ETH1_IRQHandler
                0x341807e8                USB1_OTG_HS_IRQHandler
                0x341807e8                PVD_PVM_IRQHandler
                0x341807e8                SPI2_IRQHandler
                0x341807e8                TIM1_TRG_CCU_IRQHandler
                0x341807e8                HPDMA1_Channel11_IRQHandler
                0x341807e8                EXTI14_IRQHandler
                0x341807e8                EXTI11_IRQHandler
                0x341807e8                VENC_IRQHandler
                0x341807e8                GPDMA1_Channel14_IRQHandler
                0x341807e8                EXTI4_IRQHandler
                0x341807e8                RTC_S_IRQHandler
                0x341807e8                GPDMA1_Channel13_IRQHandler
                0x341807e8                RNG_IRQHandler
                0x341807e8                XSPI3_IRQHandler
                0x341807e8                FDCAN2_IT1_IRQHandler
                0x341807e8                NPU0_IRQHandler
                0x341807e8                BCK_ECC_IRQHandler
                0x341807e8                WWDG_IRQHandler
                0x341807e8                SPI6_IRQHandler
                0x341807e8                MDIOS_IRQHandler
                0x341807e8                FDCAN2_IT0_IRQHandler
                0x341807e8                IWDG_IRQHandler
                0x341807e8                HPDMA1_Channel14_IRQHandler
                0x341807e8                LPUART1_IRQHandler
                0x341807e8                FDCAN1_IT0_IRQHandler
                0x341807e8                MDF1_FLT0_IRQHandler
                0x341807e8                TIM2_IRQHandler
                0x341807e8                MCE3_IRQHandler
                0x341807e8                GPDMA1_Channel4_IRQHandler
                0x341807e8                EXTI7_IRQHandler
                0x341807e8                DMA2D_IRQHandler
                0x341807e8                EXTI1_IRQHandler
                0x341807e8                SDMMC2_IRQHandler
                0x341807e8                TIM11_IRQHandler
                0x341807e8                LTDC_UP_ERR_IRQHandler
                0x341807e8                UART7_IRQHandler
                0x341807e8                DTS_IRQHandler
                0x341807e8                MDF1_FLT3_IRQHandler
                0x341807e8                USART2_IRQHandler
                0x341807e8                GPDMA1_Channel6_IRQHandler
                0x341807e8                ADF1_FLT0_IRQHandler
                0x341807e8                I2C2_ER_IRQHandler
                0x341807e8                MCE1_IRQHandler
                0x341807e8                SPDIFRX_IRQHandler
                0x341807e8                TIM8_BRK_IRQHandler
                0x341807e8                HPDMA1_Channel12_IRQHandler
                0x341807e8                USART1_IRQHandler
                0x341807e8                EXTI10_IRQHandler
                0x341807e8                SPI3_IRQHandler
                0x341807e8                WAKEUP_PIN_IRQHandler
                0x341807e8                DCMIPP_IRQHandler
                0x341807e8                FMC_IRQHandler
                0x341807e8                EXTI6_IRQHandler
                0x341807e8                LPTIM1_IRQHandler
                0x341807e8                DCMI_PSSI_IRQHandler
                0x341807e8                TIM8_TRG_CCU_IRQHandler
                0x341807e8                GPDMA1_Channel10_IRQHandler
                0x341807e8                ICACHE_IRQHandler
                0x341807e8                HASH_IRQHandler
 *fill*         0x341807ea        0x2 
 .text.LL_AHB4_GRP1_EnableClock
                0x341807ec       0x2c ./Application/User/main.o
 .text.main     0x34180818      0x100 ./Application/User/main.o
                0x34180818                main
 .text.SystemClock_Config
                0x34180918      0x158 ./Application/User/main.o
                0x34180918                SystemClock_Config
 .text.PeriphCommonClock_Config
                0x34180a70       0x5a ./Application/User/main.o
                0x34180a70                PeriphCommonClock_Config
 *fill*         0x34180aca        0x2 
 .text.MX_I2C1_Init
                0x34180acc       0x90 ./Application/User/main.o
 .text.MX_I2C4_Init
                0x34180b5c       0x90 ./Application/User/main.o
 .text.MX_TIM1_Init
                0x34180bec      0x110 ./Application/User/main.o
 .text.MX_GPIO_Init
                0x34180cfc        0xe ./Application/User/main.o
 .text.HAL_I2C_MasterTxCpltCallback
                0x34180d0a       0x14 ./Application/User/main.o
                0x34180d0a                HAL_I2C_MasterTxCpltCallback
 .text.HAL_I2C_ErrorCallback
                0x34180d1e       0x28 ./Application/User/main.o
                0x34180d1e                HAL_I2C_ErrorCallback
 *fill*         0x34180d46        0x2 
 .text.HAL_TIM_PeriodElapsedCallback
                0x34180d48       0x60 ./Application/User/main.o
                0x34180d48                HAL_TIM_PeriodElapsedCallback
 .text.Error_Handler
                0x34180da8       0x1a ./Application/User/main.o
                0x34180da8                Error_Handler
 *fill*         0x34180dc2        0x2 
 .text.LL_AHB4_GRP1_EnableClock
                0x34180dc4       0x2c ./Application/User/stm32n6xx_hal_msp.o
 .text.LL_APB1_GRP1_EnableClock
                0x34180df0       0x2c ./Application/User/stm32n6xx_hal_msp.o
 .text.LL_APB1_GRP1_DisableClock
                0x34180e1c       0x28 ./Application/User/stm32n6xx_hal_msp.o
 .text.LL_APB2_GRP1_EnableClock
                0x34180e44       0x2c ./Application/User/stm32n6xx_hal_msp.o
 .text.LL_APB4_GRP1_EnableClock
                0x34180e70       0x2c ./Application/User/stm32n6xx_hal_msp.o
 .text.LL_APB4_GRP1_DisableClock
                0x34180e9c       0x28 ./Application/User/stm32n6xx_hal_msp.o
 .text.HAL_MspInit
                0x34180ec4        0xe ./Application/User/stm32n6xx_hal_msp.o
                0x34180ec4                HAL_MspInit
 *fill*         0x34180ed2        0x2 
 .text.HAL_I2C_MspInit
                0x34180ed4      0x198 ./Application/User/stm32n6xx_hal_msp.o
                0x34180ed4                HAL_I2C_MspInit
 .text.HAL_I2C_MspDeInit
                0x3418106c       0x7c ./Application/User/stm32n6xx_hal_msp.o
                0x3418106c                HAL_I2C_MspDeInit
 .text.HAL_TIM_Base_MspInit
                0x341810e8       0x60 ./Application/User/stm32n6xx_hal_msp.o
                0x341810e8                HAL_TIM_Base_MspInit
 .text.NMI_Handler
                0x34181148        0x8 ./Application/User/stm32n6xx_it.o
                0x34181148                NMI_Handler
 .text.HardFault_Handler
                0x34181150        0x8 ./Application/User/stm32n6xx_it.o
                0x34181150                HardFault_Handler
 .text.MemManage_Handler
                0x34181158        0x8 ./Application/User/stm32n6xx_it.o
                0x34181158                MemManage_Handler
 .text.BusFault_Handler
                0x34181160        0x8 ./Application/User/stm32n6xx_it.o
                0x34181160                BusFault_Handler
 .text.UsageFault_Handler
                0x34181168        0x8 ./Application/User/stm32n6xx_it.o
                0x34181168                UsageFault_Handler
 .text.SecureFault_Handler
                0x34181170        0x8 ./Application/User/stm32n6xx_it.o
                0x34181170                SecureFault_Handler
 .text.SVC_Handler
                0x34181178        0xe ./Application/User/stm32n6xx_it.o
                0x34181178                SVC_Handler
 .text.DebugMon_Handler
                0x34181186        0xe ./Application/User/stm32n6xx_it.o
                0x34181186                DebugMon_Handler
 .text.PendSV_Handler
                0x34181194        0xe ./Application/User/stm32n6xx_it.o
                0x34181194                PendSV_Handler
 .text.SysTick_Handler
                0x341811a2        0xc ./Application/User/stm32n6xx_it.o
                0x341811a2                SysTick_Handler
 *fill*         0x341811ae        0x2 
 .text.I2C1_EV_IRQHandler
                0x341811b0       0x14 ./Application/User/stm32n6xx_it.o
                0x341811b0                I2C1_EV_IRQHandler
 .text.I2C1_ER_IRQHandler
                0x341811c4       0x14 ./Application/User/stm32n6xx_it.o
                0x341811c4                I2C1_ER_IRQHandler
 .text.I2C4_EV_IRQHandler
                0x341811d8       0x14 ./Application/User/stm32n6xx_it.o
                0x341811d8                I2C4_EV_IRQHandler
 .text.I2C4_ER_IRQHandler
                0x341811ec       0x14 ./Application/User/stm32n6xx_it.o
                0x341811ec                I2C4_ER_IRQHandler
 .text.TIM1_BRK_IRQHandler
                0x34181200       0x14 ./Application/User/stm32n6xx_it.o
                0x34181200                TIM1_BRK_IRQHandler
 .text.TIM1_UP_IRQHandler
                0x34181214       0x14 ./Application/User/stm32n6xx_it.o
                0x34181214                TIM1_UP_IRQHandler
 .text.TIM1_CC_IRQHandler
                0x34181228       0x14 ./Application/User/stm32n6xx_it.o
                0x34181228                TIM1_CC_IRQHandler
 .text.LL_AHB4_GRP1_EnableClock
                0x3418123c       0x2c ./Drivers/BSP/STM32N6xx_Nucleo/stm32n6xx_nucleo.o
 .text.BSP_LED_Init
                0x34181268       0x74 ./Drivers/BSP/STM32N6xx_Nucleo/stm32n6xx_nucleo.o
                0x34181268                BSP_LED_Init
 .text.BSP_LED_Off
                0x341812dc       0x34 ./Drivers/BSP/STM32N6xx_Nucleo/stm32n6xx_nucleo.o
                0x341812dc                BSP_LED_Off
 .text.BSP_LED_Toggle
                0x34181310       0x34 ./Drivers/BSP/STM32N6xx_Nucleo/stm32n6xx_nucleo.o
                0x34181310                BSP_LED_Toggle
 .text.BSP_PB_Init
                0x34181344      0x124 ./Drivers/BSP/STM32N6xx_Nucleo/stm32n6xx_nucleo.o
                0x34181344                BSP_PB_Init
 .text.BSP_PB_GetState
                0x34181468       0x34 ./Drivers/BSP/STM32N6xx_Nucleo/stm32n6xx_nucleo.o
                0x34181468                BSP_PB_GetState
 .text.BSP_PB_Callback
                0x3418149c       0x16 ./Drivers/BSP/STM32N6xx_Nucleo/stm32n6xx_nucleo.o
                0x3418149c                BSP_PB_Callback
 .text.BUTTON_USER_EXTI_Callback
                0x341814b2        0xe ./Drivers/BSP/STM32N6xx_Nucleo/stm32n6xx_nucleo.o
 .text.SystemInit
                0x341814c0      0x18c ./Drivers/CMSIS/system_stm32n6xx_fsbl.o
                0x341814c0                SystemInit
 .text.SystemCoreClockUpdate
                0x3418164c      0x350 ./Drivers/CMSIS/system_stm32n6xx_fsbl.o
                0x3418164c                SystemCoreClockUpdate
 .text.SECURE_SystemCoreClockUpdate
                0x3418199c       0x2c ./Drivers/CMSIS/system_stm32n6xx_fsbl.o
                0x3418199c                __acle_se_SECURE_SystemCoreClockUpdate
 .text.HAL_Init
                0x341819c8       0x28 ./Drivers/STM32N6xx_HAL_Driver/stm32n6xx_hal.o
                0x341819c8                HAL_Init
 .text.HAL_InitTick
                0x341819f0       0x6c ./Drivers/STM32N6xx_HAL_Driver/stm32n6xx_hal.o
                0x341819f0                HAL_InitTick
 .text.HAL_IncTick
                0x34181a5c       0x28 ./Drivers/STM32N6xx_HAL_Driver/stm32n6xx_hal.o
                0x34181a5c                HAL_IncTick
 .text.HAL_GetTick
                0x34181a84       0x18 ./Drivers/STM32N6xx_HAL_Driver/stm32n6xx_hal.o
                0x34181a84                HAL_GetTick
 .text.HAL_Delay
                0x34181a9c       0x48 ./Drivers/STM32N6xx_HAL_Driver/stm32n6xx_hal.o
                0x34181a9c                HAL_Delay
 .text.__NVIC_SetPriorityGrouping
                0x34181ae4       0x48 ./Drivers/STM32N6xx_HAL_Driver/stm32n6xx_hal_cortex.o
 .text.__NVIC_GetPriorityGrouping
                0x34181b2c       0x1c ./Drivers/STM32N6xx_HAL_Driver/stm32n6xx_hal_cortex.o
 .text.__NVIC_EnableIRQ
                0x34181b48       0x3c ./Drivers/STM32N6xx_HAL_Driver/stm32n6xx_hal_cortex.o
 .text.__NVIC_DisableIRQ
                0x34181b84       0x48 ./Drivers/STM32N6xx_HAL_Driver/stm32n6xx_hal_cortex.o
 .text.__NVIC_SetPriority
                0x34181bcc       0x54 ./Drivers/STM32N6xx_HAL_Driver/stm32n6xx_hal_cortex.o
 .text.NVIC_EncodePriority
                0x34181c20       0x66 ./Drivers/STM32N6xx_HAL_Driver/stm32n6xx_hal_cortex.o
 *fill*         0x34181c86        0x2 
 .text.SysTick_Config
                0x34181c88       0x44 ./Drivers/STM32N6xx_HAL_Driver/stm32n6xx_hal_cortex.o
 .text.HAL_NVIC_SetPriorityGrouping
                0x34181ccc       0x16 ./Drivers/STM32N6xx_HAL_Driver/stm32n6xx_hal_cortex.o
                0x34181ccc                HAL_NVIC_SetPriorityGrouping
 .text.HAL_NVIC_SetPriority
                0x34181ce2       0x3a ./Drivers/STM32N6xx_HAL_Driver/stm32n6xx_hal_cortex.o
                0x34181ce2                HAL_NVIC_SetPriority
 .text.HAL_NVIC_EnableIRQ
                0x34181d1c       0x1c ./Drivers/STM32N6xx_HAL_Driver/stm32n6xx_hal_cortex.o
                0x34181d1c                HAL_NVIC_EnableIRQ
 .text.HAL_NVIC_DisableIRQ
                0x34181d38       0x1c ./Drivers/STM32N6xx_HAL_Driver/stm32n6xx_hal_cortex.o
                0x34181d38                HAL_NVIC_DisableIRQ
 .text.HAL_SYSTICK_Config
                0x34181d54       0x18 ./Drivers/STM32N6xx_HAL_Driver/stm32n6xx_hal_cortex.o
                0x34181d54                HAL_SYSTICK_Config
 .text.HAL_DMA_Abort_IT
                0x34181d6c       0x52 ./Drivers/STM32N6xx_HAL_Driver/stm32n6xx_hal_dma.o
                0x34181d6c                HAL_DMA_Abort_IT
 .text.HAL_DMA_GetState
                0x34181dbe       0x1c ./Drivers/STM32N6xx_HAL_Driver/stm32n6xx_hal_dma.o
                0x34181dbe                HAL_DMA_GetState
 .text.HAL_DMAEx_GetFifoLevel
                0x34181dda       0x1e ./Drivers/STM32N6xx_HAL_Driver/stm32n6xx_hal_dma_ex.o
                0x34181dda                HAL_DMAEx_GetFifoLevel
 .text.HAL_EXTI_RegisterCallback
                0x34181df8       0x58 ./Drivers/STM32N6xx_HAL_Driver/stm32n6xx_hal_exti.o
                0x34181df8                HAL_EXTI_RegisterCallback
 .text.HAL_EXTI_GetHandle
                0x34181e50       0x28 ./Drivers/STM32N6xx_HAL_Driver/stm32n6xx_hal_exti.o
                0x34181e50                HAL_EXTI_GetHandle
 .text.HAL_GPIO_Init
                0x34181e78      0x364 ./Drivers/STM32N6xx_HAL_Driver/stm32n6xx_hal_gpio.o
                0x34181e78                HAL_GPIO_Init
 .text.HAL_GPIO_DeInit
                0x341821dc      0x280 ./Drivers/STM32N6xx_HAL_Driver/stm32n6xx_hal_gpio.o
                0x341821dc                HAL_GPIO_DeInit
 .text.HAL_GPIO_ReadPin
                0x3418245c       0x30 ./Drivers/STM32N6xx_HAL_Driver/stm32n6xx_hal_gpio.o
                0x3418245c                HAL_GPIO_ReadPin
 .text.HAL_GPIO_WritePin
                0x3418248c       0x30 ./Drivers/STM32N6xx_HAL_Driver/stm32n6xx_hal_gpio.o
                0x3418248c                HAL_GPIO_WritePin
 .text.HAL_GPIO_TogglePin
                0x341824bc       0x34 ./Drivers/STM32N6xx_HAL_Driver/stm32n6xx_hal_gpio.o
                0x341824bc                HAL_GPIO_TogglePin
 .text.HAL_I2C_Init
                0x341824f0      0x136 ./Drivers/STM32N6xx_HAL_Driver/stm32n6xx_hal_i2c.o
                0x341824f0                HAL_I2C_Init
 .text.HAL_I2C_DeInit
                0x34182626       0x5e ./Drivers/STM32N6xx_HAL_Driver/stm32n6xx_hal_i2c.o
                0x34182626                HAL_I2C_DeInit
 .text.HAL_I2C_Master_Transmit_IT
                0x34182684       0xe0 ./Drivers/STM32N6xx_HAL_Driver/stm32n6xx_hal_i2c.o
                0x34182684                HAL_I2C_Master_Transmit_IT
 .text.HAL_I2C_EV_IRQHandler
                0x34182764       0x34 ./Drivers/STM32N6xx_HAL_Driver/stm32n6xx_hal_i2c.o
                0x34182764                HAL_I2C_EV_IRQHandler
 .text.HAL_I2C_ER_IRQHandler
                0x34182798       0xc2 ./Drivers/STM32N6xx_HAL_Driver/stm32n6xx_hal_i2c.o
                0x34182798                HAL_I2C_ER_IRQHandler
 .text.HAL_I2C_MasterRxCpltCallback
                0x3418285a       0x14 ./Drivers/STM32N6xx_HAL_Driver/stm32n6xx_hal_i2c.o
                0x3418285a                HAL_I2C_MasterRxCpltCallback
 .text.HAL_I2C_SlaveTxCpltCallback
                0x3418286e       0x14 ./Drivers/STM32N6xx_HAL_Driver/stm32n6xx_hal_i2c.o
                0x3418286e                HAL_I2C_SlaveTxCpltCallback
 .text.HAL_I2C_SlaveRxCpltCallback
                0x34182882       0x14 ./Drivers/STM32N6xx_HAL_Driver/stm32n6xx_hal_i2c.o
                0x34182882                HAL_I2C_SlaveRxCpltCallback
 .text.HAL_I2C_AddrCallback
                0x34182896       0x1c ./Drivers/STM32N6xx_HAL_Driver/stm32n6xx_hal_i2c.o
                0x34182896                HAL_I2C_AddrCallback
 .text.HAL_I2C_ListenCpltCallback
                0x341828b2       0x14 ./Drivers/STM32N6xx_HAL_Driver/stm32n6xx_hal_i2c.o
                0x341828b2                HAL_I2C_ListenCpltCallback
 .text.HAL_I2C_MemTxCpltCallback
                0x341828c6       0x14 ./Drivers/STM32N6xx_HAL_Driver/stm32n6xx_hal_i2c.o
                0x341828c6                HAL_I2C_MemTxCpltCallback
 .text.HAL_I2C_MemRxCpltCallback
                0x341828da       0x14 ./Drivers/STM32N6xx_HAL_Driver/stm32n6xx_hal_i2c.o
                0x341828da                HAL_I2C_MemRxCpltCallback
 .text.HAL_I2C_AbortCpltCallback
                0x341828ee       0x14 ./Drivers/STM32N6xx_HAL_Driver/stm32n6xx_hal_i2c.o
                0x341828ee                HAL_I2C_AbortCpltCallback
 .text.HAL_I2C_GetState
                0x34182902       0x1c ./Drivers/STM32N6xx_HAL_Driver/stm32n6xx_hal_i2c.o
                0x34182902                HAL_I2C_GetState
 .text.HAL_I2C_GetError
                0x3418291e       0x18 ./Drivers/STM32N6xx_HAL_Driver/stm32n6xx_hal_i2c.o
                0x3418291e                HAL_I2C_GetError
 .text.I2C_Master_ISR_IT
                0x34182936      0x250 ./Drivers/STM32N6xx_HAL_Driver/stm32n6xx_hal_i2c.o
 .text.I2C_Slave_ISR_IT
                0x34182b86      0x208 ./Drivers/STM32N6xx_HAL_Driver/stm32n6xx_hal_i2c.o
 .text.I2C_Master_ISR_DMA
                0x34182d8e      0x1e6 ./Drivers/STM32N6xx_HAL_Driver/stm32n6xx_hal_i2c.o
 .text.I2C_Mem_ISR_DMA
                0x34182f74      0x260 ./Drivers/STM32N6xx_HAL_Driver/stm32n6xx_hal_i2c.o
 .text.I2C_Slave_ISR_DMA
                0x341831d4      0x1e4 ./Drivers/STM32N6xx_HAL_Driver/stm32n6xx_hal_i2c.o
 .text.I2C_ITAddrCplt
                0x341833b8      0x108 ./Drivers/STM32N6xx_HAL_Driver/stm32n6xx_hal_i2c.o
 .text.I2C_ITMasterSeqCplt
                0x341834c0       0x7a ./Drivers/STM32N6xx_HAL_Driver/stm32n6xx_hal_i2c.o
 .text.I2C_ITSlaveSeqCplt
                0x3418353a       0xbc ./Drivers/STM32N6xx_HAL_Driver/stm32n6xx_hal_i2c.o
 *fill*         0x341835f6        0x2 
 .text.I2C_ITMasterCplt
                0x341835f8      0x194 ./Drivers/STM32N6xx_HAL_Driver/stm32n6xx_hal_i2c.o
 .text.I2C_ITSlaveCplt
                0x3418378c      0x2f8 ./Drivers/STM32N6xx_HAL_Driver/stm32n6xx_hal_i2c.o
 .text.I2C_ITListenCplt
                0x34183a84       0xac ./Drivers/STM32N6xx_HAL_Driver/stm32n6xx_hal_i2c.o
 .text.I2C_ITError
                0x34183b30      0x1e0 ./Drivers/STM32N6xx_HAL_Driver/stm32n6xx_hal_i2c.o
 .text.I2C_TreatErrorCallback
                0x34183d10       0x4e ./Drivers/STM32N6xx_HAL_Driver/stm32n6xx_hal_i2c.o
 .text.I2C_Flush_TXDR
                0x34183d5e       0x48 ./Drivers/STM32N6xx_HAL_Driver/stm32n6xx_hal_i2c.o
 .text.I2C_DMAAbort
                0x34183da6       0x3c ./Drivers/STM32N6xx_HAL_Driver/stm32n6xx_hal_i2c.o
 *fill*         0x34183de2        0x2 
 .text.I2C_TransferConfig
                0x34183de4       0x64 ./Drivers/STM32N6xx_HAL_Driver/stm32n6xx_hal_i2c.o
 .text.I2C_Enable_IRQ
                0x34183e48      0x108 ./Drivers/STM32N6xx_HAL_Driver/stm32n6xx_hal_i2c.o
 .text.I2C_Disable_IRQ
                0x34183f50       0xbc ./Drivers/STM32N6xx_HAL_Driver/stm32n6xx_hal_i2c.o
 .text.HAL_I2CEx_ConfigAnalogFilter
                0x3418400c       0x96 ./Drivers/STM32N6xx_HAL_Driver/stm32n6xx_hal_i2c_ex.o
                0x3418400c                HAL_I2CEx_ConfigAnalogFilter
 .text.HAL_I2CEx_ConfigDigitalFilter
                0x341840a2       0x98 ./Drivers/STM32N6xx_HAL_Driver/stm32n6xx_hal_i2c_ex.o
                0x341840a2                HAL_I2CEx_ConfigDigitalFilter
 .text.HAL_I2CEx_ConfigFastModePlus
                0x3418413a       0x9e ./Drivers/STM32N6xx_HAL_Driver/stm32n6xx_hal_i2c_ex.o
                0x3418413a                HAL_I2CEx_ConfigFastModePlus
 .text.HAL_PWREx_ConfigSupply
                0x341841d8       0x50 ./Drivers/STM32N6xx_HAL_Driver/stm32n6xx_hal_pwr_ex.o
                0x341841d8                HAL_PWREx_ConfigSupply
 .text.HAL_PWREx_ControlVoltageScaling
                0x34184228       0x50 ./Drivers/STM32N6xx_HAL_Driver/stm32n6xx_hal_pwr_ex.o
                0x34184228                HAL_PWREx_ControlVoltageScaling
 .text.LL_RCC_HSE_IsReady
                0x34184278       0x24 ./Drivers/STM32N6xx_HAL_Driver/stm32n6xx_hal_rcc.o
 .text.LL_RCC_HSI_Enable
                0x3418429c       0x1c ./Drivers/STM32N6xx_HAL_Driver/stm32n6xx_hal_rcc.o
 .text.LL_RCC_HSI_Disable
                0x341842b8       0x20 ./Drivers/STM32N6xx_HAL_Driver/stm32n6xx_hal_rcc.o
 .text.LL_RCC_HSI_IsReady
                0x341842d8       0x24 ./Drivers/STM32N6xx_HAL_Driver/stm32n6xx_hal_rcc.o
 .text.LL_RCC_HSI_SetDivider
                0x341842fc       0x28 ./Drivers/STM32N6xx_HAL_Driver/stm32n6xx_hal_rcc.o
 .text.LL_RCC_HSI_GetDivider
                0x34184324       0x1c ./Drivers/STM32N6xx_HAL_Driver/stm32n6xx_hal_rcc.o
 .text.LL_RCC_HSI_SetCalibTrimming
                0x34184340       0x2c ./Drivers/STM32N6xx_HAL_Driver/stm32n6xx_hal_rcc.o
 .text.LL_RCC_MSI_Enable
                0x3418436c       0x1c ./Drivers/STM32N6xx_HAL_Driver/stm32n6xx_hal_rcc.o
 .text.LL_RCC_MSI_Disable
                0x34184388       0x20 ./Drivers/STM32N6xx_HAL_Driver/stm32n6xx_hal_rcc.o
 .text.LL_RCC_MSI_IsReady
                0x341843a8       0x24 ./Drivers/STM32N6xx_HAL_Driver/stm32n6xx_hal_rcc.o
 .text.LL_RCC_MSI_SetFrequency
                0x341843cc       0x28 ./Drivers/STM32N6xx_HAL_Driver/stm32n6xx_hal_rcc.o
 .text.LL_RCC_MSI_SetCalibTrimming
                0x341843f4       0x2c ./Drivers/STM32N6xx_HAL_Driver/stm32n6xx_hal_rcc.o
 .text.LL_RCC_LSE_IsReady
                0x34184420       0x24 ./Drivers/STM32N6xx_HAL_Driver/stm32n6xx_hal_rcc.o
 .text.LL_RCC_LSI_Enable
                0x34184444       0x1c ./Drivers/STM32N6xx_HAL_Driver/stm32n6xx_hal_rcc.o
 .text.LL_RCC_LSI_Disable
                0x34184460       0x20 ./Drivers/STM32N6xx_HAL_Driver/stm32n6xx_hal_rcc.o
 .text.LL_RCC_LSI_IsReady
                0x34184480       0x1c ./Drivers/STM32N6xx_HAL_Driver/stm32n6xx_hal_rcc.o
 .text.LL_RCC_GetCpuClkSource
                0x3418449c       0x1c ./Drivers/STM32N6xx_HAL_Driver/stm32n6xx_hal_rcc.o
 .text.LL_RCC_GetSysClkSource
                0x341844b8       0x1c ./Drivers/STM32N6xx_HAL_Driver/stm32n6xx_hal_rcc.o
 .text.LL_RCC_PLL1_GetSource
                0x341844d4       0x1c ./Drivers/STM32N6xx_HAL_Driver/stm32n6xx_hal_rcc.o
 .text.LL_RCC_PLL1_IsReady
                0x341844f0       0x28 ./Drivers/STM32N6xx_HAL_Driver/stm32n6xx_hal_rcc.o
 .text.LL_RCC_PLL1_IsEnabledBypass
                0x34184518       0x28 ./Drivers/STM32N6xx_HAL_Driver/stm32n6xx_hal_rcc.o
 .text.LL_RCC_PLL2_GetSource
                0x34184540       0x1c ./Drivers/STM32N6xx_HAL_Driver/stm32n6xx_hal_rcc.o
 .text.LL_RCC_PLL2_IsReady
                0x3418455c       0x28 ./Drivers/STM32N6xx_HAL_Driver/stm32n6xx_hal_rcc.o
 .text.LL_RCC_PLL2_IsEnabledBypass
                0x34184584       0x28 ./Drivers/STM32N6xx_HAL_Driver/stm32n6xx_hal_rcc.o
 .text.LL_RCC_PLL3_GetSource
                0x341845ac       0x1c ./Drivers/STM32N6xx_HAL_Driver/stm32n6xx_hal_rcc.o
 .text.LL_RCC_PLL3_IsReady
                0x341845c8       0x28 ./Drivers/STM32N6xx_HAL_Driver/stm32n6xx_hal_rcc.o
 .text.LL_RCC_PLL3_IsEnabledBypass
                0x341845f0       0x28 ./Drivers/STM32N6xx_HAL_Driver/stm32n6xx_hal_rcc.o
 .text.LL_RCC_PLL4_GetSource
                0x34184618       0x1c ./Drivers/STM32N6xx_HAL_Driver/stm32n6xx_hal_rcc.o
 .text.LL_RCC_PLL4_IsReady
                0x34184634       0x28 ./Drivers/STM32N6xx_HAL_Driver/stm32n6xx_hal_rcc.o
 .text.LL_RCC_PLL4_IsEnabledBypass
                0x3418465c       0x28 ./Drivers/STM32N6xx_HAL_Driver/stm32n6xx_hal_rcc.o
 .text.LL_RCC_IC1_Enable
                0x34184684       0x1c ./Drivers/STM32N6xx_HAL_Driver/stm32n6xx_hal_rcc.o
 .text.LL_RCC_IC1_GetSource
                0x341846a0       0x1c ./Drivers/STM32N6xx_HAL_Driver/stm32n6xx_hal_rcc.o
 .text.LL_RCC_IC1_GetDivider
                0x341846bc       0x20 ./Drivers/STM32N6xx_HAL_Driver/stm32n6xx_hal_rcc.o
 .text.LL_RCC_IC2_GetSource
                0x341846dc       0x1c ./Drivers/STM32N6xx_HAL_Driver/stm32n6xx_hal_rcc.o
 .text.LL_RCC_IC6_GetSource
                0x341846f8       0x1c ./Drivers/STM32N6xx_HAL_Driver/stm32n6xx_hal_rcc.o
 .text.LL_RCC_IC11_GetSource
                0x34184714       0x1c ./Drivers/STM32N6xx_HAL_Driver/stm32n6xx_hal_rcc.o
 .text.HAL_RCC_OscConfig
                0x34184730      0x7c0 ./Drivers/STM32N6xx_HAL_Driver/stm32n6xx_hal_rcc.o
                0x34184730                HAL_RCC_OscConfig
 .text.HAL_RCC_ClockConfig
                0x34184ef0      0x408 ./Drivers/STM32N6xx_HAL_Driver/stm32n6xx_hal_rcc.o
                0x34184ef0                HAL_RCC_ClockConfig
 .text.HAL_RCC_GetCpuClockFreq
                0x341852f8      0x100 ./Drivers/STM32N6xx_HAL_Driver/stm32n6xx_hal_rcc.o
                0x341852f8                HAL_RCC_GetCpuClockFreq
 .text.HAL_RCC_GetClockConfig
                0x341853f8       0xec ./Drivers/STM32N6xx_HAL_Driver/stm32n6xx_hal_rcc.o
                0x341853f8                HAL_RCC_GetClockConfig
 .text.RCC_PLL_Config
                0x341854e4      0x260 ./Drivers/STM32N6xx_HAL_Driver/stm32n6xx_hal_rcc.o
 .text.RCC_PLL_Enable
                0x34185744       0x58 ./Drivers/STM32N6xx_HAL_Driver/stm32n6xx_hal_rcc.o
 .text.RCC_PLL_IsNewConfig
                0x3418579c       0xf4 ./Drivers/STM32N6xx_HAL_Driver/stm32n6xx_hal_rcc.o
 .text.RCC_PLL_Source_IsReady
                0x34185890       0x74 ./Drivers/STM32N6xx_HAL_Driver/stm32n6xx_hal_rcc.o
 .text.RCC_IC_CheckPLLSources
                0x34185904      0x170 ./Drivers/STM32N6xx_HAL_Driver/stm32n6xx_hal_rcc.o
 .text.LL_RCC_HSE_SelectHSEAsDiv2Clock
                0x34185a74       0x20 ./Drivers/STM32N6xx_HAL_Driver/stm32n6xx_hal_rcc_ex.o
 .text.LL_RCC_HSE_SelectHSEDiv2AsDiv2Clock
                0x34185a94       0x20 ./Drivers/STM32N6xx_HAL_Driver/stm32n6xx_hal_rcc_ex.o
 .text.LL_RCC_HSE_IsReady
                0x34185ab4       0x24 ./Drivers/STM32N6xx_HAL_Driver/stm32n6xx_hal_rcc_ex.o
 .text.LL_RCC_HSI_IsReady
                0x34185ad8       0x24 ./Drivers/STM32N6xx_HAL_Driver/stm32n6xx_hal_rcc_ex.o
 .text.LL_RCC_HSI_GetDivider
                0x34185afc       0x1c ./Drivers/STM32N6xx_HAL_Driver/stm32n6xx_hal_rcc_ex.o
 .text.LL_RCC_MSI_IsReady
                0x34185b18       0x24 ./Drivers/STM32N6xx_HAL_Driver/stm32n6xx_hal_rcc_ex.o
 .text.LL_RCC_MSI_GetFrequency
                0x34185b3c       0x1c ./Drivers/STM32N6xx_HAL_Driver/stm32n6xx_hal_rcc_ex.o
 .text.LL_RCC_LSE_IsReady
                0x34185b58       0x24 ./Drivers/STM32N6xx_HAL_Driver/stm32n6xx_hal_rcc_ex.o
 .text.LL_RCC_SetClockSource
                0x34185b7c       0x54 ./Drivers/STM32N6xx_HAL_Driver/stm32n6xx_hal_rcc_ex.o
 .text.LL_RCC_SetADFClockSource
                0x34185bd0       0x2c ./Drivers/STM32N6xx_HAL_Driver/stm32n6xx_hal_rcc_ex.o
 .text.LL_RCC_SetCLKPClockSource
                0x34185bfc       0x2c ./Drivers/STM32N6xx_HAL_Driver/stm32n6xx_hal_rcc_ex.o
 .text.LL_RCC_SetDCMIPPClockSource
                0x34185c28       0x2c ./Drivers/STM32N6xx_HAL_Driver/stm32n6xx_hal_rcc_ex.o
 .text.LL_RCC_SetETHClockSource
                0x34185c54       0x2c ./Drivers/STM32N6xx_HAL_Driver/stm32n6xx_hal_rcc_ex.o
 .text.LL_RCC_SetETHPHYInterface
                0x34185c80       0x2c ./Drivers/STM32N6xx_HAL_Driver/stm32n6xx_hal_rcc_ex.o
 .text.LL_RCC_SetETHREFRXClockSource
                0x34185cac       0x2c ./Drivers/STM32N6xx_HAL_Driver/stm32n6xx_hal_rcc_ex.o
 .text.LL_RCC_SetETHREFTXClockSource
                0x34185cd8       0x2c ./Drivers/STM32N6xx_HAL_Driver/stm32n6xx_hal_rcc_ex.o
 .text.LL_RCC_SetFDCANClockSource
                0x34185d04       0x2c ./Drivers/STM32N6xx_HAL_Driver/stm32n6xx_hal_rcc_ex.o
 .text.LL_RCC_SetFMCClockSource
                0x34185d30       0x2c ./Drivers/STM32N6xx_HAL_Driver/stm32n6xx_hal_rcc_ex.o
 .text.LL_RCC_SetI2CClockSource
                0x34185d5c       0x16 ./Drivers/STM32N6xx_HAL_Driver/stm32n6xx_hal_rcc_ex.o
 .text.LL_RCC_SetI3CClockSource
                0x34185d72       0x16 ./Drivers/STM32N6xx_HAL_Driver/stm32n6xx_hal_rcc_ex.o
 .text.LL_RCC_SetLPTIMClockSource
                0x34185d88       0x16 ./Drivers/STM32N6xx_HAL_Driver/stm32n6xx_hal_rcc_ex.o
 *fill*         0x34185d9e        0x2 
 .text.LL_RCC_SetLPUARTClockSource
                0x34185da0       0x2c ./Drivers/STM32N6xx_HAL_Driver/stm32n6xx_hal_rcc_ex.o
 .text.LL_RCC_SetLTDCClockSource
                0x34185dcc       0x2c ./Drivers/STM32N6xx_HAL_Driver/stm32n6xx_hal_rcc_ex.o
 .text.LL_RCC_SetMDFClockSource
                0x34185df8       0x2c ./Drivers/STM32N6xx_HAL_Driver/stm32n6xx_hal_rcc_ex.o
 .text.LL_RCC_SetOTGPHYClockSource
                0x34185e24       0x16 ./Drivers/STM32N6xx_HAL_Driver/stm32n6xx_hal_rcc_ex.o
 .text.LL_RCC_SetOTGPHYCKREFClockSource
                0x34185e3a       0x16 ./Drivers/STM32N6xx_HAL_Driver/stm32n6xx_hal_rcc_ex.o
 .text.LL_RCC_SetPSSIClockSource
                0x34185e50       0x2c ./Drivers/STM32N6xx_HAL_Driver/stm32n6xx_hal_rcc_ex.o
 .text.LL_RCC_SetSAIClockSource
                0x34185e7c       0x16 ./Drivers/STM32N6xx_HAL_Driver/stm32n6xx_hal_rcc_ex.o
 .text.LL_RCC_SetSDMMCClockSource
                0x34185e92       0x16 ./Drivers/STM32N6xx_HAL_Driver/stm32n6xx_hal_rcc_ex.o
 .text.LL_RCC_SetSPDIFRXClockSource
                0x34185ea8       0x2c ./Drivers/STM32N6xx_HAL_Driver/stm32n6xx_hal_rcc_ex.o
 .text.LL_RCC_SetSPIClockSource
                0x34185ed4       0x16 ./Drivers/STM32N6xx_HAL_Driver/stm32n6xx_hal_rcc_ex.o
 .text.LL_RCC_SetUSARTClockSource
                0x34185eea       0x16 ./Drivers/STM32N6xx_HAL_Driver/stm32n6xx_hal_rcc_ex.o
 .text.LL_RCC_SetXSPIClockSource
                0x34185f00       0x16 ./Drivers/STM32N6xx_HAL_Driver/stm32n6xx_hal_rcc_ex.o
 *fill*         0x34185f16        0x2 
 .text.LL_RCC_SetRTCClockSource
                0x34185f18       0x2c ./Drivers/STM32N6xx_HAL_Driver/stm32n6xx_hal_rcc_ex.o
 .text.LL_RCC_GetRTCClockSource
                0x34185f44       0x1c ./Drivers/STM32N6xx_HAL_Driver/stm32n6xx_hal_rcc_ex.o
 .text.LL_RCC_SetRTC_HSEPrescaler
                0x34185f60       0x2c ./Drivers/STM32N6xx_HAL_Driver/stm32n6xx_hal_rcc_ex.o
 .text.LL_RCC_SetTIMPrescaler
                0x34185f8c       0x2c ./Drivers/STM32N6xx_HAL_Driver/stm32n6xx_hal_rcc_ex.o
 .text.LL_RCC_PLL1_GetSource
                0x34185fb8       0x1c ./Drivers/STM32N6xx_HAL_Driver/stm32n6xx_hal_rcc_ex.o
 .text.LL_RCC_PLL1_IsReady
                0x34185fd4       0x28 ./Drivers/STM32N6xx_HAL_Driver/stm32n6xx_hal_rcc_ex.o
 .text.LL_RCC_PLL1_IsEnabledBypass
                0x34185ffc       0x28 ./Drivers/STM32N6xx_HAL_Driver/stm32n6xx_hal_rcc_ex.o
 .text.LL_RCC_PLL1_GetN
                0x34186024       0x20 ./Drivers/STM32N6xx_HAL_Driver/stm32n6xx_hal_rcc_ex.o
 .text.LL_RCC_PLL1_GetM
                0x34186044       0x20 ./Drivers/STM32N6xx_HAL_Driver/stm32n6xx_hal_rcc_ex.o
 .text.LL_RCC_PLL1_GetP1
                0x34186064       0x20 ./Drivers/STM32N6xx_HAL_Driver/stm32n6xx_hal_rcc_ex.o
 .text.LL_RCC_PLL1_GetP2
                0x34186084       0x20 ./Drivers/STM32N6xx_HAL_Driver/stm32n6xx_hal_rcc_ex.o
 .text.LL_RCC_PLL1P_IsEnabled
                0x341860a4       0x28 ./Drivers/STM32N6xx_HAL_Driver/stm32n6xx_hal_rcc_ex.o
 .text.LL_RCC_PLL1_GetFRACN
                0x341860cc       0x1c ./Drivers/STM32N6xx_HAL_Driver/stm32n6xx_hal_rcc_ex.o
 .text.LL_RCC_PLL2_GetSource
                0x341860e8       0x1c ./Drivers/STM32N6xx_HAL_Driver/stm32n6xx_hal_rcc_ex.o
 .text.LL_RCC_PLL2_IsReady
                0x34186104       0x28 ./Drivers/STM32N6xx_HAL_Driver/stm32n6xx_hal_rcc_ex.o
 .text.LL_RCC_PLL2_IsEnabledBypass
                0x3418612c       0x28 ./Drivers/STM32N6xx_HAL_Driver/stm32n6xx_hal_rcc_ex.o
 .text.LL_RCC_PLL2_GetN
                0x34186154       0x20 ./Drivers/STM32N6xx_HAL_Driver/stm32n6xx_hal_rcc_ex.o
 .text.LL_RCC_PLL2_GetM
                0x34186174       0x20 ./Drivers/STM32N6xx_HAL_Driver/stm32n6xx_hal_rcc_ex.o
 .text.LL_RCC_PLL2_GetP1
                0x34186194       0x20 ./Drivers/STM32N6xx_HAL_Driver/stm32n6xx_hal_rcc_ex.o
 .text.LL_RCC_PLL2_GetP2
                0x341861b4       0x20 ./Drivers/STM32N6xx_HAL_Driver/stm32n6xx_hal_rcc_ex.o
 .text.LL_RCC_PLL2P_IsEnabled
                0x341861d4       0x28 ./Drivers/STM32N6xx_HAL_Driver/stm32n6xx_hal_rcc_ex.o
 .text.LL_RCC_PLL2_GetFRACN
                0x341861fc       0x1c ./Drivers/STM32N6xx_HAL_Driver/stm32n6xx_hal_rcc_ex.o
 .text.LL_RCC_PLL3_GetSource
                0x34186218       0x1c ./Drivers/STM32N6xx_HAL_Driver/stm32n6xx_hal_rcc_ex.o
 .text.LL_RCC_PLL3_IsReady
                0x34186234       0x28 ./Drivers/STM32N6xx_HAL_Driver/stm32n6xx_hal_rcc_ex.o
 .text.LL_RCC_PLL3_IsEnabledBypass
                0x3418625c       0x28 ./Drivers/STM32N6xx_HAL_Driver/stm32n6xx_hal_rcc_ex.o
 .text.LL_RCC_PLL3_GetN
                0x34186284       0x20 ./Drivers/STM32N6xx_HAL_Driver/stm32n6xx_hal_rcc_ex.o
 .text.LL_RCC_PLL3_GetM
                0x341862a4       0x20 ./Drivers/STM32N6xx_HAL_Driver/stm32n6xx_hal_rcc_ex.o
 .text.LL_RCC_PLL3_GetP1
                0x341862c4       0x20 ./Drivers/STM32N6xx_HAL_Driver/stm32n6xx_hal_rcc_ex.o
 .text.LL_RCC_PLL3_GetP2
                0x341862e4       0x20 ./Drivers/STM32N6xx_HAL_Driver/stm32n6xx_hal_rcc_ex.o
 .text.LL_RCC_PLL3P_IsEnabled
                0x34186304       0x28 ./Drivers/STM32N6xx_HAL_Driver/stm32n6xx_hal_rcc_ex.o
 .text.LL_RCC_PLL3_GetFRACN
                0x3418632c       0x1c ./Drivers/STM32N6xx_HAL_Driver/stm32n6xx_hal_rcc_ex.o
 .text.LL_RCC_PLL4_GetSource
                0x34186348       0x1c ./Drivers/STM32N6xx_HAL_Driver/stm32n6xx_hal_rcc_ex.o
 .text.LL_RCC_PLL4_IsReady
                0x34186364       0x28 ./Drivers/STM32N6xx_HAL_Driver/stm32n6xx_hal_rcc_ex.o
 .text.LL_RCC_PLL4_IsEnabledBypass
                0x3418638c       0x28 ./Drivers/STM32N6xx_HAL_Driver/stm32n6xx_hal_rcc_ex.o
 .text.LL_RCC_PLL4_GetN
                0x341863b4       0x20 ./Drivers/STM32N6xx_HAL_Driver/stm32n6xx_hal_rcc_ex.o
 .text.LL_RCC_PLL4_GetM
                0x341863d4       0x20 ./Drivers/STM32N6xx_HAL_Driver/stm32n6xx_hal_rcc_ex.o
 .text.LL_RCC_PLL4_GetP1
                0x341863f4       0x20 ./Drivers/STM32N6xx_HAL_Driver/stm32n6xx_hal_rcc_ex.o
 .text.LL_RCC_PLL4_GetP2
                0x34186414       0x20 ./Drivers/STM32N6xx_HAL_Driver/stm32n6xx_hal_rcc_ex.o
 .text.LL_RCC_PLL4P_IsEnabled
                0x34186434       0x28 ./Drivers/STM32N6xx_HAL_Driver/stm32n6xx_hal_rcc_ex.o
 .text.LL_RCC_PLL4_GetFRACN
                0x3418645c       0x1c ./Drivers/STM32N6xx_HAL_Driver/stm32n6xx_hal_rcc_ex.o
 .text.LL_RCC_IC3_Enable
                0x34186478       0x1c ./Drivers/STM32N6xx_HAL_Driver/stm32n6xx_hal_rcc_ex.o
 .text.LL_RCC_IC4_Enable
                0x34186494       0x1c ./Drivers/STM32N6xx_HAL_Driver/stm32n6xx_hal_rcc_ex.o
 .text.LL_RCC_IC5_Enable
                0x341864b0       0x1c ./Drivers/STM32N6xx_HAL_Driver/stm32n6xx_hal_rcc_ex.o
 .text.LL_RCC_IC7_Enable
                0x341864cc       0x1c ./Drivers/STM32N6xx_HAL_Driver/stm32n6xx_hal_rcc_ex.o
 .text.LL_RCC_IC8_Enable
                0x341864e8       0x1c ./Drivers/STM32N6xx_HAL_Driver/stm32n6xx_hal_rcc_ex.o
 .text.LL_RCC_IC9_Enable
                0x34186504       0x1c ./Drivers/STM32N6xx_HAL_Driver/stm32n6xx_hal_rcc_ex.o
 .text.LL_RCC_IC10_Enable
                0x34186520       0x1c ./Drivers/STM32N6xx_HAL_Driver/stm32n6xx_hal_rcc_ex.o
 .text.LL_RCC_IC12_Enable
                0x3418653c       0x1c ./Drivers/STM32N6xx_HAL_Driver/stm32n6xx_hal_rcc_ex.o
 .text.LL_RCC_IC13_Enable
                0x34186558       0x1c ./Drivers/STM32N6xx_HAL_Driver/stm32n6xx_hal_rcc_ex.o
 .text.LL_RCC_IC14_Enable
                0x34186574       0x1c ./Drivers/STM32N6xx_HAL_Driver/stm32n6xx_hal_rcc_ex.o
 .text.LL_RCC_IC15_Enable
                0x34186590       0x1c ./Drivers/STM32N6xx_HAL_Driver/stm32n6xx_hal_rcc_ex.o
 .text.LL_RCC_IC16_Enable
                0x341865ac       0x1c ./Drivers/STM32N6xx_HAL_Driver/stm32n6xx_hal_rcc_ex.o
 .text.LL_RCC_IC17_Enable
                0x341865c8       0x1c ./Drivers/STM32N6xx_HAL_Driver/stm32n6xx_hal_rcc_ex.o
 .text.LL_RCC_IC18_Enable
                0x341865e4       0x1c ./Drivers/STM32N6xx_HAL_Driver/stm32n6xx_hal_rcc_ex.o
 .text.LL_RCC_IC19_Enable
                0x34186600       0x1c ./Drivers/STM32N6xx_HAL_Driver/stm32n6xx_hal_rcc_ex.o
 .text.LL_RCC_IC20_Enable
                0x3418661c       0x1c ./Drivers/STM32N6xx_HAL_Driver/stm32n6xx_hal_rcc_ex.o
 .text.LL_RCC_CLKP_Enable
                0x34186638       0x1c ./Drivers/STM32N6xx_HAL_Driver/stm32n6xx_hal_rcc_ex.o
 .text.HAL_RCCEx_PeriphCLKConfig
                0x34186654     0x25c8 ./Drivers/STM32N6xx_HAL_Driver/stm32n6xx_hal_rcc_ex.o
                0x34186654                HAL_RCCEx_PeriphCLKConfig
 .text.HAL_RCCEx_GetPLL1CLKFreq
                0x34188c1c       0x8c ./Drivers/STM32N6xx_HAL_Driver/stm32n6xx_hal_rcc_ex.o
                0x34188c1c                HAL_RCCEx_GetPLL1CLKFreq
 .text.HAL_RCCEx_GetPLL2CLKFreq
                0x34188ca8       0x8c ./Drivers/STM32N6xx_HAL_Driver/stm32n6xx_hal_rcc_ex.o
                0x34188ca8                HAL_RCCEx_GetPLL2CLKFreq
 .text.HAL_RCCEx_GetPLL3CLKFreq
                0x34188d34       0x8c ./Drivers/STM32N6xx_HAL_Driver/stm32n6xx_hal_rcc_ex.o
                0x34188d34                HAL_RCCEx_GetPLL3CLKFreq
 .text.HAL_RCCEx_GetPLL4CLKFreq
                0x34188dc0       0x8c ./Drivers/STM32N6xx_HAL_Driver/stm32n6xx_hal_rcc_ex.o
                0x34188dc0                HAL_RCCEx_GetPLL4CLKFreq
 .text.RCCEx_GetPLLSourceFreq
                0x34188e4c       0xbc ./Drivers/STM32N6xx_HAL_Driver/stm32n6xx_hal_rcc_ex.o
 .text.RCCEx_CalcPLLFreq
                0x34188f08       0x98 ./Drivers/STM32N6xx_HAL_Driver/stm32n6xx_hal_rcc_ex.o
 .text.HAL_TIM_Base_Init
                0x34188fa0       0xae ./Drivers/STM32N6xx_HAL_Driver/stm32n6xx_hal_tim.o
                0x34188fa0                HAL_TIM_Base_Init
 *fill*         0x3418904e        0x2 
 .text.HAL_TIM_Base_Start_IT
                0x34189050      0x170 ./Drivers/STM32N6xx_HAL_Driver/stm32n6xx_hal_tim.o
                0x34189050                HAL_TIM_Base_Start_IT
 .text.HAL_TIM_IC_Init
                0x341891c0       0xae ./Drivers/STM32N6xx_HAL_Driver/stm32n6xx_hal_tim.o
                0x341891c0                HAL_TIM_IC_Init
 .text.HAL_TIM_IC_MspInit
                0x3418926e       0x14 ./Drivers/STM32N6xx_HAL_Driver/stm32n6xx_hal_tim.o
                0x3418926e                HAL_TIM_IC_MspInit
 .text.HAL_TIM_IRQHandler
                0x34189282      0x29e ./Drivers/STM32N6xx_HAL_Driver/stm32n6xx_hal_tim.o
                0x34189282                HAL_TIM_IRQHandler
 .text.HAL_TIM_IC_ConfigChannel
                0x34189520      0x138 ./Drivers/STM32N6xx_HAL_Driver/stm32n6xx_hal_tim.o
                0x34189520                HAL_TIM_IC_ConfigChannel
 .text.HAL_TIM_SlaveConfigSynchro
                0x34189658       0x84 ./Drivers/STM32N6xx_HAL_Driver/stm32n6xx_hal_tim.o
                0x34189658                HAL_TIM_SlaveConfigSynchro
 .text.HAL_TIM_OC_DelayElapsedCallback
                0x341896dc       0x14 ./Drivers/STM32N6xx_HAL_Driver/stm32n6xx_hal_tim.o
                0x341896dc                HAL_TIM_OC_DelayElapsedCallback
 .text.HAL_TIM_IC_CaptureCallback
                0x341896f0       0x14 ./Drivers/STM32N6xx_HAL_Driver/stm32n6xx_hal_tim.o
                0x341896f0                HAL_TIM_IC_CaptureCallback
 .text.HAL_TIM_PWM_PulseFinishedCallback
                0x34189704       0x14 ./Drivers/STM32N6xx_HAL_Driver/stm32n6xx_hal_tim.o
                0x34189704                HAL_TIM_PWM_PulseFinishedCallback
 .text.HAL_TIM_TriggerCallback
                0x34189718       0x14 ./Drivers/STM32N6xx_HAL_Driver/stm32n6xx_hal_tim.o
                0x34189718                HAL_TIM_TriggerCallback
 .text.TIM_Base_SetConfig
                0x3418972c      0x228 ./Drivers/STM32N6xx_HAL_Driver/stm32n6xx_hal_tim.o
                0x3418972c                TIM_Base_SetConfig
 .text.TIM_SlaveTimer_SetConfig
                0x34189954      0x1e4 ./Drivers/STM32N6xx_HAL_Driver/stm32n6xx_hal_tim.o
 .text.TIM_TI1_SetConfig
                0x34189b38      0x154 ./Drivers/STM32N6xx_HAL_Driver/stm32n6xx_hal_tim.o
                0x34189b38                TIM_TI1_SetConfig
 .text.TIM_TI1_ConfigInputStage
                0x34189c8c       0x5e ./Drivers/STM32N6xx_HAL_Driver/stm32n6xx_hal_tim.o
 .text.TIM_TI2_SetConfig
                0x34189cea       0x7a ./Drivers/STM32N6xx_HAL_Driver/stm32n6xx_hal_tim.o
 .text.TIM_TI2_ConfigInputStage
                0x34189d64       0x60 ./Drivers/STM32N6xx_HAL_Driver/stm32n6xx_hal_tim.o
 .text.TIM_TI3_SetConfig
                0x34189dc4       0x78 ./Drivers/STM32N6xx_HAL_Driver/stm32n6xx_hal_tim.o
 .text.TIM_TI4_SetConfig
                0x34189e3c       0x7a ./Drivers/STM32N6xx_HAL_Driver/stm32n6xx_hal_tim.o
 .text.TIM_ETR_SetConfig
                0x34189eb6       0x40 ./Drivers/STM32N6xx_HAL_Driver/stm32n6xx_hal_tim.o
                0x34189eb6                TIM_ETR_SetConfig
 *fill*         0x34189ef6        0x2 
 .text.HAL_TIMEx_MasterConfigSynchronization
                0x34189ef8      0x1b4 ./Drivers/STM32N6xx_HAL_Driver/stm32n6xx_hal_tim_ex.o
                0x34189ef8                HAL_TIMEx_MasterConfigSynchronization
 .text.HAL_TIMEx_CommutCallback
                0x3418a0ac       0x14 ./Drivers/STM32N6xx_HAL_Driver/stm32n6xx_hal_tim_ex.o
                0x3418a0ac                HAL_TIMEx_CommutCallback
 .text.HAL_TIMEx_BreakCallback
                0x3418a0c0       0x14 ./Drivers/STM32N6xx_HAL_Driver/stm32n6xx_hal_tim_ex.o
                0x3418a0c0                HAL_TIMEx_BreakCallback
 .text.HAL_TIMEx_Break2Callback
                0x3418a0d4       0x14 ./Drivers/STM32N6xx_HAL_Driver/stm32n6xx_hal_tim_ex.o
                0x3418a0d4                HAL_TIMEx_Break2Callback
 .text.HAL_TIMEx_EncoderIndexCallback
                0x3418a0e8       0x14 ./Drivers/STM32N6xx_HAL_Driver/stm32n6xx_hal_tim_ex.o
                0x3418a0e8                HAL_TIMEx_EncoderIndexCallback
 .text.HAL_TIMEx_DirectionChangeCallback
                0x3418a0fc       0x14 ./Drivers/STM32N6xx_HAL_Driver/stm32n6xx_hal_tim_ex.o
                0x3418a0fc                HAL_TIMEx_DirectionChangeCallback
 .text.HAL_TIMEx_IndexErrorCallback
                0x3418a110       0x14 ./Drivers/STM32N6xx_HAL_Driver/stm32n6xx_hal_tim_ex.o
                0x3418a110                HAL_TIMEx_IndexErrorCallback
 .text.HAL_TIMEx_TransitionErrorCallback
                0x3418a124       0x14 ./Drivers/STM32N6xx_HAL_Driver/stm32n6xx_hal_tim_ex.o
                0x3418a124                HAL_TIMEx_TransitionErrorCallback
 .text.memset   0x3418a138       0x10 C:/ST/STM32CubeIDE_1.19.0/STM32CubeIDE/plugins/com.st.stm32cube.ide.mcu.externaltools.gnu-tools-for-stm32.14.3.rel1.win32_1.0.100.202602081740/tools/bin/../lib/gcc/arm-none-eabi/14.3.1/../../../../arm-none-eabi/lib/thumb/v8-m.main+dp/hard\libc_nano.a(libc_a-memset.o)
                0x3418a138                memset
 .text.__libc_init_array
                0x3418a148       0x48 C:/ST/STM32CubeIDE_1.19.0/STM32CubeIDE/plugins/com.st.stm32cube.ide.mcu.externaltools.gnu-tools-for-stm32.14.3.rel1.win32_1.0.100.202602081740/tools/bin/../lib/gcc/arm-none-eabi/14.3.1/../../../../arm-none-eabi/lib/thumb/v8-m.main+dp/hard\libc_nano.a(libc_a-init.o)
                0x3418a148                __libc_init_array
 *(.glue_7)
 .glue_7        0x3418a190        0x0 linker stubs
 *(.glue_7t)
 .glue_7t       0x3418a190        0x0 linker stubs
 *(.eh_frame)
 .eh_frame      0x3418a190        0x0 C:/ST/STM32CubeIDE_1.19.0/STM32CubeIDE/plugins/com.st.stm32cube.ide.mcu.externaltools.gnu-tools-for-stm32.14.3.rel1.win32_1.0.100.202602081740/tools/bin/../lib/gcc/arm-none-eabi/14.3.1/thumb/v8-m.main+dp/hard/crtbegin.o
 *(.RamFunc)
 *(.RamFunc*)
 *(.init)
 .init          0x3418a190        0x4 C:/ST/STM32CubeIDE_1.19.0/STM32CubeIDE/plugins/com.st.stm32cube.ide.mcu.externaltools.gnu-tools-for-stm32.14.3.rel1.win32_1.0.100.202602081740/tools/bin/../lib/gcc/arm-none-eabi/14.3.1/thumb/v8-m.main+dp/hard/crti.o
                0x3418a190                _init
 .init          0x3418a194        0x8 C:/ST/STM32CubeIDE_1.19.0/STM32CubeIDE/plugins/com.st.stm32cube.ide.mcu.externaltools.gnu-tools-for-stm32.14.3.rel1.win32_1.0.100.202602081740/tools/bin/../lib/gcc/arm-none-eabi/14.3.1/thumb/v8-m.main+dp/hard/crtn.o
 *(.fini)
 .fini          0x3418a19c        0x4 C:/ST/STM32CubeIDE_1.19.0/STM32CubeIDE/plugins/com.st.stm32cube.ide.mcu.externaltools.gnu-tools-for-stm32.14.3.rel1.win32_1.0.100.202602081740/tools/bin/../lib/gcc/arm-none-eabi/14.3.1/thumb/v8-m.main+dp/hard/crti.o
                0x3418a19c                _fini
 .fini          0x3418a1a0        0x8 C:/ST/STM32CubeIDE_1.19.0/STM32CubeIDE/plugins/com.st.stm32cube.ide.mcu.externaltools.gnu-tools-for-stm32.14.3.rel1.win32_1.0.100.202602081740/tools/bin/../lib/gcc/arm-none-eabi/14.3.1/thumb/v8-m.main+dp/hard/crtn.o
                0x3418a1a8                        . = ALIGN (0x4)
                0x3418a1a8                        _etext = .

.vfp11_veneer   0x3418a1a8        0x0
 .vfp11_veneer  0x3418a1a8        0x0 linker stubs

.v4_bx          0x3418a1a8        0x0
 .v4_bx         0x3418a1a8        0x0 linker stubs

.iplt           0x3418a1a8        0x0
 .iplt          0x3418a1a8        0x0 C:/ST/STM32CubeIDE_1.19.0/STM32CubeIDE/plugins/com.st.stm32cube.ide.mcu.externaltools.gnu-tools-for-stm32.14.3.rel1.win32_1.0.100.202602081740/tools/bin/../lib/gcc/arm-none-eabi/14.3.1/thumb/v8-m.main+dp/hard/crtbegin.o

.rodata         0x3418a1a8        0x0
                0x3418a1a8                        . = ALIGN (0x4)
 *(.rodata)
 *(.rodata*)
                0x3418a1a8                        . = ALIGN (0x4)

.ARM.extab      0x3418a1a8        0x0
                0x3418a1a8                        . = ALIGN (0x4)
 *(.ARM.extab* .gnu.linkonce.armextab.*)
                0x3418a1a8                        . = ALIGN (0x4)

.ARM            0x3418a1a8        0x0
                0x3418a1a8                        . = ALIGN (0x4)
                0x3418a1a8                        __exidx_start = .
 *(.ARM.exidx*)
                0x3418a1a8                        __exidx_end = .
                0x3418a1a8                        . = ALIGN (0x4)

.preinit_array  0x3418a1a8        0x0
                0x3418a1a8                        . = ALIGN (0x4)
                0x3418a1a8                        PROVIDE (__preinit_array_start = .)
 *(.preinit_array*)
                0x3418a1a8                        PROVIDE (__preinit_array_end = .)
                0x3418a1a8                        . = ALIGN (0x4)

.init_array     0x3418a1a8        0x4
                0x3418a1a8                        . = ALIGN (0x4)
                0x3418a1a8                        PROVIDE (__init_array_start = .)
 *(SORT_BY_NAME(.init_array.*))
 *(.init_array*)
 .init_array    0x3418a1a8        0x4 C:/ST/STM32CubeIDE_1.19.0/STM32CubeIDE/plugins/com.st.stm32cube.ide.mcu.externaltools.gnu-tools-for-stm32.14.3.rel1.win32_1.0.100.202602081740/tools/bin/../lib/gcc/arm-none-eabi/14.3.1/thumb/v8-m.main+dp/hard/crtbegin.o
                0x3418a1ac                        PROVIDE (__init_array_end = .)
                0x3418a1ac                        . = ALIGN (0x4)

.fini_array     0x3418a1ac        0x4
                0x3418a1ac                        . = ALIGN (0x4)
                [!provide]                        PROVIDE (__fini_array_start = .)
 *(SORT_BY_NAME(.fini_array.*))
 *(.fini_array*)
 .fini_array    0x3418a1ac        0x4 C:/ST/STM32CubeIDE_1.19.0/STM32CubeIDE/plugins/com.st.stm32cube.ide.mcu.externaltools.gnu-tools-for-stm32.14.3.rel1.win32_1.0.100.202602081740/tools/bin/../lib/gcc/arm-none-eabi/14.3.1/thumb/v8-m.main+dp/hard/crtbegin.o
                [!provide]                        PROVIDE (__fini_array_end = .)
                0x3418a1b0                        . = ALIGN (0x4)
                0x3418a1b0                        _sidata = LOADADDR (.data)

.rel.dyn        0x3418a1b0        0x0
 .rel.iplt      0x3418a1b0        0x0 C:/ST/STM32CubeIDE_1.19.0/STM32CubeIDE/plugins/com.st.stm32cube.ide.mcu.externaltools.gnu-tools-for-stm32.14.3.rel1.win32_1.0.100.202602081740/tools/bin/../lib/gcc/arm-none-eabi/14.3.1/thumb/v8-m.main+dp/hard/crtbegin.o

.data           0x341c0000       0x44 load address 0x3418a1b0
                0x341c0000                        . = ALIGN (0x4)
                0x341c0000                        _sdata = .
 *(.data)
 *(.data*)
 .data.aTxBufferMaster1
                0x341c0000        0xc ./Application/User/main.o
                0x341c0000                aTxBufferMaster1
 .data.aTxBufferMaster2
                0x341c000c        0xc ./Application/User/main.o
                0x341c000c                aTxBufferMaster2
 .data.LED_PIN  0x341c0018        0x6 ./Drivers/BSP/STM32N6xx_Nucleo/stm32n6xx_nucleo.o
 *fill*         0x341c001e        0x2 
 .data.LED_PORT
                0x341c0020        0xc ./Drivers/BSP/STM32N6xx_Nucleo/stm32n6xx_nucleo.o
 .data.BUTTON_PIN
                0x341c002c        0x2 ./Drivers/BSP/STM32N6xx_Nucleo/stm32n6xx_nucleo.o
 *fill*         0x341c002e        0x2 
 .data.BUTTON_PORT
                0x341c0030        0x4 ./Drivers/BSP/STM32N6xx_Nucleo/stm32n6xx_nucleo.o
 .data.BUTTON_IRQn
                0x341c0034        0x2 ./Drivers/BSP/STM32N6xx_Nucleo/stm32n6xx_nucleo.o
 *fill*         0x341c0036        0x2 
 .data.SystemCoreClock
                0x341c0038        0x4 ./Drivers/CMSIS/system_stm32n6xx_fsbl.o
                0x341c0038                SystemCoreClock
 .data.uwTickPrio
                0x341c003c        0x4 ./Drivers/STM32N6xx_HAL_Driver/stm32n6xx_hal.o
                0x341c003c                uwTickPrio
 .data.uwTickFreq
                0x341c0040        0x1 ./Drivers/STM32N6xx_HAL_Driver/stm32n6xx_hal.o
                0x341c0040                uwTickFreq
                0x341c0044                        . = ALIGN (0x4)
 *fill*         0x341c0041        0x3 
                0x341c0044                        _edata = .

.igot.plt       0x341c0044        0x0 load address 0x3418a1f4
 .igot.plt      0x341c0044        0x0 C:/ST/STM32CubeIDE_1.19.0/STM32CubeIDE/plugins/com.st.stm32cube.ide.mcu.externaltools.gnu-tools-for-stm32.14.3.rel1.win32_1.0.100.202602081740/tools/bin/../lib/gcc/arm-none-eabi/14.3.1/thumb/v8-m.main+dp/hard/crtbegin.o

.noncacheable   0x341c0044        0x4 load address 0x3418a1f4
                0x341c0048                        . = ALIGN (0x8)
 *fill*         0x341c0044        0x4 
                0x341c0048                        __snoncacheable = .
 *(.noncacheable)
                0x341c0048                        . = ALIGN (0x8)
                0x341c0048                        __enoncacheable = .

.gnu.sgstubs    0x3418a200       0x20
                0x3418a200                        . = ALIGN (0x4)
 *(.gnu.sgstubs*)
                0x3418a200                        . = ALIGN (0x4)
 .gnu.sgstubs.__stub
                0x3418a200        0x8 linker stubs
                0x3418a200                SECURE_SystemCoreClockUpdate
                0x3418a208                        . = ALIGN (0x4)

.bss            0x341c0048      0x130
                0x341c0048                        _sbss = .
                0x341c0048                        __bss_start__ = _sbss
 *(.bss)
 .bss           0x341c0048       0x1c C:/ST/STM32CubeIDE_1.19.0/STM32CubeIDE/plugins/com.st.stm32cube.ide.mcu.externaltools.gnu-tools-for-stm32.14.3.rel1.win32_1.0.100.202602081740/tools/bin/../lib/gcc/arm-none-eabi/14.3.1/thumb/v8-m.main+dp/hard/crtbegin.o
 *(.bss*)
 .bss.hi2c1     0x341c0064       0x54 ./Application/User/main.o
                0x341c0064                hi2c1
 .bss.hi2c4     0x341c00b8       0x54 ./Application/User/main.o
                0x341c00b8                hi2c4
 .bss.htim1     0x341c010c       0x4c ./Application/User/main.o
                0x341c010c                htim1
 .bss.MasterStatus1
                0x341c0158        0x4 ./Application/User/main.o
                0x341c0158                MasterStatus1
 .bss.MasterStatus2
                0x341c015c        0x4 ./Application/User/main.o
                0x341c015c                MasterStatus2
 .bss.Master1BusBusyCpt
                0x341c0160        0x4 ./Application/User/main.o
                0x341c0160                Master1BusBusyCpt
 .bss.Master2BusBusyCpt
                0x341c0164        0x4 ./Application/User/main.o
                0x341c0164                Master2BusBusyCpt
 .bss.hpb_exti  0x341c0168        0xc ./Drivers/BSP/STM32N6xx_Nucleo/stm32n6xx_nucleo.o
 .bss.uwTick    0x341c0174        0x4 ./Drivers/STM32N6xx_HAL_Driver/stm32n6xx_hal.o
                0x341c0174                uwTick
 *(COMMON)
                0x341c0178                        . = ALIGN (0x4)
                0x341c0178                        _ebss = .
                0x341c0178                        __bss_end__ = _ebss

._user_heap_stack
                0x341c0178      0xa00
                0x341c0178                        . = ALIGN (0x8)
                [!provide]                        PROVIDE (end = .)
                0x341c0178                        PROVIDE (_end = .)
                0x341c0378                        . = (. + _Min_Heap_Size)
 *fill*         0x341c0178      0x200 
                0x341c0b78                        . = (. + _Min_Stack_Size)
 *fill*         0x341c0378      0x800 
                0x341c0b78                        . = ALIGN (0x8)

/DISCARD/
 libc.a(*)
 libm.a(*)
 libgcc.a(*)

.ARM.attributes
                0x00000000       0x3a
 *(.ARM.attributes)
 .ARM.attributes
                0x00000000       0x24 C:/ST/STM32CubeIDE_1.19.0/STM32CubeIDE/plugins/com.st.stm32cube.ide.mcu.externaltools.gnu-tools-for-stm32.14.3.rel1.win32_1.0.100.202602081740/tools/bin/../lib/gcc/arm-none-eabi/14.3.1/thumb/v8-m.main+dp/hard/crti.o
 .ARM.attributes
                0x00000024       0x36 C:/ST/STM32CubeIDE_1.19.0/STM32CubeIDE/plugins/com.st.stm32cube.ide.mcu.externaltools.gnu-tools-for-stm32.14.3.rel1.win32_1.0.100.202602081740/tools/bin/../lib/gcc/arm-none-eabi/14.3.1/thumb/v8-m.main+dp/hard/crtbegin.o
 .ARM.attributes
                0x0000005a       0x22 ./Application/Startup/startup_stm32n657x0hxq_fsbl.o
 .ARM.attributes
                0x0000007c       0x3e ./Application/User/main.o
 .ARM.attributes
                0x000000ba       0x3e ./Application/User/stm32n6xx_hal_msp.o
 .ARM.attributes
                0x000000f8       0x3e ./Application/User/stm32n6xx_it.o
 .ARM.attributes
                0x00000136       0x3e ./Drivers/BSP/STM32N6xx_Nucleo/stm32n6xx_nucleo.o
 .ARM.attributes
                0x00000174       0x3e ./Drivers/CMSIS/system_stm32n6xx_fsbl.o
 .ARM.attributes
                0x000001b2       0x3e ./Drivers/STM32N6xx_HAL_Driver/stm32n6xx_hal.o
 .ARM.attributes
                0x000001f0       0x3e ./Drivers/STM32N6xx_HAL_Driver/stm32n6xx_hal_cortex.o
 .ARM.attributes
                0x0000022e       0x3e ./Drivers/STM32N6xx_HAL_Driver/stm32n6xx_hal_dma.o
 .ARM.attributes
                0x0000026c       0x3e ./Drivers/STM32N6xx_HAL_Driver/stm32n6xx_hal_dma_ex.o
 .ARM.attributes
                0x000002aa       0x3e ./Drivers/STM32N6xx_HAL_Driver/stm32n6xx_hal_exti.o
 .ARM.attributes
                0x000002e8       0x3e ./Drivers/STM32N6xx_HAL_Driver/stm32n6xx_hal_gpio.o
 .ARM.attributes
                0x00000326       0x3e ./Drivers/STM32N6xx_HAL_Driver/stm32n6xx_hal_i2c.o
 .ARM.attributes
                0x00000364       0x3e ./Drivers/STM32N6xx_HAL_Driver/stm32n6xx_hal_i2c_ex.o
 .ARM.attributes
                0x000003a2       0x3e ./Drivers/STM32N6xx_HAL_Driver/stm32n6xx_hal_pwr_ex.o
 .ARM.attributes
                0x000003e0       0x3e ./Drivers/STM32N6xx_HAL_Driver/stm32n6xx_hal_rcc.o
 .ARM.attributes
                0x0000041e       0x3e ./Drivers/STM32N6xx_HAL_Driver/stm32n6xx_hal_rcc_ex.o
 .ARM.attributes
                0x0000045c       0x3e ./Drivers/STM32N6xx_HAL_Driver/stm32n6xx_hal_tim.o
 .ARM.attributes
                0x0000049a       0x3e ./Drivers/STM32N6xx_HAL_Driver/stm32n6xx_hal_tim_ex.o
 .ARM.attributes
                0x000004d8       0x36 C:/ST/STM32CubeIDE_1.19.0/STM32CubeIDE/plugins/com.st.stm32cube.ide.mcu.externaltools.gnu-tools-for-stm32.14.3.rel1.win32_1.0.100.202602081740/tools/bin/../lib/gcc/arm-none-eabi/14.3.1/../../../../arm-none-eabi/lib/thumb/v8-m.main+dp/hard\libc_nano.a(libc_a-memset.o)
 .ARM.attributes
                0x0000050e       0x36 C:/ST/STM32CubeIDE_1.19.0/STM32CubeIDE/plugins/com.st.stm32cube.ide.mcu.externaltools.gnu-tools-for-stm32.14.3.rel1.win32_1.0.100.202602081740/tools/bin/../lib/gcc/arm-none-eabi/14.3.1/../../../../arm-none-eabi/lib/thumb/v8-m.main+dp/hard\libc_nano.a(libc_a-init.o)
 .ARM.attributes
                0x00000544       0x24 C:/ST/STM32CubeIDE_1.19.0/STM32CubeIDE/plugins/com.st.stm32cube.ide.mcu.externaltools.gnu-tools-for-stm32.14.3.rel1.win32_1.0.100.202602081740/tools/bin/../lib/gcc/arm-none-eabi/14.3.1/thumb/v8-m.main+dp/hard/crtn.o
OUTPUT(I2C_TwoBoards_MultiMasterIT_Master_FSBL.elf elf32-littlearm)
LOAD linker stubs
LOAD C:/ST/STM32CubeIDE_1.19.0/STM32CubeIDE/plugins/com.st.stm32cube.ide.mcu.externaltools.gnu-tools-for-stm32.14.3.rel1.win32_1.0.100.202602081740/tools/bin/../lib/gcc/arm-none-eabi/14.3.1/../../../../arm-none-eabi/lib/thumb/v8-m.main+dp/hard\libc.a
LOAD C:/ST/STM32CubeIDE_1.19.0/STM32CubeIDE/plugins/com.st.stm32cube.ide.mcu.externaltools.gnu-tools-for-stm32.14.3.rel1.win32_1.0.100.202602081740/tools/bin/../lib/gcc/arm-none-eabi/14.3.1/../../../../arm-none-eabi/lib/thumb/v8-m.main+dp/hard\libm.a
LOAD C:/ST/STM32CubeIDE_1.19.0/STM32CubeIDE/plugins/com.st.stm32cube.ide.mcu.externaltools.gnu-tools-for-stm32.14.3.rel1.win32_1.0.100.202602081740/tools/bin/../lib/gcc/arm-none-eabi/14.3.1/thumb/v8-m.main+dp/hard\libgcc.a

.debug_line     0x00000000    0x1fd54
 .debug_line    0x00000000       0x7e ./Application/Startup/startup_stm32n657x0hxq_fsbl.o
 .debug_line    0x0000007e      0xe5f ./Application/User/main.o
 .debug_line    0x00000edd      0xc1a ./Application/User/stm32n6xx_hal_msp.o
 .debug_line    0x00001af7      0xbcb ./Application/User/stm32n6xx_it.o
 .debug_line    0x000026c2      0xc13 ./Drivers/BSP/STM32N6xx_Nucleo/stm32n6xx_nucleo.o
 .debug_line    0x000032d5      0xc87 ./Drivers/CMSIS/system_stm32n6xx_fsbl.o
 .debug_line    0x00003f5c     0x1713 ./Drivers/STM32N6xx_HAL_Driver/stm32n6xx_hal.o
 .debug_line    0x0000566f     0x10b6 ./Drivers/STM32N6xx_HAL_Driver/stm32n6xx_hal_cortex.o
 .debug_line    0x00006725     0x1896 ./Drivers/STM32N6xx_HAL_Driver/stm32n6xx_hal_dma.o
 .debug_line    0x00007fbb     0x2ae6 ./Drivers/STM32N6xx_HAL_Driver/stm32n6xx_hal_dma_ex.o
 .debug_line    0x0000aaa1      0xe24 ./Drivers/STM32N6xx_HAL_Driver/stm32n6xx_hal_exti.o
 .debug_line    0x0000b8c5     0x1138 ./Drivers/STM32N6xx_HAL_Driver/stm32n6xx_hal_gpio.o
 .debug_line    0x0000c9fd     0x3c86 ./Drivers/STM32N6xx_HAL_Driver/stm32n6xx_hal_i2c.o
 .debug_line    0x00010683      0xb09 ./Drivers/STM32N6xx_HAL_Driver/stm32n6xx_hal_i2c_ex.o
 .debug_line    0x0001118c     0x142a ./Drivers/STM32N6xx_HAL_Driver/stm32n6xx_hal_pwr_ex.o
 .debug_line    0x000125b6     0x22a6 ./Drivers/STM32N6xx_HAL_Driver/stm32n6xx_hal_rcc.o
 .debug_line    0x0001485c     0x48db ./Drivers/STM32N6xx_HAL_Driver/stm32n6xx_hal_rcc_ex.o
 .debug_line    0x00019137     0x4848 ./Drivers/STM32N6xx_HAL_Driver/stm32n6xx_hal_tim.o
 .debug_line    0x0001d97f     0x23d5 ./Drivers/STM32N6xx_HAL_Driver/stm32n6xx_hal_tim_ex.o

.debug_line_str
                0x00000000       0xb8
 .debug_line_str
                0x00000000       0xb8 ./Application/Startup/startup_stm32n657x0hxq_fsbl.o

.debug_info     0x00000000    0x1f1d4
 .debug_info    0x00000000       0x30 ./Application/Startup/startup_stm32n657x0hxq_fsbl.o
 .debug_info    0x00000030     0x2dc4 ./Application/User/main.o
 .debug_info    0x00002df4     0x29d5 ./Application/User/stm32n6xx_hal_msp.o
 .debug_info    0x000057c9      0xd73 ./Application/User/stm32n6xx_it.o
 .debug_info    0x0000653c     0x1cdf ./Drivers/BSP/STM32N6xx_Nucleo/stm32n6xx_nucleo.o
 .debug_info    0x0000821b     0x1a83 ./Drivers/CMSIS/system_stm32n6xx_fsbl.o
 .debug_info    0x00009c9e     0x27e2 ./Drivers/STM32N6xx_HAL_Driver/stm32n6xx_hal.o
 .debug_info    0x0000c480     0x1490 ./Drivers/STM32N6xx_HAL_Driver/stm32n6xx_hal_cortex.o
 .debug_info    0x0000d910      0xbfa ./Drivers/STM32N6xx_HAL_Driver/stm32n6xx_hal_dma.o
 .debug_info    0x0000e50a     0x192a ./Drivers/STM32N6xx_HAL_Driver/stm32n6xx_hal_dma_ex.o
 .debug_info    0x0000fe34      0x876 ./Drivers/STM32N6xx_HAL_Driver/stm32n6xx_hal_exti.o
 .debug_info    0x000106aa      0xafd ./Drivers/STM32N6xx_HAL_Driver/stm32n6xx_hal_gpio.o
 .debug_info    0x000111a7     0x232e ./Drivers/STM32N6xx_HAL_Driver/stm32n6xx_hal_i2c.o
 .debug_info    0x000134d5      0x8ff ./Drivers/STM32N6xx_HAL_Driver/stm32n6xx_hal_i2c_ex.o
 .debug_info    0x00013dd4      0xd08 ./Drivers/STM32N6xx_HAL_Driver/stm32n6xx_hal_pwr_ex.o
 .debug_info    0x00014adc     0x2161 ./Drivers/STM32N6xx_HAL_Driver/stm32n6xx_hal_rcc.o
 .debug_info    0x00016c3d     0x3841 ./Drivers/STM32N6xx_HAL_Driver/stm32n6xx_hal_rcc_ex.o
 .debug_info    0x0001a47e     0x2e56 ./Drivers/STM32N6xx_HAL_Driver/stm32n6xx_hal_tim.o
 .debug_info    0x0001d2d4     0x1f00 ./Drivers/STM32N6xx_HAL_Driver/stm32n6xx_hal_tim_ex.o

.debug_abbrev   0x00000000     0x2c99
 .debug_abbrev  0x00000000       0x24 ./Application/Startup/startup_stm32n657x0hxq_fsbl.o
 .debug_abbrev  0x00000024      0x339 ./Application/User/main.o
 .debug_abbrev  0x0000035d      0x293 ./Application/User/stm32n6xx_hal_msp.o
 .debug_abbrev  0x000005f0      0x1ed ./Application/User/stm32n6xx_it.o
 .debug_abbrev  0x000007dd      0x2cf ./Drivers/BSP/STM32N6xx_Nucleo/stm32n6xx_nucleo.o
 .debug_abbrev  0x00000aac      0x164 ./Drivers/CMSIS/system_stm32n6xx_fsbl.o
 .debug_abbrev  0x00000c10      0x2bd ./Drivers/STM32N6xx_HAL_Driver/stm32n6xx_hal.o
 .debug_abbrev  0x00000ecd      0x346 ./Drivers/STM32N6xx_HAL_Driver/stm32n6xx_hal_cortex.o
 .debug_abbrev  0x00001213      0x1dd ./Drivers/STM32N6xx_HAL_Driver/stm32n6xx_hal_dma.o
 .debug_abbrev  0x000013f0      0x21d ./Drivers/STM32N6xx_HAL_Driver/stm32n6xx_hal_dma_ex.o
 .debug_abbrev  0x0000160d      0x1ce ./Drivers/STM32N6xx_HAL_Driver/stm32n6xx_hal_exti.o
 .debug_abbrev  0x000017db      0x24d ./Drivers/STM32N6xx_HAL_Driver/stm32n6xx_hal_gpio.o
 .debug_abbrev  0x00001a28      0x271 ./Drivers/STM32N6xx_HAL_Driver/stm32n6xx_hal_i2c.o
 .debug_abbrev  0x00001c99      0x1a8 ./Drivers/STM32N6xx_HAL_Driver/stm32n6xx_hal_i2c_ex.o
 .debug_abbrev  0x00001e41      0x265 ./Drivers/STM32N6xx_HAL_Driver/stm32n6xx_hal_pwr_ex.o
 .debug_abbrev  0x000020a6      0x36a ./Drivers/STM32N6xx_HAL_Driver/stm32n6xx_hal_rcc.o
 .debug_abbrev  0x00002410      0x305 ./Drivers/STM32N6xx_HAL_Driver/stm32n6xx_hal_rcc_ex.o
 .debug_abbrev  0x00002715      0x2bd ./Drivers/STM32N6xx_HAL_Driver/stm32n6xx_hal_tim.o
 .debug_abbrev  0x000029d2      0x2c7 ./Drivers/STM32N6xx_HAL_Driver/stm32n6xx_hal_tim_ex.o

.debug_aranges  0x00000000     0x20c8
 .debug_aranges
                0x00000000       0x28 ./Application/Startup/startup_stm32n657x0hxq_fsbl.o
 .debug_aranges
                0x00000028       0x78 ./Application/User/main.o
 .debug_aranges
                0x000000a0       0x78 ./Application/User/stm32n6xx_hal_msp.o
 .debug_aranges
                0x00000118       0xa8 ./Application/User/stm32n6xx_it.o
 .debug_aranges
                0x000001c0       0xa0 ./Drivers/BSP/STM32N6xx_Nucleo/stm32n6xx_nucleo.o
 .debug_aranges
                0x00000260       0x30 ./Drivers/CMSIS/system_stm32n6xx_fsbl.o
 .debug_aranges
                0x00000290      0x3d0 ./Drivers/STM32N6xx_HAL_Driver/stm32n6xx_hal.o
 .debug_aranges
                0x00000660      0x178 ./Drivers/STM32N6xx_HAL_Driver/stm32n6xx_hal_cortex.o
 .debug_aranges
                0x000007d8       0xb8 ./Drivers/STM32N6xx_HAL_Driver/stm32n6xx_hal_dma.o
 .debug_aranges
                0x00000890      0x1a0 ./Drivers/STM32N6xx_HAL_Driver/stm32n6xx_hal_dma_ex.o
 .debug_aranges
                0x00000a30       0x80 ./Drivers/STM32N6xx_HAL_Driver/stm32n6xx_hal_exti.o
 .debug_aranges
                0x00000ab0       0xa8 ./Drivers/STM32N6xx_HAL_Driver/stm32n6xx_hal_gpio.o
 .debug_aranges
                0x00000b58      0x2a0 ./Drivers/STM32N6xx_HAL_Driver/stm32n6xx_hal_i2c.o
 .debug_aranges
                0x00000df8       0x40 ./Drivers/STM32N6xx_HAL_Driver/stm32n6xx_hal_i2c_ex.o
 .debug_aranges
                0x00000e38      0x260 ./Drivers/STM32N6xx_HAL_Driver/stm32n6xx_hal_pwr_ex.o
 .debug_aranges
                0x00001098      0x2a0 ./Drivers/STM32N6xx_HAL_Driver/stm32n6xx_hal_rcc.o
 .debug_aranges
                0x00001338      0x758 ./Drivers/STM32N6xx_HAL_Driver/stm32n6xx_hal_rcc_ex.o
 .debug_aranges
                0x00001a90      0x3e8 ./Drivers/STM32N6xx_HAL_Driver/stm32n6xx_hal_tim.o
 .debug_aranges
                0x00001e78      0x250 ./Drivers/STM32N6xx_HAL_Driver/stm32n6xx_hal_tim_ex.o

.debug_str      0x00000000   0x2195a8
 .debug_str     0x00000000   0x2195a8 ./Application/Startup/startup_stm32n657x0hxq_fsbl.o
                                 0xd4 (size before relaxing)
 .debug_str     0x002195a8   0x210cbf ./Application/User/main.o
 .debug_str     0x002195a8   0x211112 ./Application/User/stm32n6xx_hal_msp.o
 .debug_str     0x002195a8   0x20f64e ./Application/User/stm32n6xx_it.o
 .debug_str     0x002195a8   0x2103fe ./Drivers/BSP/STM32N6xx_Nucleo/stm32n6xx_nucleo.o
 .debug_str     0x002195a8   0x20f0b3 ./Drivers/CMSIS/system_stm32n6xx_fsbl.o
 .debug_str     0x002195a8   0x21094e ./Drivers/STM32N6xx_HAL_Driver/stm32n6xx_hal.o
 .debug_str     0x002195a8   0x20f422 ./Drivers/STM32N6xx_HAL_Driver/stm32n6xx_hal_cortex.o
 .debug_str     0x002195a8   0x20e9eb ./Drivers/STM32N6xx_HAL_Driver/stm32n6xx_hal_dma.o
 .debug_str     0x002195a8   0x20efb8 ./Drivers/STM32N6xx_HAL_Driver/stm32n6xx_hal_dma_ex.o
 .debug_str     0x002195a8   0x20e5f1 ./Drivers/STM32N6xx_HAL_Driver/stm32n6xx_hal_exti.o
 .debug_str     0x002195a8   0x20e67d ./Drivers/STM32N6xx_HAL_Driver/stm32n6xx_hal_gpio.o
 .debug_str     0x002195a8   0x20f7fa ./Drivers/STM32N6xx_HAL_Driver/stm32n6xx_hal_i2c.o
 .debug_str     0x002195a8   0x20e91b ./Drivers/STM32N6xx_HAL_Driver/stm32n6xx_hal_i2c_ex.o
 .debug_str     0x002195a8   0x20eeb7 ./Drivers/STM32N6xx_HAL_Driver/stm32n6xx_hal_pwr_ex.o
 .debug_str     0x002195a8   0x20fb87 ./Drivers/STM32N6xx_HAL_Driver/stm32n6xx_hal_rcc.o
 .debug_str     0x002195a8   0x210b7c ./Drivers/STM32N6xx_HAL_Driver/stm32n6xx_hal_rcc_ex.o
 .debug_str     0x002195a8   0x20f9cc ./Drivers/STM32N6xx_HAL_Driver/stm32n6xx_hal_tim.o
 .debug_str     0x002195a8   0x20f65d ./Drivers/STM32N6xx_HAL_Driver/stm32n6xx_hal_tim_ex.o

.debug_rnglists
                0x00000000     0x1954
 .debug_rnglists
                0x00000000       0x19 ./Application/Startup/startup_stm32n657x0hxq_fsbl.o
 .debug_rnglists
                0x00000019       0x5a ./Application/User/main.o
 .debug_rnglists
                0x00000073       0x56 ./Application/User/stm32n6xx_hal_msp.o
 .debug_rnglists
                0x000000c9       0x79 ./Application/User/stm32n6xx_it.o
 .debug_rnglists
                0x00000142       0x74 ./Drivers/BSP/STM32N6xx_Nucleo/stm32n6xx_nucleo.o
 .debug_rnglists
                0x000001b6       0x21 ./Drivers/CMSIS/system_stm32n6xx_fsbl.o
 .debug_rnglists
                0x000001d7      0x2da ./Drivers/STM32N6xx_HAL_Driver/stm32n6xx_hal.o
 .debug_rnglists
                0x000004b1      0x115 ./Drivers/STM32N6xx_HAL_Driver/stm32n6xx_hal_cortex.o
 .debug_rnglists
                0x000005c6       0x91 ./Drivers/STM32N6xx_HAL_Driver/stm32n6xx_hal_dma.o
 .debug_rnglists
                0x00000657      0x155 ./Drivers/STM32N6xx_HAL_Driver/stm32n6xx_hal_dma_ex.o
 .debug_rnglists
                0x000007ac       0x61 ./Drivers/STM32N6xx_HAL_Driver/stm32n6xx_hal_exti.o
 .debug_rnglists
                0x0000080d       0x80 ./Drivers/STM32N6xx_HAL_Driver/stm32n6xx_hal_gpio.o
 .debug_rnglists
                0x0000088d      0x228 ./Drivers/STM32N6xx_HAL_Driver/stm32n6xx_hal_i2c.o
 .debug_rnglists
                0x00000ab5       0x30 ./Drivers/STM32N6xx_HAL_Driver/stm32n6xx_hal_i2c_ex.o
 .debug_rnglists
                0x00000ae5      0x1c9 ./Drivers/STM32N6xx_HAL_Driver/stm32n6xx_hal_pwr_ex.o
 .debug_rnglists
                0x00000cae      0x201 ./Drivers/STM32N6xx_HAL_Driver/stm32n6xx_hal_rcc.o
 .debug_rnglists
                0x00000eaf      0x5a1 ./Drivers/STM32N6xx_HAL_Driver/stm32n6xx_hal_rcc_ex.o
 .debug_rnglists
                0x00001450      0x32e ./Drivers/STM32N6xx_HAL_Driver/stm32n6xx_hal_tim.o
 .debug_rnglists
                0x0000177e      0x1d6 ./Drivers/STM32N6xx_HAL_Driver/stm32n6xx_hal_tim_ex.o

.debug_macro    0x00000000    0x53691
 .debug_macro   0x00000000      0x2f0 ./Application/User/main.o
 .debug_macro   0x000002f0      0xb5c ./Application/User/main.o
 .debug_macro   0x00000e4c       0x16 ./Application/User/main.o
 .debug_macro   0x00000e62      0x1d9 ./Application/User/main.o
 .debug_macro   0x0000103b      0x190 ./Application/User/main.o
 .debug_macro   0x000011cb       0x63 ./Application/User/main.o
 .debug_macro   0x0000122e       0x2e ./Application/User/main.o
 .debug_macro   0x0000125c       0x6c ./Application/User/main.o
 .debug_macro   0x000012c8       0x22 ./Application/User/main.o
 .debug_macro   0x000012ea       0x8e ./Application/User/main.o
 .debug_macro   0x00001378       0x51 ./Application/User/main.o
 .debug_macro   0x000013c9      0x103 ./Application/User/main.o
 .debug_macro   0x000014cc       0x6a ./Application/User/main.o
 .debug_macro   0x00001536      0x1df ./Application/User/main.o
 .debug_macro   0x00001715       0x2e ./Application/User/main.o
 .debug_macro   0x00001743       0x17 ./Application/User/main.o
 .debug_macro   0x0000175a       0x58 ./Application/User/main.o
 .debug_macro   0x000017b2      0x26d ./Application/User/main.o
 .debug_macro   0x00001a1f       0x3a ./Application/User/main.o
 .debug_macro   0x00001a59     0x2f0c ./Application/User/main.o
 .debug_macro   0x00004965      0x130 ./Application/User/main.o
 .debug_macro   0x00004a95      0x344 ./Application/User/main.o
 .debug_macro   0x00004dd9      0x146 ./Application/User/main.o
 .debug_macro   0x00004f1f       0x22 ./Application/User/main.o
 .debug_macro   0x00004f41    0x3e927 ./Application/User/main.o
 .debug_macro   0x00043868       0x6c ./Application/User/main.o
 .debug_macro   0x000438d4     0x3486 ./Application/User/main.o
 .debug_macro   0x00046d5a       0x61 ./Application/User/main.o
 .debug_macro   0x00046dbb       0x29 ./Application/User/main.o
 .debug_macro   0x00046de4       0x43 ./Application/User/main.o
 .debug_macro   0x00046e27       0x34 ./Application/User/main.o
 .debug_macro   0x00046e5b      0x364 ./Application/User/main.o
 .debug_macro   0x000471bf       0x16 ./Application/User/main.o
 .debug_macro   0x000471d5       0x4a ./Application/User/main.o
 .debug_macro   0x0004721f       0x34 ./Application/User/main.o
 .debug_macro   0x00047253       0x10 ./Application/User/main.o
 .debug_macro   0x00047263       0x58 ./Application/User/main.o
 .debug_macro   0x000472bb       0x8e ./Application/User/main.o
 .debug_macro   0x00047349       0x1c ./Application/User/main.o
 .debug_macro   0x00047365      0x17e ./Application/User/main.o
 .debug_macro   0x000474e3      0x19b ./Application/User/main.o
 .debug_macro   0x0004767e       0x72 ./Application/User/main.o
 .debug_macro   0x000476f0      0x47a ./Application/User/main.o
 .debug_macro   0x00047b6a     0x10fe ./Application/User/main.o
 .debug_macro   0x00048c68     0x27e2 ./Application/User/main.o
 .debug_macro   0x0004b44a      0xfd4 ./Application/User/main.o
 .debug_macro   0x0004c41e      0x1af ./Application/User/main.o
 .debug_macro   0x0004c5cd      0x2c9 ./Application/User/main.o
 .debug_macro   0x0004c896      0x2c4 ./Application/User/main.o
 .debug_macro   0x0004cb5a      0xa36 ./Application/User/main.o
 .debug_macro   0x0004d590      0x7b2 ./Application/User/main.o
 .debug_macro   0x0004dd42       0xeb ./Application/User/main.o
 .debug_macro   0x0004de2d      0x216 ./Application/User/main.o
 .debug_macro   0x0004e043      0x36b ./Application/User/main.o
 .debug_macro   0x0004e3ae      0x22c ./Application/User/main.o
 .debug_macro   0x0004e5da       0x35 ./Application/User/main.o
 .debug_macro   0x0004e60f       0xa5 ./Application/User/main.o
 .debug_macro   0x0004e6b4      0x303 ./Application/User/main.o
 .debug_macro   0x0004e9b7      0x46a ./Application/User/main.o
 .debug_macro   0x0004ee21      0xbf6 ./Application/User/main.o
 .debug_macro   0x0004fa17      0x44a ./Application/User/main.o
 .debug_macro   0x0004fe61      0x5fb ./Application/User/main.o
 .debug_macro   0x0005045c       0x22 ./Application/User/main.o
 .debug_macro   0x0005047e       0xa0 ./Application/User/main.o
 .debug_macro   0x0005051e       0xc1 ./Application/User/main.o
 .debug_macro   0x000505df       0x22 ./Application/User/main.o
 .debug_macro   0x00050601      0x2e4 ./Application/User/stm32n6xx_hal_msp.o
 .debug_macro   0x000508e5      0x2ee ./Application/User/stm32n6xx_it.o
 .debug_macro   0x00050bd3      0x2dc ./Drivers/BSP/STM32N6xx_Nucleo/stm32n6xx_nucleo.o
 .debug_macro   0x00050eaf       0x1c ./Drivers/BSP/STM32N6xx_Nucleo/stm32n6xx_nucleo.o
 .debug_macro   0x00050ecb      0x2c8 ./Drivers/CMSIS/system_stm32n6xx_fsbl.o
 .debug_macro   0x00051193      0x2bb ./Drivers/STM32N6xx_HAL_Driver/stm32n6xx_hal.o
 .debug_macro   0x0005144e      0x2b6 ./Drivers/STM32N6xx_HAL_Driver/stm32n6xx_hal_cortex.o
 .debug_macro   0x00051704      0x2b6 ./Drivers/STM32N6xx_HAL_Driver/stm32n6xx_hal_dma.o
 .debug_macro   0x000519ba      0x2b6 ./Drivers/STM32N6xx_HAL_Driver/stm32n6xx_hal_dma_ex.o
 .debug_macro   0x00051c70      0x2cd ./Drivers/STM32N6xx_HAL_Driver/stm32n6xx_hal_exti.o
 .debug_macro   0x00051f3d      0x2bc ./Drivers/STM32N6xx_HAL_Driver/stm32n6xx_hal_gpio.o
 .debug_macro   0x000521f9      0x381 ./Drivers/STM32N6xx_HAL_Driver/stm32n6xx_hal_i2c.o
 .debug_macro   0x0005257a      0x2b5 ./Drivers/STM32N6xx_HAL_Driver/stm32n6xx_hal_i2c_ex.o
 .debug_macro   0x0005282f      0x303 ./Drivers/STM32N6xx_HAL_Driver/stm32n6xx_hal_pwr_ex.o
 .debug_macro   0x00052b32      0x339 ./Drivers/STM32N6xx_HAL_Driver/stm32n6xx_hal_rcc.o
 .debug_macro   0x00052e6b      0x2b5 ./Drivers/STM32N6xx_HAL_Driver/stm32n6xx_hal_rcc_ex.o
 .debug_macro   0x00053120      0x2b6 ./Drivers/STM32N6xx_HAL_Driver/stm32n6xx_hal_tim.o
 .debug_macro   0x000533d6      0x2bb ./Drivers/STM32N6xx_HAL_Driver/stm32n6xx_hal_tim_ex.o

.comment        0x00000000       0x43
 .comment       0x00000000       0x43 ./Application/User/main.o
                                 0x44 (size before relaxing)
 .comment       0x00000043       0x44 ./Application/User/stm32n6xx_hal_msp.o
 .comment       0x00000043       0x44 ./Application/User/stm32n6xx_it.o
 .comment       0x00000043       0x44 ./Drivers/BSP/STM32N6xx_Nucleo/stm32n6xx_nucleo.o
 .comment       0x00000043       0x44 ./Drivers/CMSIS/system_stm32n6xx_fsbl.o
 .comment       0x00000043       0x44 ./Drivers/STM32N6xx_HAL_Driver/stm32n6xx_hal.o
 .comment       0x00000043       0x44 ./Drivers/STM32N6xx_HAL_Driver/stm32n6xx_hal_cortex.o
 .comment       0x00000043       0x44 ./Drivers/STM32N6xx_HAL_Driver/stm32n6xx_hal_dma.o
 .comment       0x00000043       0x44 ./Drivers/STM32N6xx_HAL_Driver/stm32n6xx_hal_dma_ex.o
 .comment       0x00000043       0x44 ./Drivers/STM32N6xx_HAL_Driver/stm32n6xx_hal_exti.o
 .comment       0x00000043       0x44 ./Drivers/STM32N6xx_HAL_Driver/stm32n6xx_hal_gpio.o
 .comment       0x00000043       0x44 ./Drivers/STM32N6xx_HAL_Driver/stm32n6xx_hal_i2c.o
 .comment       0x00000043       0x44 ./Drivers/STM32N6xx_HAL_Driver/stm32n6xx_hal_i2c_ex.o
 .comment       0x00000043       0x44 ./Drivers/STM32N6xx_HAL_Driver/stm32n6xx_hal_pwr_ex.o
 .comment       0x00000043       0x44 ./Drivers/STM32N6xx_HAL_Driver/stm32n6xx_hal_rcc.o
 .comment       0x00000043       0x44 ./Drivers/STM32N6xx_HAL_Driver/stm32n6xx_hal_rcc_ex.o
 .comment       0x00000043       0x44 ./Drivers/STM32N6xx_HAL_Driver/stm32n6xx_hal_tim.o
 .comment       0x00000043       0x44 ./Drivers/STM32N6xx_HAL_Driver/stm32n6xx_hal_tim_ex.o

.debug_frame    0x00000000     0x82fc
 .debug_frame   0x00000000      0x19c ./Application/User/main.o
 .debug_frame   0x0000019c      0x1bc ./Application/User/stm32n6xx_hal_msp.o
 .debug_frame   0x00000358      0x1f0 ./Application/User/stm32n6xx_it.o
 .debug_frame   0x00000548      0x254 ./Drivers/BSP/STM32N6xx_Nucleo/stm32n6xx_nucleo.o
 .debug_frame   0x0000079c       0x7c ./Drivers/CMSIS/system_stm32n6xx_fsbl.o
 .debug_frame   0x00000818      0xeac ./Drivers/STM32N6xx_HAL_Driver/stm32n6xx_hal.o
 .debug_frame   0x000016c4      0x5f4 ./Drivers/STM32N6xx_HAL_Driver/stm32n6xx_hal_cortex.o
 .debug_frame   0x00001cb8      0x2e8 ./Drivers/STM32N6xx_HAL_Driver/stm32n6xx_hal_dma.o
 .debug_frame   0x00001fa0      0x70c ./Drivers/STM32N6xx_HAL_Driver/stm32n6xx_hal_dma_ex.o
 .debug_frame   0x000026ac      0x1d4 ./Drivers/STM32N6xx_HAL_Driver/stm32n6xx_hal_exti.o
 .debug_frame   0x00002880      0x298 ./Drivers/STM32N6xx_HAL_Driver/stm32n6xx_hal_gpio.o
 .debug_frame   0x00002b18      0xbf4 ./Drivers/STM32N6xx_HAL_Driver/stm32n6xx_hal_i2c.o
 .debug_frame   0x0000370c       0xc4 ./Drivers/STM32N6xx_HAL_Driver/stm32n6xx_hal_i2c_ex.o
 .debug_frame   0x000037d0      0x874 ./Drivers/STM32N6xx_HAL_Driver/stm32n6xx_hal_pwr_ex.o
 .debug_frame   0x00004044      0x9d0 ./Drivers/STM32N6xx_HAL_Driver/stm32n6xx_hal_rcc.o
 .debug_frame   0x00004a14     0x1cf8 ./Drivers/STM32N6xx_HAL_Driver/stm32n6xx_hal_rcc_ex.o
 .debug_frame   0x0000670c     0x1188 ./Drivers/STM32N6xx_HAL_Driver/stm32n6xx_hal_tim.o
 .debug_frame   0x00007894      0xa1c ./Drivers/STM32N6xx_HAL_Driver/stm32n6xx_hal_tim_ex.o
 .debug_frame   0x000082b0       0x20 C:/ST/STM32CubeIDE_1.19.0/STM32CubeIDE/plugins/com.st.stm32cube.ide.mcu.externaltools.gnu-tools-for-stm32.14.3.rel1.win32_1.0.100.202602081740/tools/bin/../lib/gcc/arm-none-eabi/14.3.1/../../../../arm-none-eabi/lib/thumb/v8-m.main+dp/hard\libc_nano.a(libc_a-memset.o)
 .debug_frame   0x000082d0       0x2c C:/ST/STM32CubeIDE_1.19.0/STM32CubeIDE/plugins/com.st.stm32cube.ide.mcu.externaltools.gnu-tools-for-stm32.14.3.rel1.win32_1.0.100.202602081740/tools/bin/../lib/gcc/arm-none-eabi/14.3.1/../../../../arm-none-eabi/lib/thumb/v8-m.main+dp/hard\libc_nano.a(libc_a-init.o)