Archive member included to satisfy reference by file (symbol)

C:/ST/STM32CubeIDE_1.19.0/STM32CubeIDE/plugins/com.st.stm32cube.ide.mcu.externaltools.gnu-tools-for-stm32.14.3.rel1.win32_1.0.100.202602081740/tools/bin/../lib/gcc/arm-none-eabi/14.3.1/../../../../arm-none-eabi/lib/thumb/v8-m.main+dp/hard\libc_nano.a(libc_a-exit.o)
                              C:/ST/STM32CubeIDE_1.19.0/STM32CubeIDE/plugins/com.st.stm32cube.ide.mcu.externaltools.gnu-tools-for-stm32.14.3.rel1.win32_1.0.100.202602081740/tools/bin/../lib/gcc/arm-none-eabi/14.3.1/../../../../arm-none-eabi/lib/thumb/v8-m.main+dp/hard/crt0.o (exit)
C:/ST/STM32CubeIDE_1.19.0/STM32CubeIDE/plugins/com.st.stm32cube.ide.mcu.externaltools.gnu-tools-for-stm32.14.3.rel1.win32_1.0.100.202602081740/tools/bin/../lib/gcc/arm-none-eabi/14.3.1/../../../../arm-none-eabi/lib/thumb/v8-m.main+dp/hard\libc_nano.a(libc_a-findfp.o)
                              C:/ST/STM32CubeIDE_1.19.0/STM32CubeIDE/plugins/com.st.stm32cube.ide.mcu.externaltools.gnu-tools-for-stm32.14.3.rel1.win32_1.0.100.202602081740/tools/bin/../lib/gcc/arm-none-eabi/14.3.1/../../../../arm-none-eabi/lib/thumb/v8-m.main+dp/hard\libc_nano.a(libc_a-exit.o) (__stdio_exit_handler)
C:/ST/STM32CubeIDE_1.19.0/STM32CubeIDE/plugins/com.st.stm32cube.ide.mcu.externaltools.gnu-tools-for-stm32.14.3.rel1.win32_1.0.100.202602081740/tools/bin/../lib/gcc/arm-none-eabi/14.3.1/../../../../arm-none-eabi/lib/thumb/v8-m.main+dp/hard\libc_nano.a(libc_a-fwalk.o)
                              C:/ST/STM32CubeIDE_1.19.0/STM32CubeIDE/plugins/com.st.stm32cube.ide.mcu.externaltools.gnu-tools-for-stm32.14.3.rel1.win32_1.0.100.202602081740/tools/bin/../lib/gcc/arm-none-eabi/14.3.1/../../../../arm-none-eabi/lib/thumb/v8-m.main+dp/hard\libc_nano.a(libc_a-findfp.o) (_fwalk_sglue)
C:/ST/STM32CubeIDE_1.19.0/STM32CubeIDE/plugins/com.st.stm32cube.ide.mcu.externaltools.gnu-tools-for-stm32.14.3.rel1.win32_1.0.100.202602081740/tools/bin/../lib/gcc/arm-none-eabi/14.3.1/../../../../arm-none-eabi/lib/thumb/v8-m.main+dp/hard\libc_nano.a(libc_a-stdio.o)
                              C:/ST/STM32CubeIDE_1.19.0/STM32CubeIDE/plugins/com.st.stm32cube.ide.mcu.externaltools.gnu-tools-for-stm32.14.3.rel1.win32_1.0.100.202602081740/tools/bin/../lib/gcc/arm-none-eabi/14.3.1/../../../../arm-none-eabi/lib/thumb/v8-m.main+dp/hard\libc_nano.a(libc_a-findfp.o) (__sread)
C:/ST/STM32CubeIDE_1.19.0/STM32CubeIDE/plugins/com.st.stm32cube.ide.mcu.externaltools.gnu-tools-for-stm32.14.3.rel1.win32_1.0.100.202602081740/tools/bin/../lib/gcc/arm-none-eabi/14.3.1/../../../../arm-none-eabi/lib/thumb/v8-m.main+dp/hard\libc_nano.a(libc_a-memset.o)
                              C:/ST/STM32CubeIDE_1.19.0/STM32CubeIDE/plugins/com.st.stm32cube.ide.mcu.externaltools.gnu-tools-for-stm32.14.3.rel1.win32_1.0.100.202602081740/tools/bin/../lib/gcc/arm-none-eabi/14.3.1/../../../../arm-none-eabi/lib/thumb/v8-m.main+dp/hard/crt0.o (memset)
C:/ST/STM32CubeIDE_1.19.0/STM32CubeIDE/plugins/com.st.stm32cube.ide.mcu.externaltools.gnu-tools-for-stm32.14.3.rel1.win32_1.0.100.202602081740/tools/bin/../lib/gcc/arm-none-eabi/14.3.1/../../../../arm-none-eabi/lib/thumb/v8-m.main+dp/hard\libc_nano.a(libc_a-closer.o)
                              C:/ST/STM32CubeIDE_1.19.0/STM32CubeIDE/plugins/com.st.stm32cube.ide.mcu.externaltools.gnu-tools-for-stm32.14.3.rel1.win32_1.0.100.202602081740/tools/bin/../lib/gcc/arm-none-eabi/14.3.1/../../../../arm-none-eabi/lib/thumb/v8-m.main+dp/hard\libc_nano.a(libc_a-stdio.o) (_close_r)
C:/ST/STM32CubeIDE_1.19.0/STM32CubeIDE/plugins/com.st.stm32cube.ide.mcu.externaltools.gnu-tools-for-stm32.14.3.rel1.win32_1.0.100.202602081740/tools/bin/../lib/gcc/arm-none-eabi/14.3.1/../../../../arm-none-eabi/lib/thumb/v8-m.main+dp/hard\libc_nano.a(libc_a-reent.o)
                              C:/ST/STM32CubeIDE_1.19.0/STM32CubeIDE/plugins/com.st.stm32cube.ide.mcu.externaltools.gnu-tools-for-stm32.14.3.rel1.win32_1.0.100.202602081740/tools/bin/../lib/gcc/arm-none-eabi/14.3.1/../../../../arm-none-eabi/lib/thumb/v8-m.main+dp/hard\libc_nano.a(libc_a-closer.o) (errno)
C:/ST/STM32CubeIDE_1.19.0/STM32CubeIDE/plugins/com.st.stm32cube.ide.mcu.externaltools.gnu-tools-for-stm32.14.3.rel1.win32_1.0.100.202602081740/tools/bin/../lib/gcc/arm-none-eabi/14.3.1/../../../../arm-none-eabi/lib/thumb/v8-m.main+dp/hard\libc_nano.a(libc_a-impure.o)
                              C:/ST/STM32CubeIDE_1.19.0/STM32CubeIDE/plugins/com.st.stm32cube.ide.mcu.externaltools.gnu-tools-for-stm32.14.3.rel1.win32_1.0.100.202602081740/tools/bin/../lib/gcc/arm-none-eabi/14.3.1/../../../../arm-none-eabi/lib/thumb/v8-m.main+dp/hard\libc_nano.a(libc_a-reent.o) (_impure_ptr)
C:/ST/STM32CubeIDE_1.19.0/STM32CubeIDE/plugins/com.st.stm32cube.ide.mcu.externaltools.gnu-tools-for-stm32.14.3.rel1.win32_1.0.100.202602081740/tools/bin/../lib/gcc/arm-none-eabi/14.3.1/../../../../arm-none-eabi/lib/thumb/v8-m.main+dp/hard\libc_nano.a(libc_a-lseekr.o)
[...]
Memory Configuration

Name             Origin             Length             Attributes
ROM              0x34180400         0x0003fc00         xrw
RAM              0x341c0000         0x00040000         xrw
*default*        0x00000000         0xffffffff

Linker script and memory map

LOAD C:/ST/STM32CubeIDE_1.19.0/STM32CubeIDE/plugins/com.st.stm32cube.ide.mcu.externaltools.gnu-tools-for-stm32.14.3.rel1.win32_1.0.100.202602081740/tools/bin/../lib/gcc/arm-none-eabi/14.3.1/thumb/v8-m.main+dp/hard/crti.o
LOAD C:/ST/STM32CubeIDE_1.19.0/STM32CubeIDE/plugins/com.st.stm32cube.ide.mcu.externaltools.gnu-tools-for-stm32.14.3.rel1.win32_1.0.100.202602081740/tools/bin/../lib/gcc/arm-none-eabi/14.3.1/thumb/v8-m.main+dp/hard/crtbegin.o
LOAD C:/ST/STM32CubeIDE_1.19.0/STM32CubeIDE/plugins/com.st.stm32cube.ide.mcu.externaltools.gnu-tools-for-stm32.14.3.rel1.win32_1.0.100.202602081740/tools/bin/../lib/gcc/arm-none-eabi/14.3.1/../../../../arm-none-eabi/lib/thumb/v8-m.main+dp/hard/crt0.o
LOAD ./Application/Startup/startup_stm32n657x0hxq_fsbl.o
LOAD ./Application/User/main.o
LOAD ./Application/User/stm32n6xx_hal_msp.o
LOAD ./Application/User/stm32n6xx_it.o
LOAD ./Application/User/syscalls.o
LOAD ./Application/User/sysmem.o
LOAD ./Drivers/BSP/STM32N6xx_Nucleo/stm32n6xx_nucleo.o
LOAD ./Drivers/CMSIS/system_stm32n6xx_fsbl.o
LOAD ./Drivers/STM32N6xx_HAL_Driver/stm32n6xx_hal.o
LOAD ./Drivers/STM32N6xx_HAL_Driver/stm32n6xx_hal_cortex.o
LOAD ./Drivers/STM32N6xx_HAL_Driver/stm32n6xx_hal_dma.o
LOAD ./Drivers/STM32N6xx_HAL_Driver/stm32n6xx_hal_dma_ex.o
LOAD ./Drivers/STM32N6xx_HAL_Driver/stm32n6xx_hal_exti.o
LOAD ./Drivers/STM32N6xx_HAL_Driver/stm32n6xx_hal_gpio.o
LOAD ./Drivers/STM32N6xx_HAL_Driver/stm32n6xx_hal_i2c.o
LOAD ./Drivers/STM32N6xx_HAL_Driver/stm32n6xx_hal_i2c_ex.o
LOAD ./Drivers/STM32N6xx_HAL_Driver/stm32n6xx_hal_pwr.o
LOAD ./Drivers/STM32N6xx_HAL_Driver/stm32n6xx_hal_pwr_ex.o
LOAD ./Drivers/STM32N6xx_HAL_Driver/stm32n6xx_hal_rcc.o
LOAD ./Drivers/STM32N6xx_HAL_Driver/stm32n6xx_hal_rcc_ex.o
START GROUP
LOAD C:/ST/STM32CubeIDE_1.19.0/STM32CubeIDE/plugins/com.st.stm32cube.ide.mcu.externaltools.gnu-tools-for-stm32.14.3.rel1.win32_1.0.100.202602081740/tools/bin/../lib/gcc/arm-none-eabi/14.3.1/../../../../arm-none-eabi/lib/thumb/v8-m.main+dp/hard\libc_nano.a
LOAD C:/ST/STM32CubeIDE_1.19.0/STM32CubeIDE/plugins/com.st.stm32cube.ide.mcu.externaltools.gnu-tools-for-stm32.14.3.rel1.win32_1.0.100.202602081740/tools/bin/../lib/gcc/arm-none-eabi/14.3.1/../../../../arm-none-eabi/lib/thumb/v8-m.main+dp/hard\libm.a
END GROUP
START GROUP
LOAD C:/ST/STM32CubeIDE_1.19.0/STM32CubeIDE/plugins/com.st.stm32cube.ide.mcu.externaltools.gnu-tools-for-stm32.14.3.rel1.win32_1.0.100.202602081740/tools/bin/../lib/gcc/arm-none-eabi/14.3.1/thumb/v8-m.main+dp/hard\libgcc.a
LOAD C:/ST/STM32CubeIDE_1.19.0/STM32CubeIDE/plugins/com.st.stm32cube.ide.mcu.externaltools.gnu-tools-for-stm32.14.3.rel1.win32_1.0.100.202602081740/tools/bin/../lib/gcc/arm-none-eabi/14.3.1/../../../../arm-none-eabi/lib/thumb/v8-m.main+dp/hard\libc_nano.a
END GROUP
START GROUP
LOAD C:/ST/STM32CubeIDE_1.19.0/STM32CubeIDE/plugins/com.st.stm32cube.ide.mcu.externaltools.gnu-tools-for-stm32.14.3.rel1.win32_1.0.100.202602081740/tools/bin/../lib/gcc/arm-none-eabi/14.3.1/thumb/v8-m.main+dp/hard\libgcc.a
LOAD C:/ST/STM32CubeIDE_1.19.0/STM32CubeIDE/plugins/com.st.stm32cube.ide.mcu.externaltools.gnu-tools-for-stm32.14.3.rel1.win32_1.0.100.202602081740/tools/bin/../lib/gcc/arm-none-eabi/14.3.1/../../../../arm-none-eabi/lib/thumb/v8-m.main+dp/hard\libc_nano.a
LOAD C:/ST/STM32CubeIDE_1.19.0/STM32CubeIDE/plugins/com.st.stm32cube.ide.mcu.externaltools.gnu-tools-for-stm32.14.3.rel1.win32_1.0.100.202602081740/tools/bin/../lib/gcc/arm-none-eabi/14.3.1/../../../../arm-none-eabi/lib/thumb/v8-m.main+dp/hard\libnosys.a
END GROUP
START GROUP
LOAD C:/ST/STM32CubeIDE_1.19.0/STM32CubeIDE/plugins/com.st.stm32cube.ide.mcu.externaltools.gnu-tools-for-stm32.14.3.rel1.win32_1.0.100.202602081740/tools/bin/../lib/gcc/arm-none-eabi/14.3.1/thumb/v8-m.main+dp/hard\libgcc.a
LOAD C:/ST/STM32CubeIDE_1.19.0/STM32CubeIDE/plugins/com.st.stm32cube.ide.mcu.externaltools.gnu-tools-for-stm32.14.3.rel1.win32_1.0.100.202602081740/tools/bin/../lib/gcc/arm-none-eabi/14.3.1/../../../../arm-none-eabi/lib/thumb/v8-m.main+dp/hard\libc_nano.a
LOAD C:/ST/STM32CubeIDE_1.19.0/STM32CubeIDE/plugins/com.st.stm32cube.ide.mcu.externaltools.gnu-tools-for-stm32.14.3.rel1.win32_1.0.100.202602081740/tools/bin/../lib/gcc/arm-none-eabi/14.3.1/../../../../arm-none-eabi/lib/thumb/v8-m.main+dp/hard\libnosys.a
END GROUP
LOAD C:/ST/STM32CubeIDE_1.19.0/STM32CubeIDE/plugins/com.st.stm32cube.ide.mcu.externaltools.gnu-tools-for-stm32.14.3.rel1.win32_1.0.100.202602081740/tools/bin/../lib/gcc/arm-none-eabi/14.3.1/thumb/v8-m.main+dp/hard/crtend.o
LOAD C:/ST/STM32CubeIDE_1.19.0/STM32CubeIDE/plugins/com.st.stm32cube.ide.mcu.externaltools.gnu-tools-for-stm32.14.3.rel1.win32_1.0.100.202602081740/tools/bin/../lib/gcc/arm-none-eabi/14.3.1/thumb/v8-m.main+dp/hard/crtn.o
                0x34200000                        _estack = (ORIGIN (RAM) + LENGTH (RAM))
                0x341ff800                        _sstack = (_estack - _Min_Stack_Size)
                0x00000200                        _Min_Heap_Size = 0x200
                0x00000800                        _Min_Stack_Size = 0x800

.isr_vector     0x34180400      0x34c
                0x34180400                        . = ALIGN (0x4)
 *(.isr_vector)
 .isr_vector    0x34180400      0x34c ./Application/Startup/startup_stm32n657x0hxq_fsbl.o
                0x34180400                g_pfnVectors
                0x3418074c                        . = ALIGN (0x4)

.text           0x3418074c     0x6d24
                0x3418074c                        . = ALIGN (0x4)
 *(.text)
 .text          0x3418074c       0x40 C:/ST/STM32CubeIDE_1.19.0/STM32CubeIDE/plugins/com.st.stm32cube.ide.mcu.externaltools.gnu-tools-for-stm32.14.3.rel1.win32_1.0.100.202602081740/tools/bin/../lib/gcc/arm-none-eabi/14.3.1/thumb/v8-m.main+dp/hard/crtbegin.o
 *(.text*)
 .text.Reset_Handler
                0x3418078c       0x5c ./Application/Startup/startup_stm32n657x0hxq_fsbl.o
                0x3418078c                Reset_Handler
 .text.Default_Handler
                0x341807e8        0x2 ./Application/Startup/startup_stm32n657x0hxq_fsbl.o
                0x341807e8                HPDMA1_Channel13_IRQHandler
                0x341807e8                EXTI2_IRQHandler
                0x341807e8                MCE2_IRQHandler
                0x341807e8                TIM8_CC_IRQHandler
                0x341807e8                USB2_OTG_HS_IRQHandler
                0x341807e8                SAI1_A_IRQHandler
                0x341807e8                EXTI5_IRQHandler
                0x341807e8                I3C1_ER_IRQHandler
                0x341807e8                UART8_IRQHandler
                0x341807e8                CTI_INT0_IRQHandler
                0x341807e8                SPI4_IRQHandler
                0x341807e8                LTDC_LO_IRQHandler
                0x341807e8                NPU2_IRQHandler
                0x341807e8                FDCAN3_IT0_IRQHandler
                0x341807e8                EXTI13_IRQHandler
                0x341807e8                TIM1_CC_IRQHandler
                0x341807e8                XSPI1_IRQHandler
                0x341807e8                TIM10_IRQHandler
                0x341807e8                JPEG_IRQHandler
                0x341807e8                TAMP_IRQHandler
                0x341807e8                CACHE_ECC_IRQHandler
                0x341807e8                TIM6_IRQHandler
                0x341807e8                CSI_IRQHandler
                0x341807e8                EXTI12_IRQHandler
                0x341807e8                GFXTIM_IRQHandler
                0x341807e8                EXTI3_IRQHandler
                0x341807e8                LPTIM4_IRQHandler
                0x341807e8                GPDMA1_Channel5_IRQHandler
                0x341807e8                EXTI8_IRQHandler
                0x341807e8                LPTIM2_IRQHandler
                0x341807e8                GFXMMU_IRQHandler
                0x341807e8                LTDC_LO_ERR_IRQHandler
                0x341807e8                I2C3_ER_IRQHandler
                0x341807e8                RIFSC_TAMPER_IRQHandler
                0x341807e8                USART10_IRQHandler
                0x341807e8                MDF1_FLT2_IRQHandler
                0x341807e8                LPTIM3_IRQHandler
                0x341807e8                SAI2_A_IRQHandler
                0x341807e8                EXTI0_IRQHandler
                0x341807e8                HPDMA1_Channel9_IRQHandler
                0x341807e8                I2C2_EV_IRQHandler
                0x341807e8                GPU2D_IRQHandler
                0x341807e8                FPU_IRQHandler
                0x341807e8                GPDMA1_Channel3_IRQHandler
                0x341807e8                GPDMA1_Channel7_IRQHandler
                0x341807e8                MDF1_FLT4_IRQHandler
                0x341807e8                FDCAN1_IT1_IRQHandler
                0x341807e8                HPDMA1_Channel3_IRQHandler
                0x341807e8                ADC1_2_IRQHandler
                0x341807e8                GPDMA1_Channel9_IRQHandler
                0x341807e8                SPI1_IRQHandler
                0x341807e8                CACHEAXI_IRQHandler
                0x341807e8                SAI1_B_IRQHandler
                0x341807e8                GPDMA1_Channel2_IRQHandler
                0x341807e8                PAHB_ERR_IRQHandler
                0x341807e8                TIM8_UP_IRQHandler
                0x341807e8                RCC_S_IRQHandler
                0x341807e8                MDF1_FLT1_IRQHandler
                0x341807e8                LTDC_UP_IRQHandler
                0x341807e8                LOCKUP_IRQHandler
                0x341807e8                PKA_IRQHandler
                0x341807e8                USART6_IRQHandler
                0x341807e8                HPDMA1_Channel2_IRQHandler
                0x341807e8                MDF1_FLT5_IRQHandler
                0x341807e8                MCE4_IRQHandler
                0x341807e8                I3C2_ER_IRQHandler
                0x341807e8                EXTI15_IRQHandler
                0x341807e8                TIM17_IRQHandler
                0x341807e8                USART3_IRQHandler
                0x341807e8                HPDMA1_Channel6_IRQHandler
                0x341807e8                CRYP_IRQHandler
                0x341807e8                RTC_IRQHandler
                0x341807e8                XSPI2_IRQHandler
                0x341807e8                EXTI9_IRQHandler
                0x341807e8                IAC_IRQHandler
                0x341807e8                HPDMA1_Channel0_IRQHandler
                0x341807e8                LPTIM5_IRQHandler
                0x341807e8                HPDMA1_Channel1_IRQHandler
                0x341807e8                UART5_IRQHandler
                0x341807e8                TIM4_IRQHandler
                0x341807e8                NPU3_IRQHandler
                0x341807e8                I3C2_EV_IRQHandler
                0x341807e8                I2C1_EV_IRQHandler
                0x341807e8                FDCAN_CU_IRQHandler
                0x341807e8                GPDMA1_Channel12_IRQHandler
                0x341807e8                HPDMA1_Channel7_IRQHandler
                0x341807e8                GPDMA1_Channel1_IRQHandler
                0x341807e8                TIM16_IRQHandler
                0x341807e8                GPDMA1_Channel15_IRQHandler
                0x341807e8                UART4_IRQHandler
                0x341807e8                TCM_ECC_IRQHandler
                0x341807e8                TIM3_IRQHandler
                0x341807e8                RCC_IRQHandler
                0x341807e8                UART9_IRQHandler
                0x341807e8                NPU1_IRQHandler
                0x341807e8                SAI2_B_IRQHandler
                0x341807e8                Default_Handler
                0x341807e8                GPDMA1_Channel8_IRQHandler
                0x341807e8                HPDMA1_Channel8_IRQHandler
                0x341807e8                TIM18_IRQHandler
                0x341807e8                TIM14_IRQHandler
                0x341807e8                TIM13_IRQHandler
                0x341807e8                CTI_INT1_IRQHandler
                0x341807e8                GPDMA1_Channel11_IRQHandler
                0x341807e8                GPU2D_ER_IRQHandler
                0x341807e8                SPI5_IRQHandler
                0x341807e8                TIM12_IRQHandler
                0x341807e8                TIM7_IRQHandler
                0x341807e8                FDCAN3_IT1_IRQHandler
                0x341807e8                HPDMA1_Channel10_IRQHandler
                0x341807e8                SDMMC1_IRQHandler
                0x341807e8                SAES_IRQHandler
                0x341807e8                TIM5_IRQHandler
                0x341807e8                UCPD1_IRQHandler
                0x341807e8                GPDMA1_Channel0_IRQHandler
                0x341807e8                I3C1_EV_IRQHandler
                0x341807e8                HPDMA1_Channel5_IRQHandler
                0x341807e8                TIM15_IRQHandler
                0x341807e8                I2C3_EV_IRQHandler
                0x341807e8                HPDMA1_Channel4_IRQHandler
                0x341807e8                HPDMA1_Channel15_IRQHandler
                0x341807e8                TIM9_IRQHandler
                0x341807e8                ETH1_IRQHandler
                0x341807e8                USB1_OTG_HS_IRQHandler
                0x341807e8                PVD_PVM_IRQHandler
                0x341807e8                SPI2_IRQHandler
                0x341807e8                TIM1_TRG_CCU_IRQHandler
                0x341807e8                HPDMA1_Channel11_IRQHandler
                0x341807e8                EXTI14_IRQHandler
                0x341807e8                EXTI11_IRQHandler
                0x341807e8                VENC_IRQHandler
                0x341807e8                GPDMA1_Channel14_IRQHandler
                0x341807e8                EXTI4_IRQHandler
                0x341807e8                RTC_S_IRQHandler
                0x341807e8                GPDMA1_Channel13_IRQHandler
                0x341807e8                RNG_IRQHandler
                0x341807e8                XSPI3_IRQHandler
                0x341807e8                FDCAN2_IT1_IRQHandler
                0x341807e8                TIM1_UP_IRQHandler
                0x341807e8                NPU0_IRQHandler
                0x341807e8                BCK_ECC_IRQHandler
                0x341807e8                WWDG_IRQHandler
                0x341807e8                SPI6_IRQHandler
                0x341807e8                MDIOS_IRQHandler
                0x341807e8                I2C4_EV_IRQHandler
                0x341807e8                FDCAN2_IT0_IRQHandler
                0x341807e8                IWDG_IRQHandler
                0x341807e8                HPDMA1_Channel14_IRQHandler
                0x341807e8                LPUART1_IRQHandler
                0x341807e8                FDCAN1_IT0_IRQHandler
                0x341807e8                MDF1_FLT0_IRQHandler
                0x341807e8                TIM2_IRQHandler
                0x341807e8                MCE3_IRQHandler
                0x341807e8                GPDMA1_Channel4_IRQHandler
                0x341807e8                EXTI7_IRQHandler
                0x341807e8                DMA2D_IRQHandler
                0x341807e8                TIM1_BRK_IRQHandler
                0x341807e8                EXTI1_IRQHandler
                0x341807e8                SDMMC2_IRQHandler
                0x341807e8                TIM11_IRQHandler
                0x341807e8                LTDC_UP_ERR_IRQHandler
                0x341807e8                UART7_IRQHandler
                0x341807e8                DTS_IRQHandler
                0x341807e8                MDF1_FLT3_IRQHandler
                0x341807e8                USART2_IRQHandler
                0x341807e8                GPDMA1_Channel6_IRQHandler
                0x341807e8                ADF1_FLT0_IRQHandler
                0x341807e8                I2C2_ER_IRQHandler
                0x341807e8                MCE1_IRQHandler
                0x341807e8                SPDIFRX_IRQHandler
                0x341807e8                TIM8_BRK_IRQHandler
                0x341807e8                HPDMA1_Channel12_IRQHandler
                0x341807e8                USART1_IRQHandler
                0x341807e8                EXTI10_IRQHandler
                0x341807e8                SPI3_IRQHandler
                0x341807e8                WAKEUP_PIN_IRQHandler
                0x341807e8                DCMIPP_IRQHandler
                0x341807e8                I2C1_ER_IRQHandler
                0x341807e8                FMC_IRQHandler
                0x341807e8                EXTI6_IRQHandler
                0x341807e8                LPTIM1_IRQHandler
                0x341807e8                DCMI_PSSI_IRQHandler
                0x341807e8                TIM8_TRG_CCU_IRQHandler
                0x341807e8                I2C4_ER_IRQHandler
                0x341807e8                GPDMA1_Channel10_IRQHandler
                0x341807e8                ICACHE_IRQHandler
                0x341807e8                HASH_IRQHandler
 *fill*         0x341807ea        0x2 
 .text.LL_AHB4_GRP1_EnableClock
                0x341807ec       0x2c ./Application/User/main.o
 .text.main     0x34180818      0x150 ./Application/User/main.o
                0x34180818                main
 .text.SystemClock_Config
                0x34180968      0x158 ./Application/User/main.o
                0x34180968                SystemClock_Config
 .text.MX_I2C1_Init
                0x34180ac0       0x94 ./Application/User/main.o
 .text.MX_GPIO_Init
                0x34180b54        0xe ./Application/User/main.o
 .text.Buffercmp
                0x34180b62       0x44 ./Application/User/main.o
 .text.Error_Handler
                0x34180ba6        0xe ./Application/User/main.o
                0x34180ba6                Error_Handler
 .text.LL_AHB4_GRP1_EnableClock
                0x34180bb4       0x2c ./Application/User/stm32n6xx_hal_msp.o
 .text.LL_APB1_GRP1_EnableClock
                0x34180be0       0x2c ./Application/User/stm32n6xx_hal_msp.o
 .text.HAL_MspInit
                0x34180c0c        0xe ./Application/User/stm32n6xx_hal_msp.o
                0x34180c0c                HAL_MspInit
 *fill*         0x34180c1a        0x2 
 .text.HAL_I2C_MspInit
                0x34180c1c       0xcc ./Application/User/stm32n6xx_hal_msp.o
                0x34180c1c                HAL_I2C_MspInit
 .text.NMI_Handler
                0x34180ce8        0x8 ./Application/User/stm32n6xx_it.o
                0x34180ce8                NMI_Handler
 .text.HardFault_Handler
                0x34180cf0        0x8 ./Application/User/stm32n6xx_it.o
                0x34180cf0                HardFault_Handler
 .text.MemManage_Handler
                0x34180cf8        0x8 ./Application/User/stm32n6xx_it.o
                0x34180cf8                MemManage_Handler
 .text.BusFault_Handler
                0x34180d00        0x8 ./Application/User/stm32n6xx_it.o
                0x34180d00                BusFault_Handler
 .text.UsageFault_Handler
                0x34180d08        0x8 ./Application/User/stm32n6xx_it.o
                0x34180d08                UsageFault_Handler
 .text.SecureFault_Handler
                0x34180d10        0x8 ./Application/User/stm32n6xx_it.o
                0x34180d10                SecureFault_Handler
 .text.SVC_Handler
                0x34180d18        0xe ./Application/User/stm32n6xx_it.o
                0x34180d18                SVC_Handler
 .text.DebugMon_Handler
                0x34180d26        0xe ./Application/User/stm32n6xx_it.o
                0x34180d26                DebugMon_Handler
 .text.PendSV_Handler
                0x34180d34        0xe ./Application/User/stm32n6xx_it.o
                0x34180d34                PendSV_Handler
 .text.SysTick_Handler
                0x34180d42        0xc ./Application/User/stm32n6xx_it.o
                0x34180d42                SysTick_Handler
 *fill*         0x34180d4e        0x2 
 .text.LL_AHB4_GRP1_EnableClock
                0x34180d50       0x2c ./Drivers/BSP/STM32N6xx_Nucleo/stm32n6xx_nucleo.o
 .text.BSP_LED_Init
                0x34180d7c       0x74 ./Drivers/BSP/STM32N6xx_Nucleo/stm32n6xx_nucleo.o
                0x34180d7c                BSP_LED_Init
 .text.BSP_LED_On
                0x34180df0       0x34 ./Drivers/BSP/STM32N6xx_Nucleo/stm32n6xx_nucleo.o
                0x34180df0                BSP_LED_On
 .text.BSP_LED_Off
                0x34180e24       0x34 ./Drivers/BSP/STM32N6xx_Nucleo/stm32n6xx_nucleo.o
                0x34180e24                BSP_LED_Off
 .text.SystemInit
                0x34180e58      0x18c ./Drivers/CMSIS/system_stm32n6xx_fsbl.o
                0x34180e58                SystemInit
 .text.SystemCoreClockUpdate
                0x34180fe4      0x350 ./Drivers/CMSIS/system_stm32n6xx_fsbl.o
                0x34180fe4                SystemCoreClockUpdate
 .text.SECURE_SystemCoreClockUpdate
                0x34181334       0x2c ./Drivers/CMSIS/system_stm32n6xx_fsbl.o
                0x34181334                __acle_se_SECURE_SystemCoreClockUpdate
 .text.HAL_Init
                0x34181360       0x28 ./Drivers/STM32N6xx_HAL_Driver/stm32n6xx_hal.o
                0x34181360                HAL_Init
 .text.HAL_InitTick
                0x34181388       0x6c ./Drivers/STM32N6xx_HAL_Driver/stm32n6xx_hal.o
                0x34181388                HAL_InitTick
 .text.HAL_IncTick
                0x341813f4       0x28 ./Drivers/STM32N6xx_HAL_Driver/stm32n6xx_hal.o
                0x341813f4                HAL_IncTick
 .text.HAL_GetTick
                0x3418141c       0x18 ./Drivers/STM32N6xx_HAL_Driver/stm32n6xx_hal.o
                0x3418141c                HAL_GetTick
 .text.__NVIC_SetPriorityGrouping
                0x34181434       0x48 ./Drivers/STM32N6xx_HAL_Driver/stm32n6xx_hal_cortex.o
 .text.__NVIC_GetPriorityGrouping
                0x3418147c       0x1c ./Drivers/STM32N6xx_HAL_Driver/stm32n6xx_hal_cortex.o
 .text.__NVIC_SetPriority
                0x34181498       0x54 ./Drivers/STM32N6xx_HAL_Driver/stm32n6xx_hal_cortex.o
 .text.NVIC_EncodePriority
                0x341814ec       0x66 ./Drivers/STM32N6xx_HAL_Driver/stm32n6xx_hal_cortex.o
 *fill*         0x34181552        0x2 
 .text.SysTick_Config
                0x34181554       0x44 ./Drivers/STM32N6xx_HAL_Driver/stm32n6xx_hal_cortex.o
 .text.HAL_NVIC_SetPriorityGrouping
                0x34181598       0x16 ./Drivers/STM32N6xx_HAL_Driver/stm32n6xx_hal_cortex.o
                0x34181598                HAL_NVIC_SetPriorityGrouping
 .text.HAL_NVIC_SetPriority
                0x341815ae       0x3a ./Drivers/STM32N6xx_HAL_Driver/stm32n6xx_hal_cortex.o
                0x341815ae                HAL_NVIC_SetPriority
 .text.HAL_SYSTICK_Config
                0x341815e8       0x18 ./Drivers/STM32N6xx_HAL_Driver/stm32n6xx_hal_cortex.o
                0x341815e8                HAL_SYSTICK_Config
 .text.HAL_GPIO_Init
                0x34181600      0x364 ./Drivers/STM32N6xx_HAL_Driver/stm32n6xx_hal_gpio.o
                0x34181600                HAL_GPIO_Init
 .text.HAL_GPIO_WritePin
                0x34181964       0x30 ./Drivers/STM32N6xx_HAL_Driver/stm32n6xx_hal_gpio.o
                0x34181964                HAL_GPIO_WritePin
 .text.HAL_I2C_Init
                0x34181994      0x136 ./Drivers/STM32N6xx_HAL_Driver/stm32n6xx_hal_i2c.o
                0x34181994                HAL_I2C_Init
 .text.HAL_I2C_Slave_Transmit
                0x34181aca      0x29a ./Drivers/STM32N6xx_HAL_Driver/stm32n6xx_hal_i2c.o
                0x34181aca                HAL_I2C_Slave_Transmit
 .text.HAL_I2C_Slave_Receive
                0x34181d64      0x220 ./Drivers/STM32N6xx_HAL_Driver/stm32n6xx_hal_i2c.o
                0x34181d64                HAL_I2C_Slave_Receive
 .text.I2C_Flush_TXDR
                0x34181f84       0x48 ./Drivers/STM32N6xx_HAL_Driver/stm32n6xx_hal_i2c.o
 .text.I2C_WaitOnFlagUntilTimeout
                0x34181fcc       0xb2 ./Drivers/STM32N6xx_HAL_Driver/stm32n6xx_hal_i2c.o
 .text.I2C_WaitOnTXISFlagUntilTimeout
                0x3418207e       0x8e ./Drivers/STM32N6xx_HAL_Driver/stm32n6xx_hal_i2c.o
 .text.I2C_WaitOnSTOPFlagUntilTimeout
                0x3418210c       0x86 ./Drivers/STM32N6xx_HAL_Driver/stm32n6xx_hal_i2c.o
 *fill*         0x34182192        0x2 
 .text.I2C_WaitOnRXNEFlagUntilTimeout
                0x34182194      0x118 ./Drivers/STM32N6xx_HAL_Driver/stm32n6xx_hal_i2c.o
 .text.I2C_IsErrorOccurred
                0x341822ac      0x1c0 ./Drivers/STM32N6xx_HAL_Driver/stm32n6xx_hal_i2c.o
 .text.HAL_I2CEx_ConfigAnalogFilter
                0x3418246c       0x96 ./Drivers/STM32N6xx_HAL_Driver/stm32n6xx_hal_i2c_ex.o
                0x3418246c                HAL_I2CEx_ConfigAnalogFilter
 .text.HAL_I2CEx_ConfigDigitalFilter
                0x34182502       0x98 ./Drivers/STM32N6xx_HAL_Driver/stm32n6xx_hal_i2c_ex.o
                0x34182502                HAL_I2CEx_ConfigDigitalFilter
 .text.HAL_I2CEx_ConfigFastModePlus
                0x3418259a       0x9e ./Drivers/STM32N6xx_HAL_Driver/stm32n6xx_hal_i2c_ex.o
                0x3418259a                HAL_I2CEx_ConfigFastModePlus
 .text.HAL_PWREx_ConfigSupply
                0x34182638       0x50 ./Drivers/STM32N6xx_HAL_Driver/stm32n6xx_hal_pwr_ex.o
                0x34182638                HAL_PWREx_ConfigSupply
 .text.HAL_PWREx_ControlVoltageScaling
                0x34182688       0x50 ./Drivers/STM32N6xx_HAL_Driver/stm32n6xx_hal_pwr_ex.o
                0x34182688                HAL_PWREx_ControlVoltageScaling
 .text.LL_RCC_HSE_IsReady
                0x341826d8       0x24 ./Drivers/STM32N6xx_HAL_Driver/stm32n6xx_hal_rcc.o
 .text.LL_RCC_HSI_Enable
                0x341826fc       0x1c ./Drivers/STM32N6xx_HAL_Driver/stm32n6xx_hal_rcc.o
 .text.LL_RCC_HSI_Disable
                0x34182718       0x20 ./Drivers/STM32N6xx_HAL_Driver/stm32n6xx_hal_rcc.o
 .text.LL_RCC_HSI_IsReady
                0x34182738       0x24 ./Drivers/STM32N6xx_HAL_Driver/stm32n6xx_hal_rcc.o
 .text.LL_RCC_HSI_SetDivider
                0x3418275c       0x28 ./Drivers/STM32N6xx_HAL_Driver/stm32n6xx_hal_rcc.o
 .text.LL_RCC_HSI_GetDivider
                0x34182784       0x1c ./Drivers/STM32N6xx_HAL_Driver/stm32n6xx_hal_rcc.o
 .text.LL_RCC_HSI_SetCalibTrimming
                0x341827a0       0x2c ./Drivers/STM32N6xx_HAL_Driver/stm32n6xx_hal_rcc.o
 .text.LL_RCC_MSI_Enable
                0x341827cc       0x1c ./Drivers/STM32N6xx_HAL_Driver/stm32n6xx_hal_rcc.o
 .text.LL_RCC_MSI_Disable
                0x341827e8       0x20 ./Drivers/STM32N6xx_HAL_Driver/stm32n6xx_hal_rcc.o
 .text.LL_RCC_MSI_IsReady
                0x34182808       0x24 ./Drivers/STM32N6xx_HAL_Driver/stm32n6xx_hal_rcc.o
 .text.LL_RCC_MSI_SetFrequency
                0x3418282c       0x28 ./Drivers/STM32N6xx_HAL_Driver/stm32n6xx_hal_rcc.o
 .text.LL_RCC_MSI_SetCalibTrimming
                0x34182854       0x2c ./Drivers/STM32N6xx_HAL_Driver/stm32n6xx_hal_rcc.o
 .text.LL_RCC_LSE_IsReady
                0x34182880       0x24 ./Drivers/STM32N6xx_HAL_Driver/stm32n6xx_hal_rcc.o
 .text.LL_RCC_LSI_Enable
                0x341828a4       0x1c ./Drivers/STM32N6xx_HAL_Driver/stm32n6xx_hal_rcc.o
 .text.LL_RCC_LSI_Disable
                0x341828c0       0x20 ./Drivers/STM32N6xx_HAL_Driver/stm32n6xx_hal_rcc.o
 .text.LL_RCC_LSI_IsReady
                0x341828e0       0x1c ./Drivers/STM32N6xx_HAL_Driver/stm32n6xx_hal_rcc.o
 .text.LL_RCC_GetCpuClkSource
                0x341828fc       0x1c ./Drivers/STM32N6xx_HAL_Driver/stm32n6xx_hal_rcc.o
 .text.LL_RCC_GetSysClkSource
                0x34182918       0x1c ./Drivers/STM32N6xx_HAL_Driver/stm32n6xx_hal_rcc.o
 .text.LL_RCC_PLL1_GetSource
                0x34182934       0x1c ./Drivers/STM32N6xx_HAL_Driver/stm32n6xx_hal_rcc.o
 .text.LL_RCC_PLL1_IsReady
                0x34182950       0x28 ./Drivers/STM32N6xx_HAL_Driver/stm32n6xx_hal_rcc.o
 .text.LL_RCC_PLL1_IsEnabledBypass
                0x34182978       0x28 ./Drivers/STM32N6xx_HAL_Driver/stm32n6xx_hal_rcc.o
 .text.LL_RCC_PLL2_GetSource
                0x341829a0       0x1c ./Drivers/STM32N6xx_HAL_Driver/stm32n6xx_hal_rcc.o
 .text.LL_RCC_PLL2_IsReady
                0x341829bc       0x28 ./Drivers/STM32N6xx_HAL_Driver/stm32n6xx_hal_rcc.o
 .text.LL_RCC_PLL2_IsEnabledBypass
                0x341829e4       0x28 ./Drivers/STM32N6xx_HAL_Driver/stm32n6xx_hal_rcc.o
 .text.LL_RCC_PLL3_GetSource
                0x34182a0c       0x1c ./Drivers/STM32N6xx_HAL_Driver/stm32n6xx_hal_rcc.o
 .text.LL_RCC_PLL3_IsReady
                0x34182a28       0x28 ./Drivers/STM32N6xx_HAL_Driver/stm32n6xx_hal_rcc.o
 .text.LL_RCC_PLL3_IsEnabledBypass
                0x34182a50       0x28 ./Drivers/STM32N6xx_HAL_Driver/stm32n6xx_hal_rcc.o
 .text.LL_RCC_PLL4_GetSource
                0x34182a78       0x1c ./Drivers/STM32N6xx_HAL_Driver/stm32n6xx_hal_rcc.o
 .text.LL_RCC_PLL4_IsReady
                0x34182a94       0x28 ./Drivers/STM32N6xx_HAL_Driver/stm32n6xx_hal_rcc.o
 .text.LL_RCC_PLL4_IsEnabledBypass
                0x34182abc       0x28 ./Drivers/STM32N6xx_HAL_Driver/stm32n6xx_hal_rcc.o
 .text.LL_RCC_IC1_Enable
                0x34182ae4       0x1c ./Drivers/STM32N6xx_HAL_Driver/stm32n6xx_hal_rcc.o
 .text.LL_RCC_IC1_GetSource
                0x34182b00       0x1c ./Drivers/STM32N6xx_HAL_Driver/stm32n6xx_hal_rcc.o
 .text.LL_RCC_IC1_GetDivider
                0x34182b1c       0x20 ./Drivers/STM32N6xx_HAL_Driver/stm32n6xx_hal_rcc.o
 .text.LL_RCC_IC2_GetSource
                0x34182b3c       0x1c ./Drivers/STM32N6xx_HAL_Driver/stm32n6xx_hal_rcc.o
 .text.LL_RCC_IC6_GetSource
                0x34182b58       0x1c ./Drivers/STM32N6xx_HAL_Driver/stm32n6xx_hal_rcc.o
 .text.LL_RCC_IC11_GetSource
                0x34182b74       0x1c ./Drivers/STM32N6xx_HAL_Driver/stm32n6xx_hal_rcc.o
 .text.HAL_RCC_OscConfig
                0x34182b90      0x7c0 ./Drivers/STM32N6xx_HAL_Driver/stm32n6xx_hal_rcc.o
                0x34182b90                HAL_RCC_OscConfig
 .text.HAL_RCC_ClockConfig
                0x34183350      0x408 ./Drivers/STM32N6xx_HAL_Driver/stm32n6xx_hal_rcc.o
                0x34183350                HAL_RCC_ClockConfig
 .text.HAL_RCC_GetCpuClockFreq
                0x34183758      0x100 ./Drivers/STM32N6xx_HAL_Driver/stm32n6xx_hal_rcc.o
                0x34183758                HAL_RCC_GetCpuClockFreq
 .text.HAL_RCC_GetClockConfig
                0x34183858       0xec ./Drivers/STM32N6xx_HAL_Driver/stm32n6xx_hal_rcc.o
                0x34183858                HAL_RCC_GetClockConfig
 .text.RCC_PLL_Config
                0x34183944      0x260 ./Drivers/STM32N6xx_HAL_Driver/stm32n6xx_hal_rcc.o
 .text.RCC_PLL_Enable
                0x34183ba4       0x58 ./Drivers/STM32N6xx_HAL_Driver/stm32n6xx_hal_rcc.o
 .text.RCC_PLL_IsNewConfig
                0x34183bfc       0xf4 ./Drivers/STM32N6xx_HAL_Driver/stm32n6xx_hal_rcc.o
 .text.RCC_PLL_Source_IsReady
                0x34183cf0       0x74 ./Drivers/STM32N6xx_HAL_Driver/stm32n6xx_hal_rcc.o
 .text.RCC_IC_CheckPLLSources
                0x34183d64      0x170 ./Drivers/STM32N6xx_HAL_Driver/stm32n6xx_hal_rcc.o
 .text.LL_RCC_HSE_SelectHSEAsDiv2Clock
                0x34183ed4       0x20 ./Drivers/STM32N6xx_HAL_Driver/stm32n6xx_hal_rcc_ex.o
 .text.LL_RCC_HSE_SelectHSEDiv2AsDiv2Clock
                0x34183ef4       0x20 ./Drivers/STM32N6xx_HAL_Driver/stm32n6xx_hal_rcc_ex.o
 .text.LL_RCC_HSE_IsReady
                0x34183f14       0x24 ./Drivers/STM32N6xx_HAL_Driver/stm32n6xx_hal_rcc_ex.o
 .text.LL_RCC_HSI_IsReady
                0x34183f38       0x24 ./Drivers/STM32N6xx_HAL_Driver/stm32n6xx_hal_rcc_ex.o
 .text.LL_RCC_HSI_GetDivider
                0x34183f5c       0x1c ./Drivers/STM32N6xx_HAL_Driver/stm32n6xx_hal_rcc_ex.o
 .text.LL_RCC_MSI_IsReady
                0x34183f78       0x24 ./Drivers/STM32N6xx_HAL_Driver/stm32n6xx_hal_rcc_ex.o
 .text.LL_RCC_MSI_GetFrequency
                0x34183f9c       0x1c ./Drivers/STM32N6xx_HAL_Driver/stm32n6xx_hal_rcc_ex.o
 .text.LL_RCC_LSE_IsReady
                0x34183fb8       0x24 ./Drivers/STM32N6xx_HAL_Driver/stm32n6xx_hal_rcc_ex.o
 .text.LL_RCC_SetClockSource
                0x34183fdc       0x54 ./Drivers/STM32N6xx_HAL_Driver/stm32n6xx_hal_rcc_ex.o
 .text.LL_RCC_SetADFClockSource
                0x34184030       0x2c ./Drivers/STM32N6xx_HAL_Driver/stm32n6xx_hal_rcc_ex.o
 .text.LL_RCC_SetCLKPClockSource
                0x3418405c       0x2c ./Drivers/STM32N6xx_HAL_Driver/stm32n6xx_hal_rcc_ex.o
 .text.LL_RCC_SetDCMIPPClockSource
                0x34184088       0x2c ./Drivers/STM32N6xx_HAL_Driver/stm32n6xx_hal_rcc_ex.o
 .text.LL_RCC_SetETHClockSource
                0x341840b4       0x2c ./Drivers/STM32N6xx_HAL_Driver/stm32n6xx_hal_rcc_ex.o
 .text.LL_RCC_SetETHPHYInterface
                0x341840e0       0x2c ./Drivers/STM32N6xx_HAL_Driver/stm32n6xx_hal_rcc_ex.o
 .text.LL_RCC_SetETHREFRXClockSource
                0x3418410c       0x2c ./Drivers/STM32N6xx_HAL_Driver/stm32n6xx_hal_rcc_ex.o
 .text.LL_RCC_SetETHREFTXClockSource
                0x34184138       0x2c ./Drivers/STM32N6xx_HAL_Driver/stm32n6xx_hal_rcc_ex.o
 .text.LL_RCC_SetFDCANClockSource
                0x34184164       0x2c ./Drivers/STM32N6xx_HAL_Driver/stm32n6xx_hal_rcc_ex.o
 .text.LL_RCC_SetFMCClockSource
                0x34184190       0x2c ./Drivers/STM32N6xx_HAL_Driver/stm32n6xx_hal_rcc_ex.o
 .text.LL_RCC_SetI2CClockSource
                0x341841bc       0x16 ./Drivers/STM32N6xx_HAL_Driver/stm32n6xx_hal_rcc_ex.o
 .text.LL_RCC_SetI3CClockSource
                0x341841d2       0x16 ./Drivers/STM32N6xx_HAL_Driver/stm32n6xx_hal_rcc_ex.o
 .text.LL_RCC_SetLPTIMClockSource
                0x341841e8       0x16 ./Drivers/STM32N6xx_HAL_Driver/stm32n6xx_hal_rcc_ex.o
 *fill*         0x341841fe        0x2 
 .text.LL_RCC_SetLPUARTClockSource
                0x34184200       0x2c ./Drivers/STM32N6xx_HAL_Driver/stm32n6xx_hal_rcc_ex.o
 .text.LL_RCC_SetLTDCClockSource
                0x3418422c       0x2c ./Drivers/STM32N6xx_HAL_Driver/stm32n6xx_hal_rcc_ex.o
 .text.LL_RCC_SetMDFClockSource
                0x34184258       0x2c ./Drivers/STM32N6xx_HAL_Driver/stm32n6xx_hal_rcc_ex.o
 .text.LL_RCC_SetOTGPHYClockSource
                0x34184284       0x16 ./Drivers/STM32N6xx_HAL_Driver/stm32n6xx_hal_rcc_ex.o
 .text.LL_RCC_SetOTGPHYCKREFClockSource
                0x3418429a       0x16 ./Drivers/STM32N6xx_HAL_Driver/stm32n6xx_hal_rcc_ex.o
 .text.LL_RCC_SetPSSIClockSource
                0x341842b0       0x2c ./Drivers/STM32N6xx_HAL_Driver/stm32n6xx_hal_rcc_ex.o
 .text.LL_RCC_SetSAIClockSource
                0x341842dc       0x16 ./Drivers/STM32N6xx_HAL_Driver/stm32n6xx_hal_rcc_ex.o
 .text.LL_RCC_SetSDMMCClockSource
                0x341842f2       0x16 ./Drivers/STM32N6xx_HAL_Driver/stm32n6xx_hal_rcc_ex.o
 .text.LL_RCC_SetSPDIFRXClockSource
                0x34184308       0x2c ./Drivers/STM32N6xx_HAL_Driver/stm32n6xx_hal_rcc_ex.o
 .text.LL_RCC_SetSPIClockSource
                0x34184334       0x16 ./Drivers/STM32N6xx_HAL_Driver/stm32n6xx_hal_rcc_ex.o
 .text.LL_RCC_SetUSARTClockSource
                0x3418434a       0x16 ./Drivers/STM32N6xx_HAL_Driver/stm32n6xx_hal_rcc_ex.o
 .text.LL_RCC_SetXSPIClockSource
                0x34184360       0x16 ./Drivers/STM32N6xx_HAL_Driver/stm32n6xx_hal_rcc_ex.o
 *fill*         0x34184376        0x2 
 .text.LL_RCC_SetRTCClockSource
                0x34184378       0x2c ./Drivers/STM32N6xx_HAL_Driver/stm32n6xx_hal_rcc_ex.o
 .text.LL_RCC_GetRTCClockSource
                0x341843a4       0x1c ./Drivers/STM32N6xx_HAL_Driver/stm32n6xx_hal_rcc_ex.o
 .text.LL_RCC_SetRTC_HSEPrescaler
                0x341843c0       0x2c ./Drivers/STM32N6xx_HAL_Driver/stm32n6xx_hal_rcc_ex.o
 .text.LL_RCC_SetTIMPrescaler
                0x341843ec       0x2c ./Drivers/STM32N6xx_HAL_Driver/stm32n6xx_hal_rcc_ex.o
 .text.LL_RCC_PLL1_GetSource
                0x34184418       0x1c ./Drivers/STM32N6xx_HAL_Driver/stm32n6xx_hal_rcc_ex.o
 .text.LL_RCC_PLL1_IsReady
                0x34184434       0x28 ./Drivers/STM32N6xx_HAL_Driver/stm32n6xx_hal_rcc_ex.o
 .text.LL_RCC_PLL1_IsEnabledBypass
                0x3418445c       0x28 ./Drivers/STM32N6xx_HAL_Driver/stm32n6xx_hal_rcc_ex.o
 .text.LL_RCC_PLL1_GetN
                0x34184484       0x20 ./Drivers/STM32N6xx_HAL_Driver/stm32n6xx_hal_rcc_ex.o
 .text.LL_RCC_PLL1_GetM
                0x341844a4       0x20 ./Drivers/STM32N6xx_HAL_Driver/stm32n6xx_hal_rcc_ex.o
 .text.LL_RCC_PLL1_GetP1
                0x341844c4       0x20 ./Drivers/STM32N6xx_HAL_Driver/stm32n6xx_hal_rcc_ex.o
 .text.LL_RCC_PLL1_GetP2
                0x341844e4       0x20 ./Drivers/STM32N6xx_HAL_Driver/stm32n6xx_hal_rcc_ex.o
 .text.LL_RCC_PLL1P_IsEnabled
                0x34184504       0x28 ./Drivers/STM32N6xx_HAL_Driver/stm32n6xx_hal_rcc_ex.o
 .text.LL_RCC_PLL1_GetFRACN
                0x3418452c       0x1c ./Drivers/STM32N6xx_HAL_Driver/stm32n6xx_hal_rcc_ex.o
 .text.LL_RCC_PLL2_GetSource
                0x34184548       0x1c ./Drivers/STM32N6xx_HAL_Driver/stm32n6xx_hal_rcc_ex.o
 .text.LL_RCC_PLL2_IsReady
                0x34184564       0x28 ./Drivers/STM32N6xx_HAL_Driver/stm32n6xx_hal_rcc_ex.o
 .text.LL_RCC_PLL2_IsEnabledBypass
                0x3418458c       0x28 ./Drivers/STM32N6xx_HAL_Driver/stm32n6xx_hal_rcc_ex.o
 .text.LL_RCC_PLL2_GetN
                0x341845b4       0x20 ./Drivers/STM32N6xx_HAL_Driver/stm32n6xx_hal_rcc_ex.o
 .text.LL_RCC_PLL2_GetM
                0x341845d4       0x20 ./Drivers/STM32N6xx_HAL_Driver/stm32n6xx_hal_rcc_ex.o
 .text.LL_RCC_PLL2_GetP1
                0x341845f4       0x20 ./Drivers/STM32N6xx_HAL_Driver/stm32n6xx_hal_rcc_ex.o
 .text.LL_RCC_PLL2_GetP2
                0x34184614       0x20 ./Drivers/STM32N6xx_HAL_Driver/stm32n6xx_hal_rcc_ex.o
 .text.LL_RCC_PLL2P_IsEnabled
                0x34184634       0x28 ./Drivers/STM32N6xx_HAL_Driver/stm32n6xx_hal_rcc_ex.o
 .text.LL_RCC_PLL2_GetFRACN
                0x3418465c       0x1c ./Drivers/STM32N6xx_HAL_Driver/stm32n6xx_hal_rcc_ex.o
 .text.LL_RCC_PLL3_GetSource
                0x34184678       0x1c ./Drivers/STM32N6xx_HAL_Driver/stm32n6xx_hal_rcc_ex.o
 .text.LL_RCC_PLL3_IsReady
                0x34184694       0x28 ./Drivers/STM32N6xx_HAL_Driver/stm32n6xx_hal_rcc_ex.o
 .text.LL_RCC_PLL3_IsEnabledBypass
                0x341846bc       0x28 ./Drivers/STM32N6xx_HAL_Driver/stm32n6xx_hal_rcc_ex.o
 .text.LL_RCC_PLL3_GetN
                0x341846e4       0x20 ./Drivers/STM32N6xx_HAL_Driver/stm32n6xx_hal_rcc_ex.o
 .text.LL_RCC_PLL3_GetM
                0x34184704       0x20 ./Drivers/STM32N6xx_HAL_Driver/stm32n6xx_hal_rcc_ex.o
 .text.LL_RCC_PLL3_GetP1
                0x34184724       0x20 ./Drivers/STM32N6xx_HAL_Driver/stm32n6xx_hal_rcc_ex.o
 .text.LL_RCC_PLL3_GetP2
                0x34184744       0x20 ./Drivers/STM32N6xx_HAL_Driver/stm32n6xx_hal_rcc_ex.o
 .text.LL_RCC_PLL3P_IsEnabled
                0x34184764       0x28 ./Drivers/STM32N6xx_HAL_Driver/stm32n6xx_hal_rcc_ex.o
 .text.LL_RCC_PLL3_GetFRACN
                0x3418478c       0x1c ./Drivers/STM32N6xx_HAL_Driver/stm32n6xx_hal_rcc_ex.o
 .text.LL_RCC_PLL4_GetSource
                0x341847a8       0x1c ./Drivers/STM32N6xx_HAL_Driver/stm32n6xx_hal_rcc_ex.o
 .text.LL_RCC_PLL4_IsReady
                0x341847c4       0x28 ./Drivers/STM32N6xx_HAL_Driver/stm32n6xx_hal_rcc_ex.o
 .text.LL_RCC_PLL4_IsEnabledBypass
                0x341847ec       0x28 ./Drivers/STM32N6xx_HAL_Driver/stm32n6xx_hal_rcc_ex.o
 .text.LL_RCC_PLL4_GetN
                0x34184814       0x20 ./Drivers/STM32N6xx_HAL_Driver/stm32n6xx_hal_rcc_ex.o
 .text.LL_RCC_PLL4_GetM
                0x34184834       0x20 ./Drivers/STM32N6xx_HAL_Driver/stm32n6xx_hal_rcc_ex.o
 .text.LL_RCC_PLL4_GetP1
                0x34184854       0x20 ./Drivers/STM32N6xx_HAL_Driver/stm32n6xx_hal_rcc_ex.o
 .text.LL_RCC_PLL4_GetP2
                0x34184874       0x20 ./Drivers/STM32N6xx_HAL_Driver/stm32n6xx_hal_rcc_ex.o
 .text.LL_RCC_PLL4P_IsEnabled
                0x34184894       0x28 ./Drivers/STM32N6xx_HAL_Driver/stm32n6xx_hal_rcc_ex.o
 .text.LL_RCC_PLL4_GetFRACN
                0x341848bc       0x1c ./Drivers/STM32N6xx_HAL_Driver/stm32n6xx_hal_rcc_ex.o
 .text.LL_RCC_IC3_Enable
                0x341848d8       0x1c ./Drivers/STM32N6xx_HAL_Driver/stm32n6xx_hal_rcc_ex.o
 .text.LL_RCC_IC4_Enable
                0x341848f4       0x1c ./Drivers/STM32N6xx_HAL_Driver/stm32n6xx_hal_rcc_ex.o
 .text.LL_RCC_IC5_Enable
                0x34184910       0x1c ./Drivers/STM32N6xx_HAL_Driver/stm32n6xx_hal_rcc_ex.o
 .text.LL_RCC_IC7_Enable
                0x3418492c       0x1c ./Drivers/STM32N6xx_HAL_Driver/stm32n6xx_hal_rcc_ex.o
 .text.LL_RCC_IC8_Enable
                0x34184948       0x1c ./Drivers/STM32N6xx_HAL_Driver/stm32n6xx_hal_rcc_ex.o
 .text.LL_RCC_IC9_Enable
                0x34184964       0x1c ./Drivers/STM32N6xx_HAL_Driver/stm32n6xx_hal_rcc_ex.o
 .text.LL_RCC_IC10_Enable
                0x34184980       0x1c ./Drivers/STM32N6xx_HAL_Driver/stm32n6xx_hal_rcc_ex.o
 .text.LL_RCC_IC12_Enable
                0x3418499c       0x1c ./Drivers/STM32N6xx_HAL_Driver/stm32n6xx_hal_rcc_ex.o
 .text.LL_RCC_IC13_Enable
                0x341849b8       0x1c ./Drivers/STM32N6xx_HAL_Driver/stm32n6xx_hal_rcc_ex.o
 .text.LL_RCC_IC14_Enable
                0x341849d4       0x1c ./Drivers/STM32N6xx_HAL_Driver/stm32n6xx_hal_rcc_ex.o
 .text.LL_RCC_IC15_Enable
                0x341849f0       0x1c ./Drivers/STM32N6xx_HAL_Driver/stm32n6xx_hal_rcc_ex.o
 .text.LL_RCC_IC16_Enable
                0x34184a0c       0x1c ./Drivers/STM32N6xx_HAL_Driver/stm32n6xx_hal_rcc_ex.o
 .text.LL_RCC_IC17_Enable
                0x34184a28       0x1c ./Drivers/STM32N6xx_HAL_Driver/stm32n6xx_hal_rcc_ex.o
 .text.LL_RCC_IC18_Enable
                0x34184a44       0x1c ./Drivers/STM32N6xx_HAL_Driver/stm32n6xx_hal_rcc_ex.o
 .text.LL_RCC_IC19_Enable
                0x34184a60       0x1c ./Drivers/STM32N6xx_HAL_Driver/stm32n6xx_hal_rcc_ex.o
 .text.LL_RCC_IC20_Enable
                0x34184a7c       0x1c ./Drivers/STM32N6xx_HAL_Driver/stm32n6xx_hal_rcc_ex.o
 .text.LL_RCC_CLKP_Enable
                0x34184a98       0x1c ./Drivers/STM32N6xx_HAL_Driver/stm32n6xx_hal_rcc_ex.o
 .text.HAL_RCCEx_PeriphCLKConfig
                0x34184ab4     0x25c8 ./Drivers/STM32N6xx_HAL_Driver/stm32n6xx_hal_rcc_ex.o
                0x34184ab4                HAL_RCCEx_PeriphCLKConfig
 .text.HAL_RCCEx_GetPLL1CLKFreq
                0x3418707c       0x8c ./Drivers/STM32N6xx_HAL_Driver/stm32n6xx_hal_rcc_ex.o
                0x3418707c                HAL_RCCEx_GetPLL1CLKFreq
 .text.HAL_RCCEx_GetPLL2CLKFreq
                0x34187108       0x8c ./Drivers/STM32N6xx_HAL_Driver/stm32n6xx_hal_rcc_ex.o
                0x34187108                HAL_RCCEx_GetPLL2CLKFreq
 .text.HAL_RCCEx_GetPLL3CLKFreq
                0x34187194       0x8c ./Drivers/STM32N6xx_HAL_Driver/stm32n6xx_hal_rcc_ex.o
                0x34187194                HAL_RCCEx_GetPLL3CLKFreq
 .text.HAL_RCCEx_GetPLL4CLKFreq
                0x34187220       0x8c ./Drivers/STM32N6xx_HAL_Driver/stm32n6xx_hal_rcc_ex.o
                0x34187220                HAL_RCCEx_GetPLL4CLKFreq
 .text.RCCEx_GetPLLSourceFreq
                0x341872ac       0xbc ./Drivers/STM32N6xx_HAL_Driver/stm32n6xx_hal_rcc_ex.o
 .text.RCCEx_CalcPLLFreq
                0x34187368       0x98 ./Drivers/STM32N6xx_HAL_Driver/stm32n6xx_hal_rcc_ex.o
 .text.memset   0x34187400       0x10 C:/ST/STM32CubeIDE_1.19.0/STM32CubeIDE/plugins/com.st.stm32cube.ide.mcu.externaltools.gnu-tools-for-stm32.14.3.rel1.win32_1.0.100.202602081740/tools/bin/../lib/gcc/arm-none-eabi/14.3.1/../../../../arm-none-eabi/lib/thumb/v8-m.main+dp/hard\libc_nano.a(libc_a-memset.o)
                0x34187400                memset
 .text.__libc_init_array
                0x34187410       0x48 C:/ST/STM32CubeIDE_1.19.0/STM32CubeIDE/plugins/com.st.stm32cube.ide.mcu.externaltools.gnu-tools-for-stm32.14.3.rel1.win32_1.0.100.202602081740/tools/bin/../lib/gcc/arm-none-eabi/14.3.1/../../../../arm-none-eabi/lib/thumb/v8-m.main+dp/hard\libc_nano.a(libc_a-init.o)
                0x34187410                __libc_init_array
 *(.glue_7)
 .glue_7        0x34187458        0x0 linker stubs
 *(.glue_7t)
 .glue_7t       0x34187458        0x0 linker stubs
 *(.eh_frame)
 .eh_frame      0x34187458        0x0 C:/ST/STM32CubeIDE_1.19.0/STM32CubeIDE/plugins/com.st.stm32cube.ide.mcu.externaltools.gnu-tools-for-stm32.14.3.rel1.win32_1.0.100.202602081740/tools/bin/../lib/gcc/arm-none-eabi/14.3.1/thumb/v8-m.main+dp/hard/crtbegin.o
 *(.RamFunc)
 *(.RamFunc*)
 *(.init)
 .init          0x34187458        0x4 C:/ST/STM32CubeIDE_1.19.0/STM32CubeIDE/plugins/com.st.stm32cube.ide.mcu.externaltools.gnu-tools-for-stm32.14.3.rel1.win32_1.0.100.202602081740/tools/bin/../lib/gcc/arm-none-eabi/14.3.1/thumb/v8-m.main+dp/hard/crti.o
                0x34187458                _init
 .init          0x3418745c        0x8 C:/ST/STM32CubeIDE_1.19.0/STM32CubeIDE/plugins/com.st.stm32cube.ide.mcu.externaltools.gnu-tools-for-stm32.14.3.rel1.win32_1.0.100.202602081740/tools/bin/../lib/gcc/arm-none-eabi/14.3.1/thumb/v8-m.main+dp/hard/crtn.o
 *(.fini)
 .fini          0x34187464        0x4 C:/ST/STM32CubeIDE_1.19.0/STM32CubeIDE/plugins/com.st.stm32cube.ide.mcu.externaltools.gnu-tools-for-stm32.14.3.rel1.win32_1.0.100.202602081740/tools/bin/../lib/gcc/arm-none-eabi/14.3.1/thumb/v8-m.main+dp/hard/crti.o
                0x34187464                _fini
 .fini          0x34187468        0x8 C:/ST/STM32CubeIDE_1.19.0/STM32CubeIDE/plugins/com.st.stm32cube.ide.mcu.externaltools.gnu-tools-for-stm32.14.3.rel1.win32_1.0.100.202602081740/tools/bin/../lib/gcc/arm-none-eabi/14.3.1/thumb/v8-m.main+dp/hard/crtn.o
                0x34187470                        . = ALIGN (0x4)
                0x34187470                        _etext = .

.vfp11_veneer   0x34187470        0x0
 .vfp11_veneer  0x34187470        0x0 linker stubs

.v4_bx          0x34187470        0x0
 .v4_bx         0x34187470        0x0 linker stubs

.iplt           0x34187470        0x0
 .iplt          0x34187470        0x0 C:/ST/STM32CubeIDE_1.19.0/STM32CubeIDE/plugins/com.st.stm32cube.ide.mcu.externaltools.gnu-tools-for-stm32.14.3.rel1.win32_1.0.100.202602081740/tools/bin/../lib/gcc/arm-none-eabi/14.3.1/thumb/v8-m.main+dp/hard/crtbegin.o

.rodata         0x34187470        0x0
                0x34187470                        . = ALIGN (0x4)
 *(.rodata)
 *(.rodata*)
                0x34187470                        . = ALIGN (0x4)

.ARM.extab      0x34187470        0x0
                0x34187470                        . = ALIGN (0x4)
 *(.ARM.extab* .gnu.linkonce.armextab.*)
                0x34187470                        . = ALIGN (0x4)

.ARM            0x34187470        0x0
                0x34187470                        . = ALIGN (0x4)
                0x34187470                        __exidx_start = .
 *(.ARM.exidx*)
                0x34187470                        __exidx_end = .
                0x34187470                        . = ALIGN (0x4)

.preinit_array  0x34187470        0x0
                0x34187470                        . = ALIGN (0x4)
                0x34187470                        PROVIDE (__preinit_array_start = .)
 *(.preinit_array*)
                0x34187470                        PROVIDE (__preinit_array_end = .)
                0x34187470                        . = ALIGN (0x4)

.init_array     0x34187470        0x4
                0x34187470                        . = ALIGN (0x4)
                0x34187470                        PROVIDE (__init_array_start = .)
 *(SORT_BY_NAME(.init_array.*))
 *(.init_array*)
 .init_array    0x34187470        0x4 C:/ST/STM32CubeIDE_1.19.0/STM32CubeIDE/plugins/com.st.stm32cube.ide.mcu.externaltools.gnu-tools-for-stm32.14.3.rel1.win32_1.0.100.202602081740/tools/bin/../lib/gcc/arm-none-eabi/14.3.1/thumb/v8-m.main+dp/hard/crtbegin.o
                0x34187474                        PROVIDE (__init_array_end = .)
                0x34187474                        . = ALIGN (0x4)

.fini_array     0x34187474        0x4
                0x34187474                        . = ALIGN (0x4)
                [!provide]                        PROVIDE (__fini_array_start = .)
 *(SORT_BY_NAME(.fini_array.*))
 *(.fini_array*)
 .fini_array    0x34187474        0x4 C:/ST/STM32CubeIDE_1.19.0/STM32CubeIDE/plugins/com.st.stm32cube.ide.mcu.externaltools.gnu-tools-for-stm32.14.3.rel1.win32_1.0.100.202602081740/tools/bin/../lib/gcc/arm-none-eabi/14.3.1/thumb/v8-m.main+dp/hard/crtbegin.o
                [!provide]                        PROVIDE (__fini_array_end = .)
                0x34187478                        . = ALIGN (0x4)
                0x34187478                        _sidata = LOADADDR (.data)

.rel.dyn        0x34187478        0x0
 .rel.iplt      0x34187478        0x0 C:/ST/STM32CubeIDE_1.19.0/STM32CubeIDE/plugins/com.st.stm32cube.ide.mcu.externaltools.gnu-tools-for-stm32.14.3.rel1.win32_1.0.100.202602081740/tools/bin/../lib/gcc/arm-none-eabi/14.3.1/thumb/v8-m.main+dp/hard/crtbegin.o

.data           0x341c0000       0xc4 load address 0x34187478
                0x341c0000                        . = ALIGN (0x4)
                0x341c0000                        _sdata = .
 *(.data)
 *(.data*)
 .data.aTxBuffer
                0x341c0000       0xa3 ./Application/User/main.o
                0x341c0000                aTxBuffer
 *fill*         0x341c00a3        0x1 
 .data.LED_PIN  0x341c00a4        0x6 ./Drivers/BSP/STM32N6xx_Nucleo/stm32n6xx_nucleo.o
 *fill*         0x341c00aa        0x2 
 .data.LED_PORT
                0x341c00ac        0xc ./Drivers/BSP/STM32N6xx_Nucleo/stm32n6xx_nucleo.o
 .data.SystemCoreClock
                0x341c00b8        0x4 ./Drivers/CMSIS/system_stm32n6xx_fsbl.o
                0x341c00b8                SystemCoreClock
 .data.uwTickPrio
                0x341c00bc        0x4 ./Drivers/STM32N6xx_HAL_Driver/stm32n6xx_hal.o
                0x341c00bc                uwTickPrio
 .data.uwTickFreq
                0x341c00c0        0x1 ./Drivers/STM32N6xx_HAL_Driver/stm32n6xx_hal.o
                0x341c00c0                uwTickFreq
                0x341c00c4                        . = ALIGN (0x4)
 *fill*         0x341c00c1        0x3 
                0x341c00c4                        _edata = .

.igot.plt       0x341c00c4        0x0 load address 0x3418753c
 .igot.plt      0x341c00c4        0x0 C:/ST/STM32CubeIDE_1.19.0/STM32CubeIDE/plugins/com.st.stm32cube.ide.mcu.externaltools.gnu-tools-for-stm32.14.3.rel1.win32_1.0.100.202602081740/tools/bin/../lib/gcc/arm-none-eabi/14.3.1/thumb/v8-m.main+dp/hard/crtbegin.o

.noncacheable   0x341c00c4        0x4 load address 0x3418753c
                0x341c00c8                        . = ALIGN (0x8)
 *fill*         0x341c00c4        0x4 
                0x341c00c8                        __snoncacheable = .
 *(.noncacheable)
                0x341c00c8                        . = ALIGN (0x8)
                0x341c00c8                        __enoncacheable = .

.gnu.sgstubs    0x34187540       0x20
                0x34187540                        . = ALIGN (0x4)
 *(.gnu.sgstubs*)
                0x34187540                        . = ALIGN (0x4)
 .gnu.sgstubs.__stub
                0x34187540        0x8 linker stubs
                0x34187540                SECURE_SystemCoreClockUpdate
                0x34187548                        . = ALIGN (0x4)

.bss            0x341c00c8      0x118
                0x341c00c8                        _sbss = .
                0x341c00c8                        __bss_start__ = _sbss
 *(.bss)
 .bss           0x341c00c8       0x1c C:/ST/STM32CubeIDE_1.19.0/STM32CubeIDE/plugins/com.st.stm32cube.ide.mcu.externaltools.gnu-tools-for-stm32.14.3.rel1.win32_1.0.100.202602081740/tools/bin/../lib/gcc/arm-none-eabi/14.3.1/thumb/v8-m.main+dp/hard/crtbegin.o
 *(.bss*)
 .bss.hi2c1     0x341c00e4       0x54 ./Application/User/main.o
                0x341c00e4                hi2c1
 .bss.aRxBuffer
                0x341c0138       0xa2 ./Application/User/main.o
                0x341c0138                aRxBuffer
 *fill*         0x341c01da        0x2 
 .bss.uwTick    0x341c01dc        0x4 ./Drivers/STM32N6xx_HAL_Driver/stm32n6xx_hal.o
                0x341c01dc                uwTick
 *(COMMON)
                0x341c01e0                        . = ALIGN (0x4)
                0x341c01e0                        _ebss = .
                0x341c01e0                        __bss_end__ = _ebss

._user_heap_stack
                0x341c01e0      0xa00
                0x341c01e0                        . = ALIGN (0x8)
                [!provide]                        PROVIDE (end = .)
                0x341c01e0                        PROVIDE (_end = .)
                0x341c03e0                        . = (. + _Min_Heap_Size)
 *fill*         0x341c01e0      0x200 
                0x341c0be0                        . = (. + _Min_Stack_Size)
 *fill*         0x341c03e0      0x800 
                0x341c0be0                        . = ALIGN (0x8)

/DISCARD/
 libc.a(*)
 libm.a(*)
 libgcc.a(*)

.ARM.attributes
                0x00000000       0x3a
 *(.ARM.attributes)
 .ARM.attributes
                0x00000000       0x24 C:/ST/STM32CubeIDE_1.19.0/STM32CubeIDE/plugins/com.st.stm32cube.ide.mcu.externaltools.gnu-tools-for-stm32.14.3.rel1.win32_1.0.100.202602081740/tools/bin/../lib/gcc/arm-none-eabi/14.3.1/thumb/v8-m.main+dp/hard/crti.o
 .ARM.attributes
                0x00000024       0x36 C:/ST/STM32CubeIDE_1.19.0/STM32CubeIDE/plugins/com.st.stm32cube.ide.mcu.externaltools.gnu-tools-for-stm32.14.3.rel1.win32_1.0.100.202602081740/tools/bin/../lib/gcc/arm-none-eabi/14.3.1/thumb/v8-m.main+dp/hard/crtbegin.o
 .ARM.attributes
                0x0000005a       0x22 ./Application/Startup/startup_stm32n657x0hxq_fsbl.o
 .ARM.attributes
                0x0000007c       0x3e ./Application/User/main.o
 .ARM.attributes
                0x000000ba       0x3e ./Application/User/stm32n6xx_hal_msp.o
 .ARM.attributes
                0x000000f8       0x3e ./Application/User/stm32n6xx_it.o
 .ARM.attributes
                0x00000136       0x3e ./Drivers/BSP/STM32N6xx_Nucleo/stm32n6xx_nucleo.o
 .ARM.attributes
                0x00000174       0x3e ./Drivers/CMSIS/system_stm32n6xx_fsbl.o
 .ARM.attributes
                0x000001b2       0x3e ./Drivers/STM32N6xx_HAL_Driver/stm32n6xx_hal.o
 .ARM.attributes
                0x000001f0       0x3e ./Drivers/STM32N6xx_HAL_Driver/stm32n6xx_hal_cortex.o
 .ARM.attributes
                0x0000022e       0x3e ./Drivers/STM32N6xx_HAL_Driver/stm32n6xx_hal_gpio.o
 .ARM.attributes
                0x0000026c       0x3e ./Drivers/STM32N6xx_HAL_Driver/stm32n6xx_hal_i2c.o
 .ARM.attributes
                0x000002aa       0x3e ./Drivers/STM32N6xx_HAL_Driver/stm32n6xx_hal_i2c_ex.o
 .ARM.attributes
                0x000002e8       0x3e ./Drivers/STM32N6xx_HAL_Driver/stm32n6xx_hal_pwr_ex.o
 .ARM.attributes
                0x00000326       0x3e ./Drivers/STM32N6xx_HAL_Driver/stm32n6xx_hal_rcc.o
 .ARM.attributes
                0x00000364       0x3e ./Drivers/STM32N6xx_HAL_Driver/stm32n6xx_hal_rcc_ex.o
 .ARM.attributes
                0x000003a2       0x36 C:/ST/STM32CubeIDE_1.19.0/STM32CubeIDE/plugins/com.st.stm32cube.ide.mcu.externaltools.gnu-tools-for-stm32.14.3.rel1.win32_1.0.100.202602081740/tools/bin/../lib/gcc/arm-none-eabi/14.3.1/../../../../arm-none-eabi/lib/thumb/v8-m.main+dp/hard\libc_nano.a(libc_a-memset.o)
 .ARM.attributes
                0x000003d8       0x36 C:/ST/STM32CubeIDE_1.19.0/STM32CubeIDE/plugins/com.st.stm32cube.ide.mcu.externaltools.gnu-tools-for-stm32.14.3.rel1.win32_1.0.100.202602081740/tools/bin/../lib/gcc/arm-none-eabi/14.3.1/../../../../arm-none-eabi/lib/thumb/v8-m.main+dp/hard\libc_nano.a(libc_a-init.o)
 .ARM.attributes
                0x0000040e       0x24 C:/ST/STM32CubeIDE_1.19.0/STM32CubeIDE/plugins/com.st.stm32cube.ide.mcu.externaltools.gnu-tools-for-stm32.14.3.rel1.win32_1.0.100.202602081740/tools/bin/../lib/gcc/arm-none-eabi/14.3.1/thumb/v8-m.main+dp/hard/crtn.o
OUTPUT(I2C_TwoBoards_ComPolling_FSBL.elf elf32-littlearm)
LOAD linker stubs
LOAD C:/ST/STM32CubeIDE_1.19.0/STM32CubeIDE/plugins/com.st.stm32cube.ide.mcu.externaltools.gnu-tools-for-stm32.14.3.rel1.win32_1.0.100.202602081740/tools/bin/../lib/gcc/arm-none-eabi/14.3.1/../../../../arm-none-eabi/lib/thumb/v8-m.main+dp/hard\libc.a
LOAD C:/ST/STM32CubeIDE_1.19.0/STM32CubeIDE/plugins/com.st.stm32cube.ide.mcu.externaltools.gnu-tools-for-stm32.14.3.rel1.win32_1.0.100.202602081740/tools/bin/../lib/gcc/arm-none-eabi/14.3.1/../../../../arm-none-eabi/lib/thumb/v8-m.main+dp/hard\libm.a
LOAD C:/ST/STM32CubeIDE_1.19.0/STM32CubeIDE/plugins/com.st.stm32cube.ide.mcu.externaltools.gnu-tools-for-stm32.14.3.rel1.win32_1.0.100.202602081740/tools/bin/../lib/gcc/arm-none-eabi/14.3.1/thumb/v8-m.main+dp/hard\libgcc.a

.debug_line     0x00000000    0x1443f
 .debug_line    0x00000000       0x7e ./Application/Startup/startup_stm32n657x0hxq_fsbl.o
 .debug_line    0x0000007e      0xda6 ./Application/User/main.o
 .debug_line    0x00000e24      0xb9b ./Application/User/stm32n6xx_hal_msp.o
 .debug_line    0x000019bf      0xb9d ./Application/User/stm32n6xx_it.o
 .debug_line    0x0000255c      0xcaf ./Drivers/BSP/STM32N6xx_Nucleo/stm32n6xx_nucleo.o
 .debug_line    0x0000320b      0xd19 ./Drivers/CMSIS/system_stm32n6xx_fsbl.o
 .debug_line    0x00003f24     0x17af ./Drivers/STM32N6xx_HAL_Driver/stm32n6xx_hal.o
 .debug_line    0x000056d3     0x1152 ./Drivers/STM32N6xx_HAL_Driver/stm32n6xx_hal_cortex.o
 .debug_line    0x00006825     0x11d4 ./Drivers/STM32N6xx_HAL_Driver/stm32n6xx_hal_gpio.o
 .debug_line    0x000079f9     0x3d22 ./Drivers/STM32N6xx_HAL_Driver/stm32n6xx_hal_i2c.o
 .debug_line    0x0000b71b      0xba5 ./Drivers/STM32N6xx_HAL_Driver/stm32n6xx_hal_i2c_ex.o
 .debug_line    0x0000c2c0     0x14c6 ./Drivers/STM32N6xx_HAL_Driver/stm32n6xx_hal_pwr_ex.o
 .debug_line    0x0000d786     0x2342 ./Drivers/STM32N6xx_HAL_Driver/stm32n6xx_hal_rcc.o
 .debug_line    0x0000fac8     0x4977 ./Drivers/STM32N6xx_HAL_Driver/stm32n6xx_hal_rcc_ex.o

.debug_line_str
                0x00000000       0xae
 .debug_line_str
                0x00000000       0xae ./Application/Startup/startup_stm32n657x0hxq_fsbl.o

.debug_info     0x00000000    0x15674
 .debug_info    0x00000000       0x30 ./Application/Startup/startup_stm32n657x0hxq_fsbl.o
 .debug_info    0x00000030     0x2355 ./Application/User/main.o
 .debug_info    0x00002385     0x200f ./Application/User/stm32n6xx_hal_msp.o
 .debug_info    0x00004394      0x138 ./Application/User/stm32n6xx_it.o
 .debug_info    0x000044cc     0x1cdf ./Drivers/BSP/STM32N6xx_Nucleo/stm32n6xx_nucleo.o
 .debug_info    0x000061ab     0x1a83 ./Drivers/CMSIS/system_stm32n6xx_fsbl.o
 .debug_info    0x00007c2e     0x27e2 ./Drivers/STM32N6xx_HAL_Driver/stm32n6xx_hal.o
 .debug_info    0x0000a410     0x1490 ./Drivers/STM32N6xx_HAL_Driver/stm32n6xx_hal_cortex.o
 .debug_info    0x0000b8a0      0xafd ./Drivers/STM32N6xx_HAL_Driver/stm32n6xx_hal_gpio.o
 .debug_info    0x0000c39d     0x232e ./Drivers/STM32N6xx_HAL_Driver/stm32n6xx_hal_i2c.o
 .debug_info    0x0000e6cb      0x8ff ./Drivers/STM32N6xx_HAL_Driver/stm32n6xx_hal_i2c_ex.o
 .debug_info    0x0000efca      0xd08 ./Drivers/STM32N6xx_HAL_Driver/stm32n6xx_hal_pwr_ex.o
 .debug_info    0x0000fcd2     0x2161 ./Drivers/STM32N6xx_HAL_Driver/stm32n6xx_hal_rcc.o
 .debug_info    0x00011e33     0x3841 ./Drivers/STM32N6xx_HAL_Driver/stm32n6xx_hal_rcc_ex.o

.debug_abbrev   0x00000000     0x1f74
 .debug_abbrev  0x00000000       0x24 ./Application/Startup/startup_stm32n657x0hxq_fsbl.o
 .debug_abbrev  0x00000024      0x30f ./Application/User/main.o
 .debug_abbrev  0x00000333      0x25e ./Application/User/stm32n6xx_hal_msp.o
 .debug_abbrev  0x00000591       0x73 ./Application/User/stm32n6xx_it.o
 .debug_abbrev  0x00000604      0x2cf ./Drivers/BSP/STM32N6xx_Nucleo/stm32n6xx_nucleo.o
 .debug_abbrev  0x000008d3      0x164 ./Drivers/CMSIS/system_stm32n6xx_fsbl.o
 .debug_abbrev  0x00000a37      0x2bd ./Drivers/STM32N6xx_HAL_Driver/stm32n6xx_hal.o
 .debug_abbrev  0x00000cf4      0x346 ./Drivers/STM32N6xx_HAL_Driver/stm32n6xx_hal_cortex.o
 .debug_abbrev  0x0000103a      0x24d ./Drivers/STM32N6xx_HAL_Driver/stm32n6xx_hal_gpio.o
 .debug_abbrev  0x00001287      0x271 ./Drivers/STM32N6xx_HAL_Driver/stm32n6xx_hal_i2c.o
 .debug_abbrev  0x000014f8      0x1a8 ./Drivers/STM32N6xx_HAL_Driver/stm32n6xx_hal_i2c_ex.o
 .debug_abbrev  0x000016a0      0x265 ./Drivers/STM32N6xx_HAL_Driver/stm32n6xx_hal_pwr_ex.o
 .debug_abbrev  0x00001905      0x36a ./Drivers/STM32N6xx_HAL_Driver/stm32n6xx_hal_rcc.o
 .debug_abbrev  0x00001c6f      0x305 ./Drivers/STM32N6xx_HAL_Driver/stm32n6xx_hal_rcc_ex.o

.debug_aranges  0x00000000     0x1720
 .debug_aranges
                0x00000000       0x28 ./Application/Startup/startup_stm32n657x0hxq_fsbl.o
 .debug_aranges
                0x00000028       0x50 ./Application/User/main.o
 .debug_aranges
                0x00000078       0x48 ./Application/User/stm32n6xx_hal_msp.o
 .debug_aranges
                0x000000c0       0x68 ./Application/User/stm32n6xx_it.o
 .debug_aranges
                0x00000128       0xa0 ./Drivers/BSP/STM32N6xx_Nucleo/stm32n6xx_nucleo.o
 .debug_aranges
                0x000001c8       0x30 ./Drivers/CMSIS/system_stm32n6xx_fsbl.o
 .debug_aranges
                0x000001f8      0x3d0 ./Drivers/STM32N6xx_HAL_Driver/stm32n6xx_hal.o
 .debug_aranges
                0x000005c8      0x178 ./Drivers/STM32N6xx_HAL_Driver/stm32n6xx_hal_cortex.o
 .debug_aranges
                0x00000740       0xa8 ./Drivers/STM32N6xx_HAL_Driver/stm32n6xx_hal_gpio.o
 .debug_aranges
                0x000007e8      0x2a0 ./Drivers/STM32N6xx_HAL_Driver/stm32n6xx_hal_i2c.o
 .debug_aranges
                0x00000a88       0x40 ./Drivers/STM32N6xx_HAL_Driver/stm32n6xx_hal_i2c_ex.o
 .debug_aranges
                0x00000ac8      0x260 ./Drivers/STM32N6xx_HAL_Driver/stm32n6xx_hal_pwr_ex.o
 .debug_aranges
                0x00000d28      0x2a0 ./Drivers/STM32N6xx_HAL_Driver/stm32n6xx_hal_rcc.o
 .debug_aranges
                0x00000fc8      0x758 ./Drivers/STM32N6xx_HAL_Driver/stm32n6xx_hal_rcc_ex.o

.debug_str      0x00000000   0x205cf4
 .debug_str     0x00000000   0x205cf4 ./Application/Startup/startup_stm32n657x0hxq_fsbl.o
                                 0xca (size before relaxing)
 .debug_str     0x00205cf4   0x1ff5e4 ./Application/User/main.o
 .debug_str     0x00205cf4   0x1ff6f8 ./Application/User/stm32n6xx_hal_msp.o
 .debug_str     0x00205cf4   0x1fe014 ./Application/User/stm32n6xx_it.o
 .debug_str     0x00205cf4   0x1ff8b2 ./Drivers/BSP/STM32N6xx_Nucleo/stm32n6xx_nucleo.o
 .debug_str     0x00205cf4   0x1fe55d ./Drivers/CMSIS/system_stm32n6xx_fsbl.o
 .debug_str     0x00205cf4   0x1ffe02 ./Drivers/STM32N6xx_HAL_Driver/stm32n6xx_hal.o
 .debug_str     0x00205cf4   0x1fe8d6 ./Drivers/STM32N6xx_HAL_Driver/stm32n6xx_hal_cortex.o
 .debug_str     0x00205cf4   0x1fdb31 ./Drivers/STM32N6xx_HAL_Driver/stm32n6xx_hal_gpio.o
 .debug_str     0x00205cf4   0x1fecae ./Drivers/STM32N6xx_HAL_Driver/stm32n6xx_hal_i2c.o
 .debug_str     0x00205cf4   0x1fddcf ./Drivers/STM32N6xx_HAL_Driver/stm32n6xx_hal_i2c_ex.o
 .debug_str     0x00205cf4   0x1fe36b ./Drivers/STM32N6xx_HAL_Driver/stm32n6xx_hal_pwr_ex.o
 .debug_str     0x00205cf4   0x1ff03b ./Drivers/STM32N6xx_HAL_Driver/stm32n6xx_hal_rcc.o
 .debug_str     0x00205cf4   0x200030 ./Drivers/STM32N6xx_HAL_Driver/stm32n6xx_hal_rcc_ex.o

.debug_rnglists
                0x00000000     0x1195
 .debug_rnglists
                0x00000000       0x19 ./Application/Startup/startup_stm32n657x0hxq_fsbl.o
 .debug_rnglists
                0x00000019       0x3a ./Application/User/main.o
 .debug_rnglists
                0x00000053       0x32 ./Application/User/stm32n6xx_hal_msp.o
 .debug_rnglists
                0x00000085       0x49 ./Application/User/stm32n6xx_it.o
 .debug_rnglists
                0x000000ce       0x74 ./Drivers/BSP/STM32N6xx_Nucleo/stm32n6xx_nucleo.o
 .debug_rnglists
                0x00000142       0x21 ./Drivers/CMSIS/system_stm32n6xx_fsbl.o
 .debug_rnglists
                0x00000163      0x2da ./Drivers/STM32N6xx_HAL_Driver/stm32n6xx_hal.o
 .debug_rnglists
                0x0000043d      0x115 ./Drivers/STM32N6xx_HAL_Driver/stm32n6xx_hal_cortex.o
 .debug_rnglists
                0x00000552       0x80 ./Drivers/STM32N6xx_HAL_Driver/stm32n6xx_hal_gpio.o
 .debug_rnglists
                0x000005d2      0x228 ./Drivers/STM32N6xx_HAL_Driver/stm32n6xx_hal_i2c.o
 .debug_rnglists
                0x000007fa       0x30 ./Drivers/STM32N6xx_HAL_Driver/stm32n6xx_hal_i2c_ex.o
 .debug_rnglists
                0x0000082a      0x1c9 ./Drivers/STM32N6xx_HAL_Driver/stm32n6xx_hal_pwr_ex.o
 .debug_rnglists
                0x000009f3      0x201 ./Drivers/STM32N6xx_HAL_Driver/stm32n6xx_hal_rcc.o
 .debug_rnglists
                0x00000bf4      0x5a1 ./Drivers/STM32N6xx_HAL_Driver/stm32n6xx_hal_rcc_ex.o

.debug_macro    0x00000000    0x5178b
 .debug_macro   0x00000000      0x2d0 ./Application/User/main.o
 .debug_macro   0x000002d0      0xb5c ./Application/User/main.o
 .debug_macro   0x00000e2c       0x16 ./Application/User/main.o
 .debug_macro   0x00000e42      0x1d3 ./Application/User/main.o
 .debug_macro   0x00001015      0x190 ./Application/User/main.o
 .debug_macro   0x000011a5       0x63 ./Application/User/main.o
 .debug_macro   0x00001208       0x2e ./Application/User/main.o
 .debug_macro   0x00001236       0x6c ./Application/User/main.o
 .debug_macro   0x000012a2       0x22 ./Application/User/main.o
 .debug_macro   0x000012c4       0x8e ./Application/User/main.o
 .debug_macro   0x00001352       0x51 ./Application/User/main.o
 .debug_macro   0x000013a3      0x103 ./Application/User/main.o
 .debug_macro   0x000014a6       0x6a ./Application/User/main.o
 .debug_macro   0x00001510      0x1df ./Application/User/main.o
 .debug_macro   0x000016ef       0x2e ./Application/User/main.o
 .debug_macro   0x0000171d       0x17 ./Application/User/main.o
 .debug_macro   0x00001734       0x58 ./Application/User/main.o
 .debug_macro   0x0000178c      0x26d ./Application/User/main.o
 .debug_macro   0x000019f9       0x3a ./Application/User/main.o
 .debug_macro   0x00001a33     0x2f0c ./Application/User/main.o
 .debug_macro   0x0000493f      0x130 ./Application/User/main.o
 .debug_macro   0x00004a6f      0x344 ./Application/User/main.o
 .debug_macro   0x00004db3      0x146 ./Application/User/main.o
 .debug_macro   0x00004ef9       0x22 ./Application/User/main.o
 .debug_macro   0x00004f1b    0x3e927 ./Application/User/main.o
 .debug_macro   0x00043842       0x6c ./Application/User/main.o
 .debug_macro   0x000438ae     0x3486 ./Application/User/main.o
 .debug_macro   0x00046d34       0x61 ./Application/User/main.o
 .debug_macro   0x00046d95       0x29 ./Application/User/main.o
 .debug_macro   0x00046dbe       0x43 ./Application/User/main.o
 .debug_macro   0x00046e01       0x34 ./Application/User/main.o
 .debug_macro   0x00046e35      0x364 ./Application/User/main.o
 .debug_macro   0x00047199       0x16 ./Application/User/main.o
 .debug_macro   0x000471af       0x4a ./Application/User/main.o
 .debug_macro   0x000471f9       0x34 ./Application/User/main.o
 .debug_macro   0x0004722d       0x10 ./Application/User/main.o
 .debug_macro   0x0004723d       0x58 ./Application/User/main.o
 .debug_macro   0x00047295       0x8e ./Application/User/main.o
 .debug_macro   0x00047323       0x1c ./Application/User/main.o
 .debug_macro   0x0004733f      0x17e ./Application/User/main.o
 .debug_macro   0x000474bd      0x19b ./Application/User/main.o
 .debug_macro   0x00047658       0x72 ./Application/User/main.o
 .debug_macro   0x000476ca      0x47a ./Application/User/main.o
 .debug_macro   0x00047b44     0x10fe ./Application/User/main.o
 .debug_macro   0x00048c42     0x27e2 ./Application/User/main.o
 .debug_macro   0x0004b424      0xfd4 ./Application/User/main.o
 .debug_macro   0x0004c3f8      0x1af ./Application/User/main.o
 .debug_macro   0x0004c5a7      0x2c9 ./Application/User/main.o
 .debug_macro   0x0004c870      0x2c4 ./Application/User/main.o
 .debug_macro   0x0004cb34      0xa36 ./Application/User/main.o
 .debug_macro   0x0004d56a      0x7b2 ./Application/User/main.o
 .debug_macro   0x0004dd1c       0xeb ./Application/User/main.o
 .debug_macro   0x0004de07      0x216 ./Application/User/main.o
 .debug_macro   0x0004e01d      0x36b ./Application/User/main.o
 .debug_macro   0x0004e388      0x22c ./Application/User/main.o
 .debug_macro   0x0004e5b4       0x35 ./Application/User/main.o
 .debug_macro   0x0004e5e9       0xa5 ./Application/User/main.o
 .debug_macro   0x0004e68e      0x303 ./Application/User/main.o
 .debug_macro   0x0004e991      0x46a ./Application/User/main.o
 .debug_macro   0x0004edfb      0x5fb ./Application/User/main.o
 .debug_macro   0x0004f3f6       0x22 ./Application/User/main.o
 .debug_macro   0x0004f418       0xa0 ./Application/User/main.o
 .debug_macro   0x0004f4b8       0xc1 ./Application/User/main.o
 .debug_macro   0x0004f579       0x1c ./Application/User/main.o
 .debug_macro   0x0004f595      0x2d0 ./Application/User/stm32n6xx_hal_msp.o
 .debug_macro   0x0004f865      0x2da ./Application/User/stm32n6xx_it.o
 .debug_macro   0x0004fb3f      0x2c8 ./Drivers/BSP/STM32N6xx_Nucleo/stm32n6xx_nucleo.o
 .debug_macro   0x0004fe07       0x1c ./Drivers/BSP/STM32N6xx_Nucleo/stm32n6xx_nucleo.o
 .debug_macro   0x0004fe23      0x2b4 ./Drivers/CMSIS/system_stm32n6xx_fsbl.o
 .debug_macro   0x000500d7      0x2a7 ./Drivers/STM32N6xx_HAL_Driver/stm32n6xx_hal.o
 .debug_macro   0x0005037e      0x2a2 ./Drivers/STM32N6xx_HAL_Driver/stm32n6xx_hal_cortex.o
 .debug_macro   0x00050620      0x2a8 ./Drivers/STM32N6xx_HAL_Driver/stm32n6xx_hal_gpio.o
 .debug_macro   0x000508c8      0x36d ./Drivers/STM32N6xx_HAL_Driver/stm32n6xx_hal_i2c.o
 .debug_macro   0x00050c35      0x2a1 ./Drivers/STM32N6xx_HAL_Driver/stm32n6xx_hal_i2c_ex.o
 .debug_macro   0x00050ed6      0x2ef ./Drivers/STM32N6xx_HAL_Driver/stm32n6xx_hal_pwr_ex.o
 .debug_macro   0x000511c5      0x325 ./Drivers/STM32N6xx_HAL_Driver/stm32n6xx_hal_rcc.o
 .debug_macro   0x000514ea      0x2a1 ./Drivers/STM32N6xx_HAL_Driver/stm32n6xx_hal_rcc_ex.o

.comment        0x00000000       0x43
 .comment       0x00000000       0x43 ./Application/User/main.o
                                 0x44 (size before relaxing)
 .comment       0x00000043       0x44 ./Application/User/stm32n6xx_hal_msp.o
 .comment       0x00000043       0x44 ./Application/User/stm32n6xx_it.o
 .comment       0x00000043       0x44 ./Drivers/BSP/STM32N6xx_Nucleo/stm32n6xx_nucleo.o
 .comment       0x00000043       0x44 ./Drivers/CMSIS/system_stm32n6xx_fsbl.o
 .comment       0x00000043       0x44 ./Drivers/STM32N6xx_HAL_Driver/stm32n6xx_hal.o
 .comment       0x00000043       0x44 ./Drivers/STM32N6xx_HAL_Driver/stm32n6xx_hal_cortex.o
 .comment       0x00000043       0x44 ./Drivers/STM32N6xx_HAL_Driver/stm32n6xx_hal_gpio.o
 .comment       0x00000043       0x44 ./Drivers/STM32N6xx_HAL_Driver/stm32n6xx_hal_i2c.o
 .comment       0x00000043       0x44 ./Drivers/STM32N6xx_HAL_Driver/stm32n6xx_hal_i2c_ex.o
 .comment       0x00000043       0x44 ./Drivers/STM32N6xx_HAL_Driver/stm32n6xx_hal_pwr_ex.o
 .comment       0x00000043       0x44 ./Drivers/STM32N6xx_HAL_Driver/stm32n6xx_hal_rcc.o
 .comment       0x00000043       0x44 ./Drivers/STM32N6xx_HAL_Driver/stm32n6xx_hal_rcc_ex.o

.debug_frame    0x00000000     0x5930
 .debug_frame   0x00000000       0xf4 ./Application/User/main.o
 .debug_frame   0x000000f4       0xe4 ./Application/User/stm32n6xx_hal_msp.o
 .debug_frame   0x000001d8      0x110 ./Application/User/stm32n6xx_it.o
 .debug_frame   0x000002e8      0x254 ./Drivers/BSP/STM32N6xx_Nucleo/stm32n6xx_nucleo.o
 .debug_frame   0x0000053c       0x7c ./Drivers/CMSIS/system_stm32n6xx_fsbl.o
 .debug_frame   0x000005b8      0xeac ./Drivers/STM32N6xx_HAL_Driver/stm32n6xx_hal.o
 .debug_frame   0x00001464      0x5f4 ./Drivers/STM32N6xx_HAL_Driver/stm32n6xx_hal_cortex.o
 .debug_frame   0x00001a58      0x298 ./Drivers/STM32N6xx_HAL_Driver/stm32n6xx_hal_gpio.o
 .debug_frame   0x00001cf0      0xbf4 ./Drivers/STM32N6xx_HAL_Driver/stm32n6xx_hal_i2c.o
 .debug_frame   0x000028e4       0xc4 ./Drivers/STM32N6xx_HAL_Driver/stm32n6xx_hal_i2c_ex.o
 .debug_frame   0x000029a8      0x874 ./Drivers/STM32N6xx_HAL_Driver/stm32n6xx_hal_pwr_ex.o
 .debug_frame   0x0000321c      0x9d0 ./Drivers/STM32N6xx_HAL_Driver/stm32n6xx_hal_rcc.o
 .debug_frame   0x00003bec     0x1cf8 ./Drivers/STM32N6xx_HAL_Driver/stm32n6xx_hal_rcc_ex.o
 .debug_frame   0x000058e4       0x20 C:/ST/STM32CubeIDE_1.19.0/STM32CubeIDE/plugins/com.st.stm32cube.ide.mcu.externaltools.gnu-tools-for-stm32.14.3.rel1.win32_1.0.100.202602081740/tools/bin/../lib/gcc/arm-none-eabi/14.3.1/../../../../arm-none-eabi/lib/thumb/v8-m.main+dp/hard\libc_nano.a(libc_a-memset.o)
 .debug_frame   0x00005904       0x2c C:/ST/STM32CubeIDE_1.19.0/STM32CubeIDE/plugins/com.st.stm32cube.ide.mcu.externaltools.gnu-tools-for-stm32.14.3.rel1.win32_1.0.100.202602081740/tools/bin/../lib/gcc/arm-none-eabi/14.3.1/../../../../arm-none-eabi/lib/thumb/v8-m.main+dp/hard\libc_nano.a(libc_a-init.o)
