../../../../../../../../Drivers/STM32N6xx_HAL_Driver/Inc/stm32n6xx_ll_bus.h:1407:22:LL_AHB4_GRP1_EnableClock	24	static
D:/dev/AI/Samples/stm/STM32CubeN6/Projects/NUCLEO-N657X0-Q/Examples/I2C/I2C_TwoBoards_MultiMasterIT_Slave/FSBL/Src/main.c:73:5:main	8	static,ignoring_inline_asm
D:/dev/AI/Samples/stm/STM32CubeN6/Projects/NUCLEO-N657X0-Q/Examples/I2C/I2C_TwoBoards_MultiMasterIT_Slave/FSBL/Src/main.c:144:6:SystemClock_Config	224	static
D:/dev/AI/Samples/stm/STM32CubeN6/Projects/NUCLEO-N657X0-Q/Examples/I2C/I2C_TwoBoards_MultiMasterIT_Slave/FSBL/Src/main.c:246:13:MX_I2C1_Init	8	static
D:/dev/AI/Samples/stm/STM32CubeN6/Projects/NUCLEO-N657X0-Q/Examples/I2C/I2C_TwoBoards_MultiMasterIT_Slave/FSBL/Src/main.c:301:13:MX_GPIO_Init	8	static
D:/dev/AI/Samples/stm/STM32CubeN6/Projects/NUCLEO-N657X0-Q/Examples/I2C/I2C_TwoBoards_MultiMasterIT_Slave/FSBL/Src/main.c:321:6:HAL_I2C_SlaveRxCpltCallback	16	static
D:/dev/AI/Samples/stm/STM32CubeN6/Projects/NUCLEO-N657X0-Q/Examples/I2C/I2C_TwoBoards_MultiMasterIT_Slave/FSBL/Src/main.c:344:7:HAL_I2C_ErrorCallback	16	static
D:/dev/AI/Samples/stm/STM32CubeN6/Projects/NUCLEO-N657X0-Q/Examples/I2C/I2C_TwoBoards_MultiMasterIT_Slave/FSBL/Src/main.c:369:6:Error_Handler	8	static,ignoring_inline_asm
